../Drivers/BSP/stm32h735g_discovery_ts.c:131:9:BSP_TS_Init	40	static
../Drivers/BSP/stm32h735g_discovery_ts.c:188:9:BSP_TS_DeInit	24	static
../Drivers/BSP/stm32h735g_discovery_ts.c:213:9:BSP_TS_GetCapabilities	24	static
../Drivers/BSP/stm32h735g_discovery_ts.c:234:9:BSP_TS_EnableIT	40	static
../Drivers/BSP/stm32h735g_discovery_ts.c:284:9:BSP_TS_DisableIT	40	static
../Drivers/BSP/stm32h735g_discovery_ts.c:316:6:BSP_TS_IRQHandler	16	static
../Drivers/BSP/stm32h735g_discovery_ts.c:325:13:BSP_TS_Callback	16	static
../Drivers/BSP/stm32h735g_discovery_ts.c:337:9:BSP_TS_GetState	48	static
../Drivers/BSP/stm32h735g_discovery_ts.c:423:9:BSP_TS_Get_MultiTouchState	88	static
../Drivers/BSP/stm32h735g_discovery_ts.c:521:9:BSP_TS_GestureConfig	24	static
../Drivers/BSP/stm32h735g_discovery_ts.c:546:9:BSP_TS_GetGestureId	24	static
../Drivers/BSP/stm32h735g_discovery_ts.c:601:9:BSP_TS_Set_Orientation	16	static
../Drivers/BSP/stm32h735g_discovery_ts.c:613:9:BSP_TS_Get_Orientation	16	static
../Drivers/BSP/stm32h735g_discovery_ts.c:631:9:GT911_Probe	48	static
../Drivers/BSP/stm32h735g_discovery_ts.c:677:9:FT5336_Probe	48	static
../Drivers/BSP/stm32h735g_discovery_ts.c:722:13:TS_EXTI_Callback	8	static
