../Drivers/BSP/stm32h735g_discovery_ospi.c:165:9:BSP_OSPI_NOR_Init	88	static,ignoring_inline_asm
../Drivers/BSP/stm32h735g_discovery_ospi.c:250:9:BSP_OSPI_NOR_DeInit	24	static
../Drivers/BSP/stm32h735g_discovery_ospi.c:296:26:MX_OSPI_NOR_Init	16	static
../Drivers/BSP/stm32h735g_discovery_ospi.c:407:9:BSP_OSPI_NOR_Read	40	static
../Drivers/BSP/stm32h735g_discovery_ospi.c:447:9:BSP_OSPI_NOR_Write	56	static
../Drivers/BSP/stm32h735g_discovery_ospi.c:540:9:BSP_OSPI_NOR_Erase_Block	40	static
../Drivers/BSP/stm32h735g_discovery_ospi.c:587:9:BSP_OSPI_NOR_Erase_Chip	24	static
../Drivers/BSP/stm32h735g_discovery_ospi.c:629:9:BSP_OSPI_NOR_GetStatus	24	static
../Drivers/BSP/stm32h735g_discovery_ospi.c:679:9:BSP_OSPI_NOR_GetInfo	24	static
../Drivers/BSP/stm32h735g_discovery_ospi.c:702:9:BSP_OSPI_NOR_EnableMemoryMappedMode	24	static
../Drivers/BSP/stm32h735g_discovery_ospi.c:749:9:BSP_OSPI_NOR_DisableMemoryMappedMode	24	static
../Drivers/BSP/stm32h735g_discovery_ospi.c:786:9:BSP_OSPI_NOR_ReadID	24	static
../Drivers/BSP/stm32h735g_discovery_ospi.c:818:9:BSP_OSPI_NOR_ConfigFlash	24	static
../Drivers/BSP/stm32h735g_discovery_ospi.c:900:9:BSP_OSPI_NOR_SuspendErase	24	static
../Drivers/BSP/stm32h735g_discovery_ospi.c:937:9:BSP_OSPI_NOR_ResumeErase	24	static
../Drivers/BSP/stm32h735g_discovery_ospi.c:988:9:BSP_OSPI_RAM_Init	48	static,ignoring_inline_asm
../Drivers/BSP/stm32h735g_discovery_ospi.c:1057:9:BSP_OSPI_RAM_DeInit	24	static
../Drivers/BSP/stm32h735g_discovery_ospi.c:1108:26:MX_OSPI_ClockConfig	200	static
../Drivers/BSP/stm32h735g_discovery_ospi.c:1138:26:MX_OSPI_RAM_Init	40	static
../Drivers/BSP/stm32h735g_discovery_ospi.c:1255:9:BSP_OSPI_RAM_Read	32	static
../Drivers/BSP/stm32h735g_discovery_ospi.c:1288:9:BSP_OSPI_RAM_Read_DMA	32	static
../Drivers/BSP/stm32h735g_discovery_ospi.c:1321:9:BSP_OSPI_RAM_Write	32	static
../Drivers/BSP/stm32h735g_discovery_ospi.c:1354:9:BSP_OSPI_RAM_Write_DMA	32	static
../Drivers/BSP/stm32h735g_discovery_ospi.c:1384:9:BSP_OSPI_RAM_EnableMemoryMappedMode	24	static
../Drivers/BSP/stm32h735g_discovery_ospi.c:1415:9:BSP_OSPI_RAM_DisableMemoryMappedMode	24	static
../Drivers/BSP/stm32h735g_discovery_ospi.c:1456:9:BSP_OSPI_RAM_ConfigHyperRAM	48	static
../Drivers/BSP/stm32h735g_discovery_ospi.c:1594:6:BSP_OSPI_RAM_DMA_IRQHandler	16	static
../Drivers/BSP/stm32h735g_discovery_ospi.c:1604:6:BSP_OSPI_RAM_IRQHandler	16	static
../Drivers/BSP/stm32h735g_discovery_ospi.c:1621:13:OSPI_NOR_MspInit	88	static
../Drivers/BSP/stm32h735g_discovery_ospi.c:1714:13:OSPI_NOR_MspDeInit	16	static
../Drivers/BSP/stm32h735g_discovery_ospi.c:1745:16:OSPI_NOR_ResetMemory	24	static
../Drivers/BSP/stm32h735g_discovery_ospi.c:1803:16:OSPI_NOR_EnterDOPIMode	32	static
../Drivers/BSP/stm32h735g_discovery_ospi.c:1880:16:OSPI_NOR_EnterSOPIMode	32	static
../Drivers/BSP/stm32h735g_discovery_ospi.c:1950:16:OSPI_NOR_ExitOPIMode	32	static
../Drivers/BSP/stm32h735g_discovery_ospi.c:2032:13:OSPI_RAM_MspInit	88	static
../Drivers/BSP/stm32h735g_discovery_ospi.c:2149:13:OSPI_RAM_MspDeInit	16	static
