../Drivers/BSP/stm32h735g_discovery.c:107:9:BSP_GetVersion	4	static
../Drivers/BSP/stm32h735g_discovery.c:120:9:BSP_LED_Init	48	static
../Drivers/BSP/stm32h735g_discovery.c:160:9:BSP_LED_DeInit	40	static
../Drivers/BSP/stm32h735g_discovery.c:181:9:BSP_LED_On	24	static
../Drivers/BSP/stm32h735g_discovery.c:197:9:BSP_LED_Off	24	static
../Drivers/BSP/stm32h735g_discovery.c:212:9:BSP_LED_Toggle	24	static
../Drivers/BSP/stm32h735g_discovery.c:227:9:BSP_LED_GetState	24	static
../Drivers/BSP/stm32h735g_discovery.c:246:9:BSP_PB_Init	40	static
../Drivers/BSP/stm32h735g_discovery.c:289:9:BSP_PB_DeInit	40	static
../Drivers/BSP/stm32h735g_discovery.c:307:9:BSP_PB_GetState	16	static
../Drivers/BSP/stm32h735g_discovery.c:317:6:BSP_PB_IRQHandler	16	static
../Drivers/BSP/stm32h735g_discovery.c:326:13:BUTTON_USER_EXTI_Callback	8	static
../Drivers/BSP/stm32h735g_discovery.c:336:13:BSP_PB_Callback	16	static
