Archive member included to satisfy reference by file (symbol)

C:\Users\Admin\GitHub\Microcontroller2\PlsWork\Drivers\Middleware\Lib\libPDMFilter_CM7_GCC_wc32.a(pdm_filter.o)
                              ./Drivers/BSP/stm32h735g_discovery_audio.o (PDM_Filter_Init)
C:/ST/STM32CubeIDE_1.18.1/STM32CubeIDE/plugins/com.st.stm32cube.ide.mcu.externaltools.gnu-tools-for-stm32.13.3.rel1.win32_1.0.0.202411081344/tools/bin/../lib/gcc/arm-none-eabi/13.3.1/../../../../arm-none-eabi/lib/thumb/v7e-m+dp/hard\libc_nano.a(libc_a-exit.o)
                              C:/ST/STM32CubeIDE_1.18.1/STM32CubeIDE/plugins/com.st.stm32cube.ide.mcu.externaltools.gnu-tools-for-stm32.13.3.rel1.win32_1.0.0.202411081344/tools/bin/../lib/gcc/arm-none-eabi/13.3.1/../../../../arm-none-eabi/lib/thumb/v7e-m+dp/hard/crt0.o (exit)
C:/ST/STM32CubeIDE_1.18.1/STM32CubeIDE/plugins/com.st.stm32cube.ide.mcu.externaltools.gnu-tools-for-stm32.13.3.rel1.win32_1.0.0.202411081344/tools/bin/../lib/gcc/arm-none-eabi/13.3.1/../../../../arm-none-eabi/lib/thumb/v7e-m+dp/hard\libc_nano.a(libc_a-findfp.o)
                              C:/ST/STM32CubeIDE_1.18.1/STM32CubeIDE/plugins/com.st.stm32cube.ide.mcu.externaltools.gnu-tools-for-stm32.13.3.rel1.win32_1.0.0.202411081344/tools/bin/../lib/gcc/arm-none-eabi/13.3.1/../../../../arm-none-eabi/lib/thumb/v7e-m+dp/hard\libc_nano.a(libc_a-exit.o) (__stdio_exit_handler)
C:/ST/STM32CubeIDE_1.18.1/STM32CubeIDE/plugins/com.st.stm32cube.ide.mcu.externaltools.gnu-tools-for-stm32.13.3.rel1.win32_1.0.0.202411081344/tools/bin/../lib/gcc/arm-none-eabi/13.3.1/../../../../arm-none-eabi/lib/thumb/v7e-m+dp/hard\libc_nano.a(libc_a-fwalk.o)
                              C:/ST/STM32CubeIDE_1.18.1/STM32CubeIDE/plugins/com.st.stm32cube.ide.mcu.externaltools.gnu-tools-for-stm32.13.3.rel1.win32_1.0.0.202411081344/tools/bin/../lib/gcc/arm-none-eabi/13.3.1/../../../../arm-none-eabi/lib/thumb/v7e-m+dp/hard\libc_nano.a(libc_a-findfp.o) (_fwalk_sglue)
C:/ST/STM32CubeIDE_1.18.1/STM32CubeIDE/plugins/com.st.stm32cube.ide.mcu.externaltools.gnu-tools-for-stm32.13.3.rel1.win32_1.0.0.202411081344/tools/bin/../lib/gcc/arm-none-eabi/13.3.1/../../../../arm-none-eabi/lib/thumb/v7e-m+dp/hard\libc_nano.a(libc_a-stdio.o)
                              C:/ST/STM32CubeIDE_1.18.1/STM32CubeIDE/plugins/com.st.stm32cube.ide.mcu.externaltools.gnu-tools-for-stm32.13.3.rel1.win32_1.0.0.202411081344/tools/bin/../lib/gcc/arm-none-eabi/13.3.1/../../../../arm-none-eabi/lib/thumb/v7e-m+dp/hard\libc_nano.a(libc_a-findfp.o) (__sread)
C:/ST/STM32CubeIDE_1.18.1/STM32CubeIDE/plugins/com.st.stm32cube.ide.mcu.externaltools.gnu-tools-for-stm32.13.3.rel1.win32_1.0.0.202411081344/tools/bin/../lib/gcc/arm-none-eabi/13.3.1/../../../../arm-none-eabi/lib/thumb/v7e-m+dp/hard\libc_nano.a(libc_a-memset.o)
                              C:/ST/STM32CubeIDE_1.18.1/STM32CubeIDE/plugins/com.st.stm32cube.ide.mcu.externaltools.gnu-tools-for-stm32.13.3.rel1.win32_1.0.0.202411081344/tools/bin/../lib/gcc/arm-none-eabi/13.3.1/../../../../arm-none-eabi/lib/thumb/v7e-m+dp/hard/crt0.o (memset)
C:/ST/STM32CubeIDE_1.18.1/STM32CubeIDE/plugins/com.st.stm32cube.ide.mcu.externaltools.gnu-tools-for-stm32.13.3.rel1.win32_1.0.0.202411081344/tools/bin/../lib/gcc/arm-none-eabi/13.3.1/../../../../arm-none-eabi/lib/thumb/v7e-m+dp/hard\libc_nano.a(libc_a-closer.o)
                              C:/ST/STM32CubeIDE_1.18.1/STM32CubeIDE/plugins/com.st.stm32cube.ide.mcu.externaltools.gnu-tools-for-stm32.13.3.rel1.win32_1.0.0.202411081344/tools/bin/../lib/gcc/arm-none-eabi/13.3.1/../../../../arm-none-eabi/lib/thumb/v7e-m+dp/hard\libc_nano.a(libc_a-stdio.o) (_close_r)
C:/ST/STM32CubeIDE_1.18.1/STM32CubeIDE/plugins/com.st.stm32cube.ide.mcu.externaltools.gnu-tools-for-stm32.13.3.rel1.win32_1.0.0.202411081344/tools/bin/../lib/gcc/arm-none-eabi/13.3.1/../../../../arm-none-eabi/lib/thumb/v7e-m+dp/hard\libc_nano.a(libc_a-reent.o)
                              C:/ST/STM32CubeIDE_1.18.1/STM32CubeIDE/plugins/com.st.stm32cube.ide.mcu.externaltools.gnu-tools-for-stm32.13.3.rel1.win32_1.0.0.202411081344/tools/bin/../lib/gcc/arm-none-eabi/13.3.1/../../../../arm-none-eabi/lib/thumb/v7e-m+dp/hard\libc_nano.a(libc_a-closer.o) (errno)
C:/ST/STM32CubeIDE_1.18.1/STM32CubeIDE/plugins/com.st.stm32cube.ide.mcu.externaltools.gnu-tools-for-stm32.13.3.rel1.win32_1.0.0.202411081344/tools/bin/../lib/gcc/arm-none-eabi/13.3.1/../../../../arm-none-eabi/lib/thumb/v7e-m+dp/hard\libc_nano.a(libc_a-impure.o)
                              C:/ST/STM32CubeIDE_1.18.1/STM32CubeIDE/plugins/com.st.stm32cube.ide.mcu.externaltools.gnu-tools-for-stm32.13.3.rel1.win32_1.0.0.202411081344/tools/bin/../lib/gcc/arm-none-eabi/13.3.1/../../../../arm-none-eabi/lib/thumb/v7e-m+dp/hard\libc_nano.a(libc_a-reent.o) (_impure_ptr)
[...]
Memory Configuration

Name             Origin             Length             Attributes
ITCMRAM          0x00000000         0x00010000         xrw
DTCMRAM          0x20000000         0x00020000         xrw
FLASH            0x08000000         0x00100000         xr
RAM_D1           0x24000000         0x00050000         xrw
RAM_D2           0x30000000         0x00008000         xrw
RAM_D3           0x38000000         0x00004000         xrw
*default*        0x00000000         0xffffffff

Linker script and memory map

LOAD C:/ST/STM32CubeIDE_1.18.1/STM32CubeIDE/plugins/com.st.stm32cube.ide.mcu.externaltools.gnu-tools-for-stm32.13.3.rel1.win32_1.0.0.202411081344/tools/bin/../lib/gcc/arm-none-eabi/13.3.1/thumb/v7e-m+dp/hard/crti.o
LOAD C:/ST/STM32CubeIDE_1.18.1/STM32CubeIDE/plugins/com.st.stm32cube.ide.mcu.externaltools.gnu-tools-for-stm32.13.3.rel1.win32_1.0.0.202411081344/tools/bin/../lib/gcc/arm-none-eabi/13.3.1/thumb/v7e-m+dp/hard/crtbegin.o
LOAD C:/ST/STM32CubeIDE_1.18.1/STM32CubeIDE/plugins/com.st.stm32cube.ide.mcu.externaltools.gnu-tools-for-stm32.13.3.rel1.win32_1.0.0.202411081344/tools/bin/../lib/gcc/arm-none-eabi/13.3.1/../../../../arm-none-eabi/lib/thumb/v7e-m+dp/hard/crt0.o
LOAD ./Core/Src/display.o
LOAD ./Core/Src/gpio.o
LOAD ./Core/Src/main.o
LOAD ./Core/Src/octospi.o
LOAD ./Core/Src/sound.o
LOAD ./Core/Src/state.o
LOAD ./Core/Src/stm32h7xx_hal_msp.o
LOAD ./Core/Src/stm32h7xx_it.o
LOAD ./Core/Src/syscalls.o
LOAD ./Core/Src/sysmem.o
LOAD ./Core/Src/system_stm32h7xx.o
LOAD ./Core/Src/touchscreen.o
LOAD ./Core/Startup/startup_stm32h735igkx.o
LOAD ./Drivers/BSP/Components/ft5336/ft5336.o
LOAD ./Drivers/BSP/Components/ft5336/ft5336_reg.o
LOAD ./Drivers/BSP/Components/gt911/gt911.o
LOAD ./Drivers/BSP/Components/gt911/gt911_reg.o
LOAD ./Drivers/BSP/Components/mx25lm51245g/mx25lm51245g.o
LOAD ./Drivers/BSP/Components/s70kl1281/s70kl1281.o
LOAD ./Drivers/BSP/Components/wm8994/wm8994.o
LOAD ./Drivers/BSP/Components/wm8994/wm8994_reg.o
LOAD ./Drivers/BSP/stm32h735g_discovery.o
LOAD ./Drivers/BSP/stm32h735g_discovery_audio.o
LOAD ./Drivers/BSP/stm32h735g_discovery_bus.o
LOAD ./Drivers/BSP/stm32h735g_discovery_lcd.o
LOAD ./Drivers/BSP/stm32h735g_discovery_ospi.o
LOAD ./Drivers/BSP/stm32h735g_discovery_ts.o
LOAD ./Drivers/Fonts/font12.o
LOAD ./Drivers/Fonts/font16.o
LOAD ./Drivers/Fonts/font20.o
LOAD ./Drivers/Fonts/font24.o
LOAD ./Drivers/Fonts/font8.o
LOAD ./Drivers/HAL_Drivers_Manual/Inc/stm32h7xx_hal_i2s.o
LOAD ./Drivers/HAL_Drivers_Manual/Inc/stm32h7xx_hal_i2s_ex.o
LOAD ./Drivers/HAL_Drivers_Manual/Src/stm32h7xx_hal.o
LOAD ./Drivers/HAL_Drivers_Manual/Src/stm32h7xx_hal_cortex.o
LOAD ./Drivers/HAL_Drivers_Manual/Src/stm32h7xx_hal_dfsdm.o
LOAD ./Drivers/HAL_Drivers_Manual/Src/stm32h7xx_hal_dfsdm_ex.o
LOAD ./Drivers/HAL_Drivers_Manual/Src/stm32h7xx_hal_dma.o
LOAD ./Drivers/HAL_Drivers_Manual/Src/stm32h7xx_hal_dma2d.o
LOAD ./Drivers/HAL_Drivers_Manual/Src/stm32h7xx_hal_dma_ex.o
LOAD ./Drivers/HAL_Drivers_Manual/Src/stm32h7xx_hal_exti.o
LOAD ./Drivers/HAL_Drivers_Manual/Src/stm32h7xx_hal_flash.o
LOAD ./Drivers/HAL_Drivers_Manual/Src/stm32h7xx_hal_flash_ex.o
LOAD ./Drivers/HAL_Drivers_Manual/Src/stm32h7xx_hal_gpio.o
LOAD ./Drivers/HAL_Drivers_Manual/Src/stm32h7xx_hal_hsem.o
LOAD ./Drivers/HAL_Drivers_Manual/Src/stm32h7xx_hal_i2c.o
LOAD ./Drivers/HAL_Drivers_Manual/Src/stm32h7xx_hal_i2c_ex.o
LOAD ./Drivers/HAL_Drivers_Manual/Src/stm32h7xx_hal_ltdc.o
LOAD ./Drivers/HAL_Drivers_Manual/Src/stm32h7xx_hal_ltdc_ex.o
LOAD ./Drivers/HAL_Drivers_Manual/Src/stm32h7xx_hal_mdma.o
LOAD ./Drivers/HAL_Drivers_Manual/Src/stm32h7xx_hal_ospi.o
LOAD ./Drivers/HAL_Drivers_Manual/Src/stm32h7xx_hal_pwr.o
LOAD ./Drivers/HAL_Drivers_Manual/Src/stm32h7xx_hal_pwr_ex.o
LOAD ./Drivers/HAL_Drivers_Manual/Src/stm32h7xx_hal_rcc.o
LOAD ./Drivers/HAL_Drivers_Manual/Src/stm32h7xx_hal_rcc_ex.o
LOAD ./Drivers/HAL_Drivers_Manual/Src/stm32h7xx_hal_sai.o
LOAD ./Drivers/HAL_Drivers_Manual/Src/stm32h7xx_hal_sai_ex.o
LOAD ./Drivers/HAL_Drivers_Manual/Src/stm32h7xx_hal_tim.o
LOAD ./Drivers/HAL_Drivers_Manual/Src/stm32h7xx_hal_tim_ex.o
LOAD ./Drivers/HAL_Drivers_Manual/Src/stm32h7xx_hal_uart.o
LOAD ./Drivers/HAL_Drivers_Manual/Src/stm32h7xx_hal_uart_ex.o
LOAD ./Drivers/Utils/stm32_lcd.o
LOAD C:\Users\Admin\GitHub\Microcontroller2\PlsWork\Drivers\Middleware\Lib\libPDMFilter_CM7_GCC_wc32.a
START GROUP
LOAD C:/ST/STM32CubeIDE_1.18.1/STM32CubeIDE/plugins/com.st.stm32cube.ide.mcu.externaltools.gnu-tools-for-stm32.13.3.rel1.win32_1.0.0.202411081344/tools/bin/../lib/gcc/arm-none-eabi/13.3.1/../../../../arm-none-eabi/lib/thumb/v7e-m+dp/hard\libc_nano.a
LOAD C:/ST/STM32CubeIDE_1.18.1/STM32CubeIDE/plugins/com.st.stm32cube.ide.mcu.externaltools.gnu-tools-for-stm32.13.3.rel1.win32_1.0.0.202411081344/tools/bin/../lib/gcc/arm-none-eabi/13.3.1/../../../../arm-none-eabi/lib/thumb/v7e-m+dp/hard\libm.a
END GROUP
START GROUP
LOAD C:/ST/STM32CubeIDE_1.18.1/STM32CubeIDE/plugins/com.st.stm32cube.ide.mcu.externaltools.gnu-tools-for-stm32.13.3.rel1.win32_1.0.0.202411081344/tools/bin/../lib/gcc/arm-none-eabi/13.3.1/thumb/v7e-m+dp/hard\libgcc.a
LOAD C:/ST/STM32CubeIDE_1.18.1/STM32CubeIDE/plugins/com.st.stm32cube.ide.mcu.externaltools.gnu-tools-for-stm32.13.3.rel1.win32_1.0.0.202411081344/tools/bin/../lib/gcc/arm-none-eabi/13.3.1/../../../../arm-none-eabi/lib/thumb/v7e-m+dp/hard\libc_nano.a
END GROUP
START GROUP
LOAD C:/ST/STM32CubeIDE_1.18.1/STM32CubeIDE/plugins/com.st.stm32cube.ide.mcu.externaltools.gnu-tools-for-stm32.13.3.rel1.win32_1.0.0.202411081344/tools/bin/../lib/gcc/arm-none-eabi/13.3.1/thumb/v7e-m+dp/hard\libgcc.a
LOAD C:/ST/STM32CubeIDE_1.18.1/STM32CubeIDE/plugins/com.st.stm32cube.ide.mcu.externaltools.gnu-tools-for-stm32.13.3.rel1.win32_1.0.0.202411081344/tools/bin/../lib/gcc/arm-none-eabi/13.3.1/../../../../arm-none-eabi/lib/thumb/v7e-m+dp/hard\libc_nano.a
LOAD C:/ST/STM32CubeIDE_1.18.1/STM32CubeIDE/plugins/com.st.stm32cube.ide.mcu.externaltools.gnu-tools-for-stm32.13.3.rel1.win32_1.0.0.202411081344/tools/bin/../lib/gcc/arm-none-eabi/13.3.1/../../../../arm-none-eabi/lib/thumb/v7e-m+dp/hard\libnosys.a
END GROUP
START GROUP
LOAD C:/ST/STM32CubeIDE_1.18.1/STM32CubeIDE/plugins/com.st.stm32cube.ide.mcu.externaltools.gnu-tools-for-stm32.13.3.rel1.win32_1.0.0.202411081344/tools/bin/../lib/gcc/arm-none-eabi/13.3.1/thumb/v7e-m+dp/hard\libgcc.a
LOAD C:/ST/STM32CubeIDE_1.18.1/STM32CubeIDE/plugins/com.st.stm32cube.ide.mcu.externaltools.gnu-tools-for-stm32.13.3.rel1.win32_1.0.0.202411081344/tools/bin/../lib/gcc/arm-none-eabi/13.3.1/../../../../arm-none-eabi/lib/thumb/v7e-m+dp/hard\libc_nano.a
LOAD C:/ST/STM32CubeIDE_1.18.1/STM32CubeIDE/plugins/com.st.stm32cube.ide.mcu.externaltools.gnu-tools-for-stm32.13.3.rel1.win32_1.0.0.202411081344/tools/bin/../lib/gcc/arm-none-eabi/13.3.1/../../../../arm-none-eabi/lib/thumb/v7e-m+dp/hard\libnosys.a
END GROUP
LOAD C:/ST/STM32CubeIDE_1.18.1/STM32CubeIDE/plugins/com.st.stm32cube.ide.mcu.externaltools.gnu-tools-for-stm32.13.3.rel1.win32_1.0.0.202411081344/tools/bin/../lib/gcc/arm-none-eabi/13.3.1/thumb/v7e-m+dp/hard/crtend.o
LOAD C:/ST/STM32CubeIDE_1.18.1/STM32CubeIDE/plugins/com.st.stm32cube.ide.mcu.externaltools.gnu-tools-for-stm32.13.3.rel1.win32_1.0.0.202411081344/tools/bin/../lib/gcc/arm-none-eabi/13.3.1/thumb/v7e-m+dp/hard/crtn.o
                0x24050000                        _estack = (ORIGIN (RAM_D1) + LENGTH (RAM_D1))
                0x00000200                        _Min_Heap_Size = 0x200
                0x00000400                        _Min_Stack_Size = 0x400

.isr_vector     0x08000000      0x2cc
                0x08000000                        . = ALIGN (0x4)
 *(.isr_vector)
 .isr_vector    0x08000000      0x2cc ./Core/Startup/startup_stm32h735igkx.o
                0x08000000                g_pfnVectors
                0x080002cc                        . = ALIGN (0x4)

.text           0x080002d0    0x1741c
                0x080002d0                        . = ALIGN (0x4)
 *(.text)
 .text          0x080002d0       0x40 C:/ST/STM32CubeIDE_1.18.1/STM32CubeIDE/plugins/com.st.stm32cube.ide.mcu.externaltools.gnu-tools-for-stm32.13.3.rel1.win32_1.0.0.202411081344/tools/bin/../lib/gcc/arm-none-eabi/13.3.1/thumb/v7e-m+dp/hard/crtbegin.o
 *(.text*)
 .text.DISPLAY_INIT
                0x08000310       0x50 ./Core/Src/display.o
                0x08000310                DISPLAY_INIT
 .text.DISPLAY_Clear
                0x08000360       0x16 ./Core/Src/display.o
                0x08000360                DISPLAY_Clear
 .text.DISPLAY_DrawChar
                0x08000376      0x112 ./Core/Src/display.o
                0x08000376                DISPLAY_DrawChar
 .text.DISPLAY_DrawString
                0x08000488       0x6a ./Core/Src/display.o
                0x08000488                DISPLAY_DrawString
 *fill*         0x080004f2        0x2 
 .text.DISPLAY_DrawHeadline
                0x080004f4       0x30 ./Core/Src/display.o
                0x080004f4                DISPLAY_DrawHeadline
 .text.MX_GPIO_Init
                0x08000524      0x8a0 ./Core/Src/gpio.o
                0x08000524                MX_GPIO_Init
 .text.main     0x08000dc4       0x34 ./Core/Src/main.o
                0x08000dc4                main
 .text.SystemClock_Config
                0x08000df8      0x1c8 ./Core/Src/main.o
                0x08000df8                SystemClock_Config
 .text.MPU_Config
                0x08000fc0       0x5a ./Core/Src/main.o
                0x08000fc0                MPU_Config
 .text.Error_Handler
                0x0800101a        0xc ./Core/Src/main.o
                0x0800101a                Error_Handler
 *fill*         0x08001026        0x2 
 .text.MX_OCTOSPI1_Init
                0x08001028       0x80 ./Core/Src/octospi.o
                0x08001028                MX_OCTOSPI1_Init
 .text.HAL_OSPI_MspInit
                0x080010a8       0x90 ./Core/Src/octospi.o
                0x080010a8                HAL_OSPI_MspInit
 .text.HAL_OSPI_MspDeInit
                0x08001138       0x48 ./Core/Src/octospi.o
                0x08001138                HAL_OSPI_MspDeInit
 .text.SOUND_INIT
                0x08001180       0x5a ./Core/Src/sound.o
                0x08001180                SOUND_INIT
 *fill*         0x080011da        0x2 
 .text.Sound_StartRecording
                0x080011dc       0x20 ./Core/Src/sound.o
                0x080011dc                Sound_StartRecording
 .text.Sound_StopRecording
                0x080011fc        0xe ./Core/Src/sound.o
                0x080011fc                Sound_StopRecording
 *fill*         0x0800120a        0x2 
 .text.Sound_StartPlayback
                0x0800120c       0x20 ./Core/Src/sound.o
                0x0800120c                Sound_StartPlayback
 .text.Sound_StopPlayback
                0x0800122c        0xe ./Core/Src/sound.o
                0x0800122c                Sound_StopPlayback
 *fill*         0x0800123a        0x2 
 .text.Sound_GetInputLevel
                0x0800123c       0xa4 ./Core/Src/sound.o
                0x0800123c                Sound_GetInputLevel
 .text.ChangeState
                0x080012e0       0x2c ./Core/Src/state.o
 .text.State_Init
                0x0800130c       0x46 ./Core/Src/state.o
                0x0800130c                State_Init
 *fill*         0x08001352        0x2 
 .text.State_Machine_Run
                0x08001354      0x32c ./Core/Src/state.o
                0x08001354                State_Machine_Run
 .text.HAL_MspInit
                0x08001680       0x34 ./Core/Src/stm32h7xx_hal_msp.o
                0x08001680                HAL_MspInit
 .text.NMI_Handler
                0x080016b4        0x8 ./Core/Src/stm32h7xx_it.o
                0x080016b4                NMI_Handler
 .text.HardFault_Handler
                0x080016bc        0x8 ./Core/Src/stm32h7xx_it.o
                0x080016bc                HardFault_Handler
 .text.MemManage_Handler
                0x080016c4        0x8 ./Core/Src/stm32h7xx_it.o
                0x080016c4                MemManage_Handler
 .text.BusFault_Handler
                0x080016cc        0x8 ./Core/Src/stm32h7xx_it.o
                0x080016cc                BusFault_Handler
 .text.UsageFault_Handler
                0x080016d4        0x8 ./Core/Src/stm32h7xx_it.o
                0x080016d4                UsageFault_Handler
 .text.SVC_Handler
                0x080016dc        0xe ./Core/Src/stm32h7xx_it.o
                0x080016dc                SVC_Handler
 .text.DebugMon_Handler
                0x080016ea        0xe ./Core/Src/stm32h7xx_it.o
                0x080016ea                DebugMon_Handler
 .text.PendSV_Handler
                0x080016f8        0xe ./Core/Src/stm32h7xx_it.o
                0x080016f8                PendSV_Handler
 .text.SysTick_Handler
                0x08001706        0xc ./Core/Src/stm32h7xx_it.o
                0x08001706                SysTick_Handler
 .text.DMA2_Stream4_IRQHandler
                0x08001712       0x10 ./Core/Src/stm32h7xx_it.o
                0x08001712                DMA2_Stream4_IRQHandler
 .text.DMA2_Stream6_IRQHandler
                0x08001722        0xe ./Core/Src/stm32h7xx_it.o
                0x08001722                DMA2_Stream6_IRQHandler
 .text.SAI1_IRQHandler
                0x08001730       0x1c ./Core/Src/stm32h7xx_it.o
                0x08001730                SAI1_IRQHandler
 .text.SystemInit
                0x0800174c      0x120 ./Core/Src/system_stm32h7xx.o
                0x0800174c                SystemInit
 .text.ExitRun0Mode
                0x0800186c       0x30 ./Core/Src/system_stm32h7xx.o
                0x0800186c                ExitRun0Mode
 .text.TOUCHSCREEN_INIT
                0x0800189c       0x42 ./Core/Src/touchscreen.o
                0x0800189c                TOUCHSCREEN_INIT
 *fill*         0x080018de        0x2 
 .text.TOUCHSCREEN_CALIBRATION
                0x080018e0      0x11c ./Core/Src/touchscreen.o
                0x080018e0                TOUCHSCREEN_CALIBRATION
 .text.max      0x080019fc       0x24 ./Core/Src/touchscreen.o
                0x080019fc                max
 .text.Reset_Handler
                0x08001a20       0x54 ./Core/Startup/startup_stm32h735igkx.o
                0x08001a20                Reset_Handler
 .text.Default_Handler
                0x08001a74        0x2 ./Core/Startup/startup_stm32h735igkx.o
                0x08001a74                RTC_Alarm_IRQHandler
                0x08001a74                HASH_RNG_IRQHandler
                0x08001a74                EXTI2_IRQHandler
                0x08001a74                TIM8_CC_IRQHandler
                0x08001a74                UART8_IRQHandler
                0x08001a74                SPI4_IRQHandler
                0x08001a74                FDCAN3_IT0_IRQHandler
                0x08001a74                TIM1_CC_IRQHandler
                0x08001a74                BDMA_Channel6_IRQHandler
                0x08001a74                DMA2_Stream5_IRQHandler
                0x08001a74                DMA1_Stream5_IRQHandler
                0x08001a74                CORDIC_IRQHandler
                0x08001a74                BDMA_Channel1_IRQHandler
                0x08001a74                TAMP_STAMP_IRQHandler
                0x08001a74                EXTI3_IRQHandler
                0x08001a74                LPTIM4_IRQHandler
                0x08001a74                TIM8_TRG_COM_TIM14_IRQHandler
                0x08001a74                LPTIM2_IRQHandler
                0x08001a74                DFSDM1_FLT1_IRQHandler
                0x08001a74                DMAMUX2_OVR_IRQHandler
                0x08001a74                TIM8_UP_TIM13_IRQHandler
                0x08001a74                I2C3_ER_IRQHandler
                0x08001a74                DFSDM1_FLT2_IRQHandler
                0x08001a74                I2C5_EV_IRQHandler
                0x08001a74                USART10_IRQHandler
                0x08001a74                MDMA_IRQHandler
                0x08001a74                LPTIM3_IRQHandler
                0x08001a74                HSEM1_IRQHandler
                0x08001a74                EXTI0_IRQHandler
                0x08001a74                I2C2_EV_IRQHandler
                0x08001a74                DMA1_Stream2_IRQHandler
                0x08001a74                FPU_IRQHandler
                0x08001a74                OTG_HS_WKUP_IRQHandler
                0x08001a74                FDCAN1_IT1_IRQHandler
                0x08001a74                LTDC_ER_IRQHandler
                0x08001a74                DMA2_Stream2_IRQHandler
                0x08001a74                SPI1_IRQHandler
                0x08001a74                OCTOSPI1_IRQHandler
                0x08001a74                TIM6_DAC_IRQHandler
                0x08001a74                DMA2_Stream3_IRQHandler
                0x08001a74                OCTOSPI2_IRQHandler
                0x08001a74                DFSDM1_FLT3_IRQHandler
                0x08001a74                TIM23_IRQHandler
                0x08001a74                USART6_IRQHandler
                0x08001a74                TIM17_IRQHandler
                0x08001a74                USART3_IRQHandler
                0x08001a74                BDMA_Channel7_IRQHandler
                0x08001a74                CRYP_IRQHandler
                0x08001a74                LPTIM5_IRQHandler
                0x08001a74                UART5_IRQHandler
                0x08001a74                ADC3_IRQHandler
                0x08001a74                DMA2_Stream0_IRQHandler
                0x08001a74                TIM4_IRQHandler
                0x08001a74                BDMA_Channel2_IRQHandler
                0x08001a74                I2C1_EV_IRQHandler
                0x08001a74                DMA1_Stream6_IRQHandler
                0x08001a74                DMAMUX1_OVR_IRQHandler
                0x08001a74                DMA1_Stream1_IRQHandler
                0x08001a74                TIM16_IRQHandler
                0x08001a74                UART4_IRQHandler
                0x08001a74                BDMA_Channel5_IRQHandler
                0x08001a74                TIM3_IRQHandler
                0x08001a74                RCC_IRQHandler
                0x08001a74                UART9_IRQHandler
                0x08001a74                TIM8_BRK_TIM12_IRQHandler
                0x08001a74                TIM1_TRG_COM_IRQHandler
                0x08001a74                Default_Handler
                0x08001a74                ECC_IRQHandler
                0x08001a74                FMAC_IRQHandler
                0x08001a74                CEC_IRQHandler
                0x08001a74                EXTI15_10_IRQHandler
                0x08001a74                BDMA_Channel0_IRQHandler
                0x08001a74                ADC_IRQHandler
                0x08001a74                I2C5_ER_IRQHandler
                0x08001a74                OTFDEC1_IRQHandler
                0x08001a74                DMA1_Stream7_IRQHandler
                0x08001a74                SPI5_IRQHandler
                0x08001a74                TIM7_IRQHandler
                0x08001a74                FDCAN3_IT1_IRQHandler
                0x08001a74                SDMMC1_IRQHandler
                0x08001a74                TIM5_IRQHandler
                0x08001a74                DMA2_Stream7_IRQHandler
                0x08001a74                TIM15_IRQHandler
                0x08001a74                PVD_AVD_IRQHandler
                0x08001a74                I2C3_EV_IRQHandler
                0x08001a74                EXTI9_5_IRQHandler
                0x08001a74                RTC_WKUP_IRQHandler
                0x08001a74                LTDC_IRQHandler
                0x08001a74                ETH_WKUP_IRQHandler
                0x08001a74                SPDIF_RX_IRQHandler
                0x08001a74                SPI2_IRQHandler
                0x08001a74                OTG_HS_EP1_IN_IRQHandler
                0x08001a74                DMA1_Stream0_IRQHandler
                0x08001a74                OTFDEC2_IRQHandler
                0x08001a74                TIM24_IRQHandler
                0x08001a74                CRS_IRQHandler
                0x08001a74                EXTI4_IRQHandler
                0x08001a74                FDCAN2_IT1_IRQHandler
                0x08001a74                ETH_IRQHandler
                0x08001a74                TIM1_UP_IRQHandler
                0x08001a74                BDMA_Channel4_IRQHandler
                0x08001a74                OTG_HS_EP1_OUT_IRQHandler
                0x08001a74                WWDG_IRQHandler
                0x08001a74                SPI6_IRQHandler
                0x08001a74                MDIOS_IRQHandler
                0x08001a74                I2C4_EV_IRQHandler
                0x08001a74                FDCAN2_IT0_IRQHandler
                0x08001a74                LPUART1_IRQHandler
                0x08001a74                FDCAN1_IT0_IRQHandler
                0x08001a74                TIM2_IRQHandler
                0x08001a74                OTG_HS_IRQHandler
                0x08001a74                DMA2D_IRQHandler
                0x08001a74                TIM1_BRK_IRQHandler
                0x08001a74                EXTI1_IRQHandler
                0x08001a74                SDMMC2_IRQHandler
                0x08001a74                BDMA_Channel3_IRQHandler
                0x08001a74                DTS_IRQHandler
                0x08001a74                UART7_IRQHandler
                0x08001a74                MDIOS_WKUP_IRQHandler
                0x08001a74                USART2_IRQHandler
                0x08001a74                DFSDM1_FLT0_IRQHandler
                0x08001a74                SAI4_IRQHandler
                0x08001a74                I2C2_ER_IRQHandler
                0x08001a74                DMA2_Stream1_IRQHandler
                0x08001a74                FLASH_IRQHandler
                0x08001a74                USART1_IRQHandler
                0x08001a74                SPI3_IRQHandler
                0x08001a74                WAKEUP_PIN_IRQHandler
                0x08001a74                DMA1_Stream4_IRQHandler
                0x08001a74                I2C1_ER_IRQHandler
                0x08001a74                FMC_IRQHandler
                0x08001a74                FDCAN_CAL_IRQHandler
                0x08001a74                SWPMI1_IRQHandler
                0x08001a74                COMP1_IRQHandler
                0x08001a74                LPTIM1_IRQHandler
                0x08001a74                DCMI_PSSI_IRQHandler
                0x08001a74                I2C4_ER_IRQHandler
                0x08001a74                DMA1_Stream3_IRQHandler
 *fill*         0x08001a76        0x2 
 .text.FT5336_RegisterBusIO
                0x08001a78       0x84 ./Drivers/BSP/Components/ft5336/ft5336.o
                0x08001a78                FT5336_RegisterBusIO
 .text.FT5336_GetCapabilities
                0x08001afc       0x3a ./Drivers/BSP/Components/ft5336/ft5336.o
                0x08001afc                FT5336_GetCapabilities
 .text.FT5336_Init
                0x08001b36       0x48 ./Drivers/BSP/Components/ft5336/ft5336.o
                0x08001b36                FT5336_Init
 .text.FT5336_DeInit
                0x08001b7e       0x2c ./Drivers/BSP/Components/ft5336/ft5336.o
                0x08001b7e                FT5336_DeInit
 .text.FT5336_GestureConfig
                0x08001baa       0xc2 ./Drivers/BSP/Components/ft5336/ft5336.o
                0x08001baa                FT5336_GestureConfig
 .text.FT5336_ReadID
                0x08001c6c       0x20 ./Drivers/BSP/Components/ft5336/ft5336.o
                0x08001c6c                FT5336_ReadID
 .text.FT5336_GetState
                0x08001c8c       0x66 ./Drivers/BSP/Components/ft5336/ft5336.o
                0x08001c8c                FT5336_GetState
 .text.FT5336_GetMultiTouchState
                0x08001cf2      0x136 ./Drivers/BSP/Components/ft5336/ft5336.o
                0x08001cf2                FT5336_GetMultiTouchState
 .text.FT5336_GetGesture
                0x08001e28       0x20 ./Drivers/BSP/Components/ft5336/ft5336.o
                0x08001e28                FT5336_GetGesture
 .text.FT5336_EnableIT
                0x08001e48       0x1e ./Drivers/BSP/Components/ft5336/ft5336.o
                0x08001e48                FT5336_EnableIT
 .text.FT5336_DisableIT
                0x08001e66       0x1e ./Drivers/BSP/Components/ft5336/ft5336.o
                0x08001e66                FT5336_DisableIT
 .text.FT5336_ITStatus
                0x08001e84       0x16 ./Drivers/BSP/Components/ft5336/ft5336.o
                0x08001e84                FT5336_ITStatus
 .text.FT5336_ClearIT
                0x08001e9a       0x16 ./Drivers/BSP/Components/ft5336/ft5336.o
                0x08001e9a                FT5336_ClearIT
 .text.FT5336_DetectTouch
                0x08001eb0       0x40 ./Drivers/BSP/Components/ft5336/ft5336.o
 .text.ReadRegWrap
                0x08001ef0       0x34 ./Drivers/BSP/Components/ft5336/ft5336.o
 .text.WriteRegWrap
                0x08001f24       0x34 ./Drivers/BSP/Components/ft5336/ft5336.o
 .text.ft5336_read_reg
                0x08001f58       0x2e ./Drivers/BSP/Components/ft5336/ft5336_reg.o
                0x08001f58                ft5336_read_reg
 .text.ft5336_write_reg
                0x08001f86       0x2e ./Drivers/BSP/Components/ft5336/ft5336_reg.o
                0x08001f86                ft5336_write_reg
 .text.ft5336_gest_id
                0x08001fb4       0x20 ./Drivers/BSP/Components/ft5336/ft5336_reg.o
                0x08001fb4                ft5336_gest_id
 .text.ft5336_td_status
                0x08001fd4       0x3e ./Drivers/BSP/Components/ft5336/ft5336_reg.o
                0x08001fd4                ft5336_td_status
 .text.ft5336_radian_value
                0x08002012       0x22 ./Drivers/BSP/Components/ft5336/ft5336_reg.o
                0x08002012                ft5336_radian_value
 .text.ft5336_offset_left_right
                0x08002034       0x22 ./Drivers/BSP/Components/ft5336/ft5336_reg.o
                0x08002034                ft5336_offset_left_right
 .text.ft5336_offset_up_down
                0x08002056       0x22 ./Drivers/BSP/Components/ft5336/ft5336_reg.o
                0x08002056                ft5336_offset_up_down
 .text.ft5336_disatnce_left_right
                0x08002078       0x22 ./Drivers/BSP/Components/ft5336/ft5336_reg.o
                0x08002078                ft5336_disatnce_left_right
 .text.ft5336_distance_up_down
                0x0800209a       0x22 ./Drivers/BSP/Components/ft5336/ft5336_reg.o
                0x0800209a                ft5336_distance_up_down
 .text.ft5336_distance_zoom
                0x080020bc       0x22 ./Drivers/BSP/Components/ft5336/ft5336_reg.o
                0x080020bc                ft5336_distance_zoom
 .text.ft5336_g_mode
                0x080020de       0x22 ./Drivers/BSP/Components/ft5336/ft5336_reg.o
                0x080020de                ft5336_g_mode
 .text.ft5336_chip_id
                0x08002100       0x38 ./Drivers/BSP/Components/ft5336/ft5336_reg.o
                0x08002100                ft5336_chip_id
 .text.GT911_RegisterBusIO
                0x08002138       0x84 ./Drivers/BSP/Components/gt911/gt911.o
                0x08002138                GT911_RegisterBusIO
 .text.GT911_GetCapabilities
                0x080021bc       0x3a ./Drivers/BSP/Components/gt911/gt911.o
                0x080021bc                GT911_GetCapabilities
 .text.GT911_Init
                0x080021f6       0xba ./Drivers/BSP/Components/gt911/gt911.o
                0x080021f6                GT911_Init
 .text.GT911_DeInit
                0x080022b0       0x2c ./Drivers/BSP/Components/gt911/gt911.o
                0x080022b0                GT911_DeInit
 .text.GT911_GestureConfig
                0x080022dc      0x1b2 ./Drivers/BSP/Components/gt911/gt911.o
                0x080022dc                GT911_GestureConfig
 .text.GT911_ReadID
                0x0800248e       0x20 ./Drivers/BSP/Components/gt911/gt911.o
                0x0800248e                GT911_ReadID
 .text.GT911_GetState
                0x080024ae       0xb4 ./Drivers/BSP/Components/gt911/gt911.o
                0x080024ae                GT911_GetState
 .text.GT911_GetMultiTouchState
                0x08002562      0x182 ./Drivers/BSP/Components/gt911/gt911.o
                0x08002562                GT911_GetMultiTouchState
 .text.GT911_GetGesture
                0x080026e4       0x20 ./Drivers/BSP/Components/gt911/gt911.o
                0x080026e4                GT911_GetGesture
 .text.GT911_EnableIT
                0x08002704       0x68 ./Drivers/BSP/Components/gt911/gt911.o
                0x08002704                GT911_EnableIT
 .text.GT911_DisableIT
                0x0800276c       0x16 ./Drivers/BSP/Components/gt911/gt911.o
                0x0800276c                GT911_DisableIT
 .text.GT911_ITStatus
                0x08002782       0x16 ./Drivers/BSP/Components/gt911/gt911.o
                0x08002782                GT911_ITStatus
 .text.GT911_ClearIT
                0x08002798       0x1c ./Drivers/BSP/Components/gt911/gt911.o
                0x08002798                GT911_ClearIT
 .text.GT911_DetectTouch
                0x080027b4       0x40 ./Drivers/BSP/Components/gt911/gt911.o
 .text.ReadRegWrap
                0x080027f4       0x32 ./Drivers/BSP/Components/gt911/gt911.o
 .text.WriteRegWrap
                0x08002826       0x32 ./Drivers/BSP/Components/gt911/gt911.o
 .text.gt911_read_reg
                0x08002858       0x2e ./Drivers/BSP/Components/gt911/gt911_reg.o
                0x08002858                gt911_read_reg
 .text.gt911_write_reg
                0x08002886      0x116 ./Drivers/BSP/Components/gt911/gt911_reg.o
                0x08002886                gt911_write_reg
 .text.gt911_gest_id
                0x0800299c       0x22 ./Drivers/BSP/Components/gt911/gt911_reg.o
                0x0800299c                gt911_gest_id
 .text.gt911_td_status
                0x080029be       0x60 ./Drivers/BSP/Components/gt911/gt911_reg.o
                0x080029be                gt911_td_status
 .text.gt911_clr_int
                0x08002a1e       0x28 ./Drivers/BSP/Components/gt911/gt911_reg.o
                0x08002a1e                gt911_clr_int
 .text.gt911_distance_left_right
                0x08002a46       0x6a ./Drivers/BSP/Components/gt911/gt911_reg.o
                0x08002a46                gt911_distance_left_right
 .text.gt911_distance_up_down
                0x08002ab0       0x6a ./Drivers/BSP/Components/gt911/gt911_reg.o
                0x08002ab0                gt911_distance_up_down
 .text.gt911_m_sw1
                0x08002b1a       0x24 ./Drivers/BSP/Components/gt911/gt911_reg.o
                0x08002b1a                gt911_m_sw1
 .text.gt911_chip_id
                0x08002b3e       0x22 ./Drivers/BSP/Components/gt911/gt911_reg.o
                0x08002b3e                gt911_chip_id
 .text.S70KL1281_EnableMemoryMappedMode
                0x08002b60       0x62 ./Drivers/BSP/Components/s70kl1281/s70kl1281.o
                0x08002b60                S70KL1281_EnableMemoryMappedMode
 .text.S70KL1281_ReadCfgReg0
                0x08002bc2       0x64 ./Drivers/BSP/Components/s70kl1281/s70kl1281.o
                0x08002bc2                S70KL1281_ReadCfgReg0
 .text.S70KL1281_WriteCfgReg0
                0x08002c26       0xba ./Drivers/BSP/Components/s70kl1281/s70kl1281.o
                0x08002c26                S70KL1281_WriteCfgReg0
 .text.WM8994_Init
                0x08002ce0      0xdcc ./Drivers/BSP/Components/wm8994/wm8994.o
                0x08002ce0                WM8994_Init
 .text.WM8994_DeInit
                0x08003aac       0x1a ./Drivers/BSP/Components/wm8994/wm8994.o
                0x08003aac                WM8994_DeInit
 .text.WM8994_ReadID
                0x08003ac6       0x34 ./Drivers/BSP/Components/wm8994/wm8994.o
                0x08003ac6                WM8994_ReadID
 .text.WM8994_Play
                0x08003afa       0x1a ./Drivers/BSP/Components/wm8994/wm8994.o
                0x08003afa                WM8994_Play
 .text.WM8994_Pause
                0x08003b14       0x50 ./Drivers/BSP/Components/wm8994/wm8994.o
                0x08003b14                WM8994_Pause
 .text.WM8994_Resume
                0x08003b64       0x1a ./Drivers/BSP/Components/wm8994/wm8994.o
                0x08003b64                WM8994_Resume
 .text.WM8994_Stop
                0x08003b7e       0xda ./Drivers/BSP/Components/wm8994/wm8994.o
                0x08003b7e                WM8994_Stop
 .text.WM8994_SetVolume
                0x08003c58      0x1b4 ./Drivers/BSP/Components/wm8994/wm8994.o
                0x08003c58                WM8994_SetVolume
 .text.WM8994_GetVolume
                0x08003e0c       0xa4 ./Drivers/BSP/Components/wm8994/wm8994.o
                0x08003e0c                WM8994_GetVolume
 .text.WM8994_SetMute
                0x08003eb0       0x96 ./Drivers/BSP/Components/wm8994/wm8994.o
                0x08003eb0                WM8994_SetMute
 .text.WM8994_SetOutputMode
                0x08003f46      0x432 ./Drivers/BSP/Components/wm8994/wm8994.o
                0x08003f46                WM8994_SetOutputMode
 .text.WM8994_SetResolution
                0x08004378       0x34 ./Drivers/BSP/Components/wm8994/wm8994.o
                0x08004378                WM8994_SetResolution
 .text.WM8994_GetResolution
                0x080043ac       0x80 ./Drivers/BSP/Components/wm8994/wm8994.o
                0x080043ac                WM8994_GetResolution
 .text.WM8994_SetProtocol
                0x0800442c       0x34 ./Drivers/BSP/Components/wm8994/wm8994.o
                0x0800442c                WM8994_SetProtocol
 .text.WM8994_GetProtocol
                0x08004460       0x3e ./Drivers/BSP/Components/wm8994/wm8994.o
                0x08004460                WM8994_GetProtocol
 *fill*         0x0800449e        0x2 
 .text.WM8994_SetFrequency
                0x080044a0      0x168 ./Drivers/BSP/Components/wm8994/wm8994.o
                0x080044a0                WM8994_SetFrequency
 .text.WM8994_GetFrequency
                0x08004608       0xc8 ./Drivers/BSP/Components/wm8994/wm8994.o
                0x08004608                WM8994_GetFrequency
 .text.WM8994_Reset
                0x080046d0       0x2e ./Drivers/BSP/Components/wm8994/wm8994.o
                0x080046d0                WM8994_Reset
 *fill*         0x080046fe        0x2 
 .text.WM8994_RegisterBusIO
                0x08004700       0x84 ./Drivers/BSP/Components/wm8994/wm8994.o
                0x08004700                WM8994_RegisterBusIO
 .text.WM8994_Delay
                0x08004784       0x34 ./Drivers/BSP/Components/wm8994/wm8994.o
 .text.WM8994_ReadRegWrap
                0x080047b8       0x32 ./Drivers/BSP/Components/wm8994/wm8994.o
 .text.WM8994_WriteRegWrap
                0x080047ea       0x32 ./Drivers/BSP/Components/wm8994/wm8994.o
 .text.wm8994_read_reg
                0x0800481c       0x58 ./Drivers/BSP/Components/wm8994/wm8994_reg.o
                0x0800481c                wm8994_read_reg
 .text.wm8994_write_reg
                0x08004874       0x50 ./Drivers/BSP/Components/wm8994/wm8994_reg.o
                0x08004874                wm8994_write_reg
 .text.wm8994_sw_reset_w
                0x080048c4       0x22 ./Drivers/BSP/Components/wm8994/wm8994_reg.o
                0x080048c4                wm8994_sw_reset_w
 .text.wm8994_sw_reset_r
                0x080048e6       0x20 ./Drivers/BSP/Components/wm8994/wm8994_reg.o
                0x080048e6                wm8994_sw_reset_r
 .text.wm8994_lo_hpout1l_vol_r
                0x08004906       0x3e ./Drivers/BSP/Components/wm8994/wm8994_reg.o
                0x08004906                wm8994_lo_hpout1l_vol_r
 .text.wm8994_aif1_sr_r
                0x08004944       0x44 ./Drivers/BSP/Components/wm8994/wm8994_reg.o
                0x08004944                wm8994_aif1_sr_r
 .text.wm8994_aif1_control1_fmt
                0x08004988       0x62 ./Drivers/BSP/Components/wm8994/wm8994_reg.o
                0x08004988                wm8994_aif1_control1_fmt
 .text.wm8994_aif1_control1_fmt_r
                0x080049ea       0x44 ./Drivers/BSP/Components/wm8994/wm8994_reg.o
                0x080049ea                wm8994_aif1_control1_fmt_r
 .text.wm8994_aif1_control1_wl
                0x08004a2e       0x62 ./Drivers/BSP/Components/wm8994/wm8994_reg.o
                0x08004a2e                wm8994_aif1_control1_wl
 .text.wm8994_aif1_control1_wl_r
                0x08004a90       0x44 ./Drivers/BSP/Components/wm8994/wm8994_reg.o
                0x08004a90                wm8994_aif1_control1_wl_r
 .text.wm8994_aif1_control1_adcr_src
                0x08004ad4       0x62 ./Drivers/BSP/Components/wm8994/wm8994_reg.o
                0x08004ad4                wm8994_aif1_control1_adcr_src
 .text.wm8994_aif1_adc1_left_vol_adc1l_r
                0x08004b36       0x3e ./Drivers/BSP/Components/wm8994/wm8994_reg.o
                0x08004b36                wm8994_aif1_adc1_left_vol_adc1l_r
 .text.BSP_LED_Toggle
                0x08004b74       0x3c ./Drivers/BSP/stm32h735g_discovery.o
                0x08004b74                BSP_LED_Toggle
 .text.BSP_PB_Init
                0x08004bb0       0xe4 ./Drivers/BSP/stm32h735g_discovery.o
                0x08004bb0                BSP_PB_Init
 .text.BSP_PB_GetState
                0x08004c94       0x2c ./Drivers/BSP/stm32h735g_discovery.o
                0x08004c94                BSP_PB_GetState
 .text.BUTTON_USER_EXTI_Callback
                0x08004cc0        0xe ./Drivers/BSP/stm32h735g_discovery.o
 .text.BSP_PB_Callback
                0x08004cce       0x16 ./Drivers/BSP/stm32h735g_discovery.o
                0x08004cce                BSP_PB_Callback
 .text.BSP_AUDIO_OUT_Init
                0x08004ce4      0x25c ./Drivers/BSP/stm32h735g_discovery_audio.o
                0x08004ce4                BSP_AUDIO_OUT_Init
 .text.MX_SAI1_Block_B_Init
                0x08004f40      0x120 ./Drivers/BSP/stm32h735g_discovery_audio.o
                0x08004f40                MX_SAI1_Block_B_Init
 .text.MX_SAI1_ClockConfig
                0x08005060       0x80 ./Drivers/BSP/stm32h735g_discovery_audio.o
                0x08005060                MX_SAI1_ClockConfig
 .text.BSP_AUDIO_OUT_Play
                0x080050e0       0xdc ./Drivers/BSP/stm32h735g_discovery_audio.o
                0x080050e0                BSP_AUDIO_OUT_Play
 .text.BSP_AUDIO_OUT_Stop
                0x080051bc       0xc4 ./Drivers/BSP/stm32h735g_discovery_audio.o
                0x080051bc                BSP_AUDIO_OUT_Stop
 .text.BSP_AUDIO_OUT_IRQHandler
                0x08005280       0x20 ./Drivers/BSP/stm32h735g_discovery_audio.o
                0x08005280                BSP_AUDIO_OUT_IRQHandler
 .text.HAL_SAI_TxCpltCallback
                0x080052a0       0x16 ./Drivers/BSP/stm32h735g_discovery_audio.o
                0x080052a0                HAL_SAI_TxCpltCallback
 .text.HAL_SAI_TxHalfCpltCallback
                0x080052b6       0x16 ./Drivers/BSP/stm32h735g_discovery_audio.o
                0x080052b6                HAL_SAI_TxHalfCpltCallback
 .text.HAL_SAI_ErrorCallback
                0x080052cc       0x2c ./Drivers/BSP/stm32h735g_discovery_audio.o
                0x080052cc                HAL_SAI_ErrorCallback
 .text.BSP_AUDIO_OUT_TransferComplete_CallBack
                0x080052f8       0x14 ./Drivers/BSP/stm32h735g_discovery_audio.o
                0x080052f8                BSP_AUDIO_OUT_TransferComplete_CallBack
 .text.BSP_AUDIO_OUT_HalfTransfer_CallBack
                0x0800530c       0x14 ./Drivers/BSP/stm32h735g_discovery_audio.o
                0x0800530c                BSP_AUDIO_OUT_HalfTransfer_CallBack
 .text.BSP_AUDIO_OUT_Error_CallBack
                0x08005320       0x14 ./Drivers/BSP/stm32h735g_discovery_audio.o
                0x08005320                BSP_AUDIO_OUT_Error_CallBack
 .text.WM8994_Probe
                0x08005334       0xb4 ./Drivers/BSP/stm32h735g_discovery_audio.o
 .text.SAI_MspInit
                0x080053e8      0x4f4 ./Drivers/BSP/stm32h735g_discovery_audio.o
 .text.BSP_AUDIO_IN_Init
                0x080058dc      0x85c ./Drivers/BSP/stm32h735g_discovery_audio.o
                0x080058dc                BSP_AUDIO_IN_Init
 .text.MX_DFSDM1_ClockConfig
                0x08006138       0x50 ./Drivers/BSP/stm32h735g_discovery_audio.o
                0x08006138                MX_DFSDM1_ClockConfig
 .text.MX_SAI4_ClockConfig
                0x08006188       0x90 ./Drivers/BSP/stm32h735g_discovery_audio.o
                0x08006188                MX_SAI4_ClockConfig
 .text.MX_DFSDM1_Init
                0x08006218       0xfe ./Drivers/BSP/stm32h735g_discovery_audio.o
                0x08006218                MX_DFSDM1_Init
 .text.MX_SAI1_Block_A_Init
                0x08006316      0x110 ./Drivers/BSP/stm32h735g_discovery_audio.o
                0x08006316                MX_SAI1_Block_A_Init
 .text.MX_SAI4_Block_A_Init
                0x08006426      0x10a ./Drivers/BSP/stm32h735g_discovery_audio.o
                0x08006426                MX_SAI4_Block_A_Init
 .text.BSP_AUDIO_IN_PDMToPCM_Init
                0x08006530      0x148 ./Drivers/BSP/stm32h735g_discovery_audio.o
                0x08006530                BSP_AUDIO_IN_PDMToPCM_Init
 .text.BSP_AUDIO_IN_Record
                0x08006678      0x1f8 ./Drivers/BSP/stm32h735g_discovery_audio.o
                0x08006678                BSP_AUDIO_IN_Record
 .text.BSP_AUDIO_IN_Stop
                0x08006870      0x168 ./Drivers/BSP/stm32h735g_discovery_audio.o
                0x08006870                BSP_AUDIO_IN_Stop
 .text.BSP_AUDIO_IN_IRQHandler
                0x080069d8       0xa0 ./Drivers/BSP/stm32h735g_discovery_audio.o
                0x080069d8                BSP_AUDIO_IN_IRQHandler
 .text.HAL_DFSDM_FilterRegConvCpltCallback
                0x08006a78      0x4b8 ./Drivers/BSP/stm32h735g_discovery_audio.o
                0x08006a78                HAL_DFSDM_FilterRegConvCpltCallback
 .text.HAL_DFSDM_FilterRegConvHalfCpltCallback
                0x08006f30      0x4b0 ./Drivers/BSP/stm32h735g_discovery_audio.o
                0x08006f30                HAL_DFSDM_FilterRegConvHalfCpltCallback
 .text.HAL_SAI_RxHalfCpltCallback
                0x080073e0       0x16 ./Drivers/BSP/stm32h735g_discovery_audio.o
                0x080073e0                HAL_SAI_RxHalfCpltCallback
 .text.HAL_SAI_RxCpltCallback
                0x080073f6       0x16 ./Drivers/BSP/stm32h735g_discovery_audio.o
                0x080073f6                HAL_SAI_RxCpltCallback
 .text.BSP_AUDIO_IN_TransferComplete_CallBack
                0x0800740c       0x14 ./Drivers/BSP/stm32h735g_discovery_audio.o
                0x0800740c                BSP_AUDIO_IN_TransferComplete_CallBack
 .text.BSP_AUDIO_IN_HalfTransfer_CallBack
                0x08007420       0x14 ./Drivers/BSP/stm32h735g_discovery_audio.o
                0x08007420                BSP_AUDIO_IN_HalfTransfer_CallBack
 .text.BSP_AUDIO_IN_Error_CallBack
                0x08007434       0x14 ./Drivers/BSP/stm32h735g_discovery_audio.o
                0x08007434                BSP_AUDIO_IN_Error_CallBack
 .text.DFSDM_ChannelMspInit
                0x08007448      0x148 ./Drivers/BSP/stm32h735g_discovery_audio.o
 .text.DFSDM_FilterMspInit
                0x08007590      0x3ac ./Drivers/BSP/stm32h735g_discovery_audio.o
 .text.BSP_I2C4_Init
                0x0800793c       0x74 ./Drivers/BSP/stm32h735g_discovery_bus.o
                0x0800793c                BSP_I2C4_Init
 .text.BSP_I2C4_DeInit
                0x080079b0       0x50 ./Drivers/BSP/stm32h735g_discovery_bus.o
                0x080079b0                BSP_I2C4_DeInit
 .text.MX_I2C4_Init
                0x08007a00       0x84 ./Drivers/BSP/stm32h735g_discovery_bus.o
                0x08007a00                MX_I2C4_Init
 .text.BSP_I2C4_WriteReg
                0x08007a84       0x5c ./Drivers/BSP/stm32h735g_discovery_bus.o
                0x08007a84                BSP_I2C4_WriteReg
 .text.BSP_I2C4_ReadReg
                0x08007ae0       0x5c ./Drivers/BSP/stm32h735g_discovery_bus.o
                0x08007ae0                BSP_I2C4_ReadReg
 .text.BSP_I2C4_WriteReg16
                0x08007b3c       0x5c ./Drivers/BSP/stm32h735g_discovery_bus.o
                0x08007b3c                BSP_I2C4_WriteReg16
 .text.BSP_I2C4_ReadReg16
                0x08007b98       0x5c ./Drivers/BSP/stm32h735g_discovery_bus.o
                0x08007b98                BSP_I2C4_ReadReg16
 .text.BSP_GetTick
                0x08007bf4        0xe ./Drivers/BSP/stm32h735g_discovery_bus.o
                0x08007bf4                BSP_GetTick
 *fill*         0x08007c02        0x2 
 .text.I2C_GetTiming
                0x08007c04      0x100 ./Drivers/BSP/stm32h735g_discovery_bus.o
 .text.I2C_Compute_PRESC_SCLDEL_SDADEL
                0x08007d04      0x1dc ./Drivers/BSP/stm32h735g_discovery_bus.o
 .text.I2C_Compute_SCLL_SCLH
                0x08007ee0      0x210 ./Drivers/BSP/stm32h735g_discovery_bus.o
 .text.I2C4_MspInit
                0x080080f0       0xcc ./Drivers/BSP/stm32h735g_discovery_bus.o
 .text.I2C4_MspDeInit
                0x080081bc       0x48 ./Drivers/BSP/stm32h735g_discovery_bus.o
 .text.I2C4_WriteReg
                0x08008204       0x4c ./Drivers/BSP/stm32h735g_discovery_bus.o
 .text.I2C4_ReadReg
                0x08008250       0x4c ./Drivers/BSP/stm32h735g_discovery_bus.o
 .text.BSP_LCD_Init
                0x0800829c       0x28 ./Drivers/BSP/stm32h735g_discovery_lcd.o
                0x0800829c                BSP_LCD_Init
 .text.BSP_LCD_InitEx
                0x080082c4      0x19c ./Drivers/BSP/stm32h735g_discovery_lcd.o
                0x080082c4                BSP_LCD_InitEx
 .text.MX_LTDC_Init
                0x08008460       0x98 ./Drivers/BSP/stm32h735g_discovery_lcd.o
                0x08008460                MX_LTDC_Init
 .text.MX_LTDC_ConfigLayer
                0x080084f8       0x84 ./Drivers/BSP/stm32h735g_discovery_lcd.o
                0x080084f8                MX_LTDC_ConfigLayer
 .text.MX_LTDC_ClockConfig
                0x0800857c       0x48 ./Drivers/BSP/stm32h735g_discovery_lcd.o
                0x0800857c                MX_LTDC_ClockConfig
 .text.BSP_LCD_GetPixelFormat
                0x080085c4       0x44 ./Drivers/BSP/stm32h735g_discovery_lcd.o
                0x080085c4                BSP_LCD_GetPixelFormat
 .text.BSP_LCD_SetActiveLayer
                0x08008608       0x44 ./Drivers/BSP/stm32h735g_discovery_lcd.o
                0x08008608                BSP_LCD_SetActiveLayer
 .text.BSP_LCD_GetXSize
                0x0800864c       0x44 ./Drivers/BSP/stm32h735g_discovery_lcd.o
                0x0800864c                BSP_LCD_GetXSize
 .text.BSP_LCD_GetYSize
                0x08008690       0x44 ./Drivers/BSP/stm32h735g_discovery_lcd.o
                0x08008690                BSP_LCD_GetYSize
 .text.BSP_LCD_DisplayOn
                0x080086d4       0x58 ./Drivers/BSP/stm32h735g_discovery_lcd.o
                0x080086d4                BSP_LCD_DisplayOn
 .text.BSP_LCD_DrawBitmap
                0x0800872c      0x18c ./Drivers/BSP/stm32h735g_discovery_lcd.o
                0x0800872c                BSP_LCD_DrawBitmap
 .text.BSP_LCD_FillRGBRect
                0x080088b8       0x88 ./Drivers/BSP/stm32h735g_discovery_lcd.o
                0x080088b8                BSP_LCD_FillRGBRect
 .text.BSP_LCD_DrawHLine
                0x08008940       0x94 ./Drivers/BSP/stm32h735g_discovery_lcd.o
                0x08008940                BSP_LCD_DrawHLine
 .text.BSP_LCD_DrawVLine
                0x080089d4       0xa4 ./Drivers/BSP/stm32h735g_discovery_lcd.o
                0x080089d4                BSP_LCD_DrawVLine
 .text.BSP_LCD_FillRect
                0x08008a78       0xa8 ./Drivers/BSP/stm32h735g_discovery_lcd.o
                0x08008a78                BSP_LCD_FillRect
 .text.BSP_LCD_ReadPixel
                0x08008b20       0xd8 ./Drivers/BSP/stm32h735g_discovery_lcd.o
                0x08008b20                BSP_LCD_ReadPixel
 .text.BSP_LCD_WritePixel
                0x08008bf8       0xd4 ./Drivers/BSP/stm32h735g_discovery_lcd.o
                0x08008bf8                BSP_LCD_WritePixel
 .text.LL_FillBuffer
                0x08008ccc       0xdc ./Drivers/BSP/stm32h735g_discovery_lcd.o
 .text.LL_ConvertLineToRGB
                0x08008da8       0xb0 ./Drivers/BSP/stm32h735g_discovery_lcd.o
 .text.LTDC_MspInit
                0x08008e58      0x2a4 ./Drivers/BSP/stm32h735g_discovery_lcd.o
 .text.DMA2D_MspInit
                0x080090fc       0x5c ./Drivers/BSP/stm32h735g_discovery_lcd.o
 .text.BSP_OSPI_RAM_Init
                0x08009158       0xe8 ./Drivers/BSP/stm32h735g_discovery_ospi.o
                0x08009158                BSP_OSPI_RAM_Init
 .text.MX_OSPI_ClockConfig
                0x08009240       0x4c ./Drivers/BSP/stm32h735g_discovery_ospi.o
                0x08009240                MX_OSPI_ClockConfig
 .text.MX_OSPI_RAM_Init
                0x0800928c       0xb4 ./Drivers/BSP/stm32h735g_discovery_ospi.o
                0x0800928c                MX_OSPI_RAM_Init
 .text.BSP_OSPI_RAM_EnableMemoryMappedMode
                0x08009340       0x58 ./Drivers/BSP/stm32h735g_discovery_ospi.o
                0x08009340                BSP_OSPI_RAM_EnableMemoryMappedMode
 .text.BSP_OSPI_RAM_ConfigHyperRAM
                0x08009398      0x250 ./Drivers/BSP/stm32h735g_discovery_ospi.o
                0x08009398                BSP_OSPI_RAM_ConfigHyperRAM
 .text.OSPI_RAM_MspInit
                0x080095e8      0x350 ./Drivers/BSP/stm32h735g_discovery_ospi.o
 .text.BSP_TS_Init
                0x08009938      0x194 ./Drivers/BSP/stm32h735g_discovery_ts.o
                0x08009938                BSP_TS_Init
 .text.BSP_TS_GetState
                0x08009acc      0x2b0 ./Drivers/BSP/stm32h735g_discovery_ts.o
                0x08009acc                BSP_TS_GetState
 .text.GT911_Probe
                0x08009d7c       0xcc ./Drivers/BSP/stm32h735g_discovery_ts.o
                0x08009d7c                GT911_Probe
 .text.FT5336_Probe
                0x08009e48       0xc8 ./Drivers/BSP/stm32h735g_discovery_ts.o
                0x08009e48                FT5336_Probe
 .text.HAL_Init
                0x08009f10       0x78 ./Drivers/HAL_Drivers_Manual/Src/stm32h7xx_hal.o
                0x08009f10                HAL_Init
 .text.HAL_InitTick
                0x08009f88       0x6c ./Drivers/HAL_Drivers_Manual/Src/stm32h7xx_hal.o
                0x08009f88                HAL_InitTick
 .text.HAL_IncTick
                0x08009ff4       0x28 ./Drivers/HAL_Drivers_Manual/Src/stm32h7xx_hal.o
                0x08009ff4                HAL_IncTick
 .text.HAL_GetTick
                0x0800a01c       0x18 ./Drivers/HAL_Drivers_Manual/Src/stm32h7xx_hal.o
                0x0800a01c                HAL_GetTick
 .text.HAL_Delay
                0x0800a034       0x48 ./Drivers/HAL_Drivers_Manual/Src/stm32h7xx_hal.o
                0x0800a034                HAL_Delay
 .text.HAL_SYSCFG_AnalogSwitchConfig
                0x0800a07c       0x2c ./Drivers/HAL_Drivers_Manual/Src/stm32h7xx_hal.o
                0x0800a07c                HAL_SYSCFG_AnalogSwitchConfig
 .text.__NVIC_SetPriorityGrouping
                0x0800a0a8       0x48 ./Drivers/HAL_Drivers_Manual/Src/stm32h7xx_hal_cortex.o
 .text.__NVIC_GetPriorityGrouping
                0x0800a0f0       0x1c ./Drivers/HAL_Drivers_Manual/Src/stm32h7xx_hal_cortex.o
 .text.__NVIC_EnableIRQ
                0x0800a10c       0x3c ./Drivers/HAL_Drivers_Manual/Src/stm32h7xx_hal_cortex.o
 .text.__NVIC_SetPriority
                0x0800a148       0x54 ./Drivers/HAL_Drivers_Manual/Src/stm32h7xx_hal_cortex.o
 .text.NVIC_EncodePriority
                0x0800a19c       0x66 ./Drivers/HAL_Drivers_Manual/Src/stm32h7xx_hal_cortex.o
 *fill*         0x0800a202        0x2 
 .text.SysTick_Config
                0x0800a204       0x44 ./Drivers/HAL_Drivers_Manual/Src/stm32h7xx_hal_cortex.o
 .text.HAL_NVIC_SetPriorityGrouping
                0x0800a248       0x16 ./Drivers/HAL_Drivers_Manual/Src/stm32h7xx_hal_cortex.o
                0x0800a248                HAL_NVIC_SetPriorityGrouping
 .text.HAL_NVIC_SetPriority
                0x0800a25e       0x34 ./Drivers/HAL_Drivers_Manual/Src/stm32h7xx_hal_cortex.o
                0x0800a25e                HAL_NVIC_SetPriority
 .text.HAL_NVIC_EnableIRQ
                0x0800a292       0x1c ./Drivers/HAL_Drivers_Manual/Src/stm32h7xx_hal_cortex.o
                0x0800a292                HAL_NVIC_EnableIRQ
 .text.HAL_SYSTICK_Config
                0x0800a2ae       0x18 ./Drivers/HAL_Drivers_Manual/Src/stm32h7xx_hal_cortex.o
                0x0800a2ae                HAL_SYSTICK_Config
 *fill*         0x0800a2c6        0x2 
 .text.HAL_MPU_Disable
                0x0800a2c8       0x30 ./Drivers/HAL_Drivers_Manual/Src/stm32h7xx_hal_cortex.o
                0x0800a2c8                HAL_MPU_Disable
 .text.HAL_MPU_Enable
                0x0800a2f8       0x40 ./Drivers/HAL_Drivers_Manual/Src/stm32h7xx_hal_cortex.o
                0x0800a2f8                HAL_MPU_Enable
 .text.HAL_MPU_ConfigRegion
                0x0800a338       0x80 ./Drivers/HAL_Drivers_Manual/Src/stm32h7xx_hal_cortex.o
                0x0800a338                HAL_MPU_ConfigRegion
 .text.HAL_DFSDM_ChannelInit
                0x0800a3b8      0x190 ./Drivers/HAL_Drivers_Manual/Src/stm32h7xx_hal_dfsdm.o
                0x0800a3b8                HAL_DFSDM_ChannelInit
 .text.HAL_DFSDM_ChannelMspInit
                0x0800a548       0x14 ./Drivers/HAL_Drivers_Manual/Src/stm32h7xx_hal_dfsdm.o
                0x0800a548                HAL_DFSDM_ChannelMspInit
 .text.HAL_DFSDM_FilterInit
                0x0800a55c      0x1b8 ./Drivers/HAL_Drivers_Manual/Src/stm32h7xx_hal_dfsdm.o
                0x0800a55c                HAL_DFSDM_FilterInit
 .text.HAL_DFSDM_FilterMspInit
                0x0800a714       0x14 ./Drivers/HAL_Drivers_Manual/Src/stm32h7xx_hal_dfsdm.o
                0x0800a714                HAL_DFSDM_FilterMspInit
 .text.HAL_DFSDM_FilterConfigRegChannel
                0x0800a728       0x8c ./Drivers/HAL_Drivers_Manual/Src/stm32h7xx_hal_dfsdm.o
                0x0800a728                HAL_DFSDM_FilterConfigRegChannel
 .text.HAL_DFSDM_FilterRegularStart_DMA
                0x0800a7b4      0x108 ./Drivers/HAL_Drivers_Manual/Src/stm32h7xx_hal_dfsdm.o
                0x0800a7b4                HAL_DFSDM_FilterRegularStart_DMA
 .text.HAL_DFSDM_FilterRegularStop_DMA
                0x0800a8bc       0x54 ./Drivers/HAL_Drivers_Manual/Src/stm32h7xx_hal_dfsdm.o
                0x0800a8bc                HAL_DFSDM_FilterRegularStop_DMA
 .text.HAL_DFSDM_FilterErrorCallback
                0x0800a910       0x14 ./Drivers/HAL_Drivers_Manual/Src/stm32h7xx_hal_dfsdm.o
                0x0800a910                HAL_DFSDM_FilterErrorCallback
 .text.DFSDM_DMARegularHalfConvCplt
                0x0800a924       0x1c ./Drivers/HAL_Drivers_Manual/Src/stm32h7xx_hal_dfsdm.o
 .text.DFSDM_DMARegularConvCplt
                0x0800a940       0x1c ./Drivers/HAL_Drivers_Manual/Src/stm32h7xx_hal_dfsdm.o
 .text.DFSDM_DMAError
                0x0800a95c       0x22 ./Drivers/HAL_Drivers_Manual/Src/stm32h7xx_hal_dfsdm.o
 *fill*         0x0800a97e        0x2 
 .text.DFSDM_GetChannelFromInstance
                0x0800a980       0x98 ./Drivers/HAL_Drivers_Manual/Src/stm32h7xx_hal_dfsdm.o
 .text.DFSDM_RegConvStart
                0x0800aa18       0xac ./Drivers/HAL_Drivers_Manual/Src/stm32h7xx_hal_dfsdm.o
 .text.DFSDM_RegConvStop
                0x0800aac4       0x9a ./Drivers/HAL_Drivers_Manual/Src/stm32h7xx_hal_dfsdm.o
 *fill*         0x0800ab5e        0x2 
 .text.HAL_DMA_Init
                0x0800ab60      0x6b0 ./Drivers/HAL_Drivers_Manual/Src/stm32h7xx_hal_dma.o
                0x0800ab60                HAL_DMA_Init
 .text.HAL_DMA_DeInit
                0x0800b210      0x36c ./Drivers/HAL_Drivers_Manual/Src/stm32h7xx_hal_dma.o
                0x0800b210                HAL_DMA_DeInit
 .text.HAL_DMA_Start_IT
                0x0800b57c      0x4d4 ./Drivers/HAL_Drivers_Manual/Src/stm32h7xx_hal_dma.o
                0x0800b57c                HAL_DMA_Start_IT
 .text.HAL_DMA_Abort
                0x0800ba50      0x63c ./Drivers/HAL_Drivers_Manual/Src/stm32h7xx_hal_dma.o
                0x0800ba50                HAL_DMA_Abort
 .text.HAL_DMA_Abort_IT
                0x0800c08c      0x48c ./Drivers/HAL_Drivers_Manual/Src/stm32h7xx_hal_dma.o
                0x0800c08c                HAL_DMA_Abort_IT
 .text.HAL_DMA_IRQHandler
                0x0800c518      0xe54 ./Drivers/HAL_Drivers_Manual/Src/stm32h7xx_hal_dma.o
                0x0800c518                HAL_DMA_IRQHandler
 .text.HAL_DMA_GetError
                0x0800d36c       0x18 ./Drivers/HAL_Drivers_Manual/Src/stm32h7xx_hal_dma.o
                0x0800d36c                HAL_DMA_GetError
 .text.DMA_SetConfig
                0x0800d384      0x358 ./Drivers/HAL_Drivers_Manual/Src/stm32h7xx_hal_dma.o
 .text.DMA_CalcBaseAndBitshift
                0x0800d6dc      0x164 ./Drivers/HAL_Drivers_Manual/Src/stm32h7xx_hal_dma.o
 .text.DMA_CheckFifoParam
                0x0800d840       0xf8 ./Drivers/HAL_Drivers_Manual/Src/stm32h7xx_hal_dma.o
 .text.DMA_CalcDMAMUXChannelBaseAndMask
                0x0800d938      0x134 ./Drivers/HAL_Drivers_Manual/Src/stm32h7xx_hal_dma.o
 .text.DMA_CalcDMAMUXRequestGenBaseAndMask
                0x0800da6c       0xe8 ./Drivers/HAL_Drivers_Manual/Src/stm32h7xx_hal_dma.o
 .text.HAL_DMA2D_Init
                0x0800db54       0xc8 ./Drivers/HAL_Drivers_Manual/Src/stm32h7xx_hal_dma2d.o
                0x0800db54                HAL_DMA2D_Init
 .text.HAL_DMA2D_MspInit
                0x0800dc1c       0x14 ./Drivers/HAL_Drivers_Manual/Src/stm32h7xx_hal_dma2d.o
                0x0800dc1c                HAL_DMA2D_MspInit
 .text.HAL_DMA2D_Start
                0x0800dc30       0x56 ./Drivers/HAL_Drivers_Manual/Src/stm32h7xx_hal_dma2d.o
                0x0800dc30                HAL_DMA2D_Start
 .text.HAL_DMA2D_PollForTransfer
                0x0800dc86      0x1d2 ./Drivers/HAL_Drivers_Manual/Src/stm32h7xx_hal_dma2d.o
                0x0800dc86                HAL_DMA2D_PollForTransfer
 .text.HAL_DMA2D_ConfigLayer
                0x0800de58      0x15c ./Drivers/HAL_Drivers_Manual/Src/stm32h7xx_hal_dma2d.o
                0x0800de58                HAL_DMA2D_ConfigLayer
 .text.DMA2D_SetConfig
                0x0800dfb4      0x14c ./Drivers/HAL_Drivers_Manual/Src/stm32h7xx_hal_dma2d.o
 .text.HAL_EXTI_RegisterCallback
                0x0800e100       0x3e ./Drivers/HAL_Drivers_Manual/Src/stm32h7xx_hal_exti.o
                0x0800e100                HAL_EXTI_RegisterCallback
 .text.HAL_EXTI_GetHandle
                0x0800e13e       0x28 ./Drivers/HAL_Drivers_Manual/Src/stm32h7xx_hal_exti.o
                0x0800e13e                HAL_EXTI_GetHandle
 *fill*         0x0800e166        0x2 
 .text.HAL_GPIO_Init
                0x0800e168      0x350 ./Drivers/HAL_Drivers_Manual/Src/stm32h7xx_hal_gpio.o
                0x0800e168                HAL_GPIO_Init
 .text.HAL_GPIO_DeInit
                0x0800e4b8      0x204 ./Drivers/HAL_Drivers_Manual/Src/stm32h7xx_hal_gpio.o
                0x0800e4b8                HAL_GPIO_DeInit
 .text.HAL_GPIO_ReadPin
                0x0800e6bc       0x30 ./Drivers/HAL_Drivers_Manual/Src/stm32h7xx_hal_gpio.o
                0x0800e6bc                HAL_GPIO_ReadPin
 .text.HAL_GPIO_WritePin
                0x0800e6ec       0x32 ./Drivers/HAL_Drivers_Manual/Src/stm32h7xx_hal_gpio.o
                0x0800e6ec                HAL_GPIO_WritePin
 .text.HAL_GPIO_TogglePin
                0x0800e71e       0x34 ./Drivers/HAL_Drivers_Manual/Src/stm32h7xx_hal_gpio.o
                0x0800e71e                HAL_GPIO_TogglePin
 *fill*         0x0800e752        0x2 
 .text.HAL_I2C_Init
                0x0800e754      0x138 ./Drivers/HAL_Drivers_Manual/Src/stm32h7xx_hal_i2c.o
                0x0800e754                HAL_I2C_Init
 .text.HAL_I2C_DeInit
                0x0800e88c       0x5e ./Drivers/HAL_Drivers_Manual/Src/stm32h7xx_hal_i2c.o
                0x0800e88c                HAL_I2C_DeInit
 .text.HAL_I2C_MspInit
                0x0800e8ea       0x14 ./Drivers/HAL_Drivers_Manual/Src/stm32h7xx_hal_i2c.o
                0x0800e8ea                HAL_I2C_MspInit
 .text.HAL_I2C_MspDeInit
                0x0800e8fe       0x14 ./Drivers/HAL_Drivers_Manual/Src/stm32h7xx_hal_i2c.o
                0x0800e8fe                HAL_I2C_MspDeInit
 *fill*         0x0800e912        0x2 
 .text.HAL_I2C_Mem_Write
                0x0800e914      0x228 ./Drivers/HAL_Drivers_Manual/Src/stm32h7xx_hal_i2c.o
                0x0800e914                HAL_I2C_Mem_Write
 .text.HAL_I2C_Mem_Read
                0x0800eb3c      0x234 ./Drivers/HAL_Drivers_Manual/Src/stm32h7xx_hal_i2c.o
                0x0800eb3c                HAL_I2C_Mem_Read
 .text.HAL_I2C_GetState
                0x0800ed70       0x1c ./Drivers/HAL_Drivers_Manual/Src/stm32h7xx_hal_i2c.o
                0x0800ed70                HAL_I2C_GetState
 .text.HAL_I2C_GetError
                0x0800ed8c       0x18 ./Drivers/HAL_Drivers_Manual/Src/stm32h7xx_hal_i2c.o
                0x0800ed8c                HAL_I2C_GetError
 .text.I2C_RequestMemoryWrite
                0x0800eda4       0xa8 ./Drivers/HAL_Drivers_Manual/Src/stm32h7xx_hal_i2c.o
 .text.I2C_RequestMemoryRead
                0x0800ee4c       0xa8 ./Drivers/HAL_Drivers_Manual/Src/stm32h7xx_hal_i2c.o
 .text.I2C_Flush_TXDR
                0x0800eef4       0x48 ./Drivers/HAL_Drivers_Manual/Src/stm32h7xx_hal_i2c.o
 .text.I2C_WaitOnFlagUntilTimeout
                0x0800ef3c       0xb2 ./Drivers/HAL_Drivers_Manual/Src/stm32h7xx_hal_i2c.o
 .text.I2C_WaitOnTXISFlagUntilTimeout
                0x0800efee       0x8e ./Drivers/HAL_Drivers_Manual/Src/stm32h7xx_hal_i2c.o
 .text.I2C_WaitOnSTOPFlagUntilTimeout
                0x0800f07c       0x86 ./Drivers/HAL_Drivers_Manual/Src/stm32h7xx_hal_i2c.o
 *fill*         0x0800f102        0x2 
 .text.I2C_IsErrorOccurred
                0x0800f104      0x1c0 ./Drivers/HAL_Drivers_Manual/Src/stm32h7xx_hal_i2c.o
 .text.I2C_TransferConfig
                0x0800f2c4       0x64 ./Drivers/HAL_Drivers_Manual/Src/stm32h7xx_hal_i2c.o
 .text.HAL_I2CEx_ConfigAnalogFilter
                0x0800f328       0x96 ./Drivers/HAL_Drivers_Manual/Src/stm32h7xx_hal_i2c_ex.o
                0x0800f328                HAL_I2CEx_ConfigAnalogFilter
 .text.HAL_I2CEx_ConfigDigitalFilter
                0x0800f3be       0x98 ./Drivers/HAL_Drivers_Manual/Src/stm32h7xx_hal_i2c_ex.o
                0x0800f3be                HAL_I2CEx_ConfigDigitalFilter
 .text.HAL_LTDC_Init
                0x0800f456      0x13a ./Drivers/HAL_Drivers_Manual/Src/stm32h7xx_hal_ltdc.o
                0x0800f456                HAL_LTDC_Init
 .text.HAL_LTDC_MspInit
                0x0800f590       0x14 ./Drivers/HAL_Drivers_Manual/Src/stm32h7xx_hal_ltdc.o
                0x0800f590                HAL_LTDC_MspInit
 .text.HAL_LTDC_ConfigLayer
                0x0800f5a4       0x7c ./Drivers/HAL_Drivers_Manual/Src/stm32h7xx_hal_ltdc.o
                0x0800f5a4                HAL_LTDC_ConfigLayer
 .text.LTDC_SetConfig
                0x0800f620      0x2ec ./Drivers/HAL_Drivers_Manual/Src/stm32h7xx_hal_ltdc.o
 .text.HAL_MDMA_Init
                0x0800f90c       0x98 ./Drivers/HAL_Drivers_Manual/Src/stm32h7xx_hal_mdma.o
                0x0800f90c                HAL_MDMA_Init
 .text.MDMA_Init
                0x0800f9a4      0x130 ./Drivers/HAL_Drivers_Manual/Src/stm32h7xx_hal_mdma.o
 .text.HAL_OSPI_Init
                0x0800fad4      0x178 ./Drivers/HAL_Drivers_Manual/Src/stm32h7xx_hal_ospi.o
                0x0800fad4                HAL_OSPI_Init
 .text.HAL_OSPI_DeInit
                0x0800fc4c       0x4e ./Drivers/HAL_Drivers_Manual/Src/stm32h7xx_hal_ospi.o
                0x0800fc4c                HAL_OSPI_DeInit
 .text.HAL_OSPI_HyperbusCfg
                0x0800fc9a       0x7e ./Drivers/HAL_Drivers_Manual/Src/stm32h7xx_hal_ospi.o
                0x0800fc9a                HAL_OSPI_HyperbusCfg
 .text.HAL_OSPI_HyperbusCmd
                0x0800fd18       0xc2 ./Drivers/HAL_Drivers_Manual/Src/stm32h7xx_hal_ospi.o
                0x0800fd18                HAL_OSPI_HyperbusCmd
 .text.HAL_OSPI_Transmit
                0x0800fdda       0xe6 ./Drivers/HAL_Drivers_Manual/Src/stm32h7xx_hal_ospi.o
                0x0800fdda                HAL_OSPI_Transmit
 .text.HAL_OSPI_Receive
                0x0800fec0      0x146 ./Drivers/HAL_Drivers_Manual/Src/stm32h7xx_hal_ospi.o
                0x0800fec0                HAL_OSPI_Receive
 *fill*         0x08010006        0x2 
 .text.HAL_OSPI_MemoryMapped
                0x08010008       0x9c ./Drivers/HAL_Drivers_Manual/Src/stm32h7xx_hal_ospi.o
                0x08010008                HAL_OSPI_MemoryMapped
 .text.HAL_OSPI_SetTimeout
                0x080100a4       0x1e ./Drivers/HAL_Drivers_Manual/Src/stm32h7xx_hal_ospi.o
                0x080100a4                HAL_OSPI_SetTimeout
 .text.OSPI_WaitFlagStateUntilTimeout
                0x080100c2       0x6e ./Drivers/HAL_Drivers_Manual/Src/stm32h7xx_hal_ospi.o
 .text.HAL_PWREx_ConfigSupply
                0x08010130       0xb4 ./Drivers/HAL_Drivers_Manual/Src/stm32h7xx_hal_pwr_ex.o
                0x08010130                HAL_PWREx_ConfigSupply
 .text.HAL_RCC_OscConfig
                0x080101e4      0x7b4 ./Drivers/HAL_Drivers_Manual/Src/stm32h7xx_hal_rcc.o
                0x080101e4                HAL_RCC_OscConfig
 .text.HAL_RCC_ClockConfig
                0x08010998      0x36c ./Drivers/HAL_Drivers_Manual/Src/stm32h7xx_hal_rcc.o
                0x08010998                HAL_RCC_ClockConfig
 .text.HAL_RCC_GetSysClockFreq
                0x08010d04      0x2f4 ./Drivers/HAL_Drivers_Manual/Src/stm32h7xx_hal_rcc.o
                0x08010d04                HAL_RCC_GetSysClockFreq
 .text.HAL_RCC_GetHCLKFreq
                0x08010ff8       0x60 ./Drivers/HAL_Drivers_Manual/Src/stm32h7xx_hal_rcc.o
                0x08010ff8                HAL_RCC_GetHCLKFreq
 .text.HAL_RCC_GetPCLK1Freq
                0x08011058       0x2c ./Drivers/HAL_Drivers_Manual/Src/stm32h7xx_hal_rcc.o
                0x08011058                HAL_RCC_GetPCLK1Freq
 .text.HAL_RCC_GetPCLK2Freq
                0x08011084       0x2c ./Drivers/HAL_Drivers_Manual/Src/stm32h7xx_hal_rcc.o
                0x08011084                HAL_RCC_GetPCLK2Freq
 .text.HAL_RCCEx_PeriphCLKConfig
                0x080110b0     0x1340 ./Drivers/HAL_Drivers_Manual/Src/stm32h7xx_hal_rcc_ex.o
                0x080110b0                HAL_RCCEx_PeriphCLKConfig
 .text.HAL_RCCEx_GetPeriphCLKConfig
                0x080123f0      0x2d0 ./Drivers/HAL_Drivers_Manual/Src/stm32h7xx_hal_rcc_ex.o
                0x080123f0                HAL_RCCEx_GetPeriphCLKConfig
 .text.HAL_RCCEx_GetPeriphCLKFreq
                0x080126c0      0x9a4 ./Drivers/HAL_Drivers_Manual/Src/stm32h7xx_hal_rcc_ex.o
                0x080126c0                HAL_RCCEx_GetPeriphCLKFreq
 .text.HAL_RCCEx_GetD3PCLK1Freq
                0x08013064       0x2c ./Drivers/HAL_Drivers_Manual/Src/stm32h7xx_hal_rcc_ex.o
                0x08013064                HAL_RCCEx_GetD3PCLK1Freq
 .text.HAL_RCCEx_GetPLL2ClockFreq
                0x08013090      0x2a8 ./Drivers/HAL_Drivers_Manual/Src/stm32h7xx_hal_rcc_ex.o
                0x08013090                HAL_RCCEx_GetPLL2ClockFreq
 .text.HAL_RCCEx_GetPLL3ClockFreq
                0x08013338      0x2a8 ./Drivers/HAL_Drivers_Manual/Src/stm32h7xx_hal_rcc_ex.o
                0x08013338                HAL_RCCEx_GetPLL3ClockFreq
 .text.HAL_RCCEx_GetPLL1ClockFreq
                0x080135e0      0x2a4 ./Drivers/HAL_Drivers_Manual/Src/stm32h7xx_hal_rcc_ex.o
                0x080135e0                HAL_RCCEx_GetPLL1ClockFreq
 .text.RCCEx_PLL2_Config
                0x08013884      0x164 ./Drivers/HAL_Drivers_Manual/Src/stm32h7xx_hal_rcc_ex.o
 .text.RCCEx_PLL3_Config
                0x080139e8      0x164 ./Drivers/HAL_Drivers_Manual/Src/stm32h7xx_hal_rcc_ex.o
 .text.HAL_SAI_Init
                0x08013b4c      0x434 ./Drivers/HAL_Drivers_Manual/Src/stm32h7xx_hal_sai.o
                0x08013b4c                HAL_SAI_Init
 .text.HAL_SAI_MspInit
                0x08013f80       0x14 ./Drivers/HAL_Drivers_Manual/Src/stm32h7xx_hal_sai.o
                0x08013f80                HAL_SAI_MspInit
 .text.HAL_SAI_Transmit
                0x08013f94      0x20c ./Drivers/HAL_Drivers_Manual/Src/stm32h7xx_hal_sai.o
                0x08013f94                HAL_SAI_Transmit
 .text.HAL_SAI_DMAStop
                0x080141a0       0xfc ./Drivers/HAL_Drivers_Manual/Src/stm32h7xx_hal_sai.o
                0x080141a0                HAL_SAI_DMAStop
 .text.HAL_SAI_Abort
                0x0801429c      0x11e ./Drivers/HAL_Drivers_Manual/Src/stm32h7xx_hal_sai.o
                0x0801429c                HAL_SAI_Abort
 *fill*         0x080143ba        0x2 
 .text.HAL_SAI_Transmit_DMA
                0x080143bc      0x16c ./Drivers/HAL_Drivers_Manual/Src/stm32h7xx_hal_sai.o
                0x080143bc                HAL_SAI_Transmit_DMA
 .text.HAL_SAI_Receive_DMA
                0x08014528      0x128 ./Drivers/HAL_Drivers_Manual/Src/stm32h7xx_hal_sai.o
                0x08014528                HAL_SAI_Receive_DMA
 .text.HAL_SAI_IRQHandler
                0x08014650      0x370 ./Drivers/HAL_Drivers_Manual/Src/stm32h7xx_hal_sai.o
                0x08014650                HAL_SAI_IRQHandler
 .text.SAI_FillFifo
                0x080149c0      0x106 ./Drivers/HAL_Drivers_Manual/Src/stm32h7xx_hal_sai.o
 .text.SAI_InterruptFlag
                0x08014ac6       0x6e ./Drivers/HAL_Drivers_Manual/Src/stm32h7xx_hal_sai.o
 .text.SAI_Disable
                0x08014b34       0x74 ./Drivers/HAL_Drivers_Manual/Src/stm32h7xx_hal_sai.o
 .text.SAI_DMATxCplt
                0x08014ba8       0x60 ./Drivers/HAL_Drivers_Manual/Src/stm32h7xx_hal_sai.o
 .text.SAI_DMATxHalfCplt
                0x08014c08       0x1c ./Drivers/HAL_Drivers_Manual/Src/stm32h7xx_hal_sai.o
 .text.SAI_DMARxCplt
                0x08014c24       0x60 ./Drivers/HAL_Drivers_Manual/Src/stm32h7xx_hal_sai.o
 .text.SAI_DMARxHalfCplt
                0x08014c84       0x1c ./Drivers/HAL_Drivers_Manual/Src/stm32h7xx_hal_sai.o
 .text.SAI_DMAError
                0x08014ca0       0x5e ./Drivers/HAL_Drivers_Manual/Src/stm32h7xx_hal_sai.o
 .text.SAI_DMAAbort
                0x08014cfe       0x6e ./Drivers/HAL_Drivers_Manual/Src/stm32h7xx_hal_sai.o
 .text.UTIL_LCD_SetFuncDriver
                0x08014d6c       0xac ./Drivers/Utils/stm32_lcd.o
                0x08014d6c                UTIL_LCD_SetFuncDriver
 .text.UTIL_LCD_SetLayer
                0x08014e18       0x3c ./Drivers/Utils/stm32_lcd.o
                0x08014e18                UTIL_LCD_SetLayer
 .text.UTIL_LCD_SetDevice
                0x08014e54       0x40 ./Drivers/Utils/stm32_lcd.o
                0x08014e54                UTIL_LCD_SetDevice
 .text.UTIL_LCD_SetTextColor
                0x08014e94       0x28 ./Drivers/Utils/stm32_lcd.o
                0x08014e94                UTIL_LCD_SetTextColor
 .text.UTIL_LCD_SetBackColor
                0x08014ebc       0x28 ./Drivers/Utils/stm32_lcd.o
                0x08014ebc                UTIL_LCD_SetBackColor
 .text.UTIL_LCD_SetFont
                0x08014ee4       0x28 ./Drivers/Utils/stm32_lcd.o
                0x08014ee4                UTIL_LCD_SetFont
 .text.UTIL_LCD_FillRGBRect
                0x08014f0c       0x38 ./Drivers/Utils/stm32_lcd.o
                0x08014f0c                UTIL_LCD_FillRGBRect
 .text.UTIL_LCD_DrawHLine
                0x08014f44       0x6c ./Drivers/Utils/stm32_lcd.o
                0x08014f44                UTIL_LCD_DrawHLine
 .text.UTIL_LCD_DrawVLine
                0x08014fb0       0x6c ./Drivers/Utils/stm32_lcd.o
                0x08014fb0                UTIL_LCD_DrawVLine
 .text.UTIL_LCD_Clear
                0x0801501c       0x2c ./Drivers/Utils/stm32_lcd.o
                0x0801501c                UTIL_LCD_Clear
 .text.UTIL_LCD_DisplayChar
                0x08015048       0x6c ./Drivers/Utils/stm32_lcd.o
                0x08015048                UTIL_LCD_DisplayChar
 .text.UTIL_LCD_DisplayStringAt
                0x080150b4      0x15c ./Drivers/Utils/stm32_lcd.o
                0x080150b4                UTIL_LCD_DisplayStringAt
 .text.UTIL_LCD_DrawRect
                0x08015210       0x52 ./Drivers/Utils/stm32_lcd.o
                0x08015210                UTIL_LCD_DrawRect
 *fill*         0x08015262        0x2 
 .text.UTIL_LCD_FillRect
                0x08015264       0x74 ./Drivers/Utils/stm32_lcd.o
                0x08015264                UTIL_LCD_FillRect
 .text.DrawChar
                0x080152d8      0x2b4 ./Drivers/Utils/stm32_lcd.o
 .text.D16_GENERIC
                0x0801558c      0x110 C:\Users\Admin\GitHub\Microcontroller2\PlsWork\Drivers\Middleware\Lib\libPDMFilter_CM7_GCC_wc32.a(pdm_filter.o)
 .text.D24_GENERIC
                0x0801569c      0x178 C:\Users\Admin\GitHub\Microcontroller2\PlsWork\Drivers\Middleware\Lib\libPDMFilter_CM7_GCC_wc32.a(pdm_filter.o)
 .text.D32_GENERIC
                0x08015814      0x188 C:\Users\Admin\GitHub\Microcontroller2\PlsWork\Drivers\Middleware\Lib\libPDMFilter_CM7_GCC_wc32.a(pdm_filter.o)
 .text.D48_GENERIC
                0x0801599c      0x1e4 C:\Users\Admin\GitHub\Microcontroller2\PlsWork\Drivers\Middleware\Lib\libPDMFilter_CM7_GCC_wc32.a(pdm_filter.o)
 .text.D64_GENERIC
                0x08015b80      0x238 C:\Users\Admin\GitHub\Microcontroller2\PlsWork\Drivers\Middleware\Lib\libPDMFilter_CM7_GCC_wc32.a(pdm_filter.o)
 .text.D80_GENERIC
                0x08015db8      0x298 C:\Users\Admin\GitHub\Microcontroller2\PlsWork\Drivers\Middleware\Lib\libPDMFilter_CM7_GCC_wc32.a(pdm_filter.o)
 .text.D128_GENERIC
                0x08016050      0x3b8 C:\Users\Admin\GitHub\Microcontroller2\PlsWork\Drivers\Middleware\Lib\libPDMFilter_CM7_GCC_wc32.a(pdm_filter.o)
 .text.D16_1CH_HTONS_VOL_HP
                0x08016408       0xe0 C:\Users\Admin\GitHub\Microcontroller2\PlsWork\Drivers\Middleware\Lib\libPDMFilter_CM7_GCC_wc32.a(pdm_filter.o)
 .text.D24_1CH_HTONS_VOL_HP
                0x080164e8      0x13c C:\Users\Admin\GitHub\Microcontroller2\PlsWork\Drivers\Middleware\Lib\libPDMFilter_CM7_GCC_wc32.a(pdm_filter.o)
 .text.D32_1CH_HTONS_VOL_HP
                0x08016624      0x12c C:\Users\Admin\GitHub\Microcontroller2\PlsWork\Drivers\Middleware\Lib\libPDMFilter_CM7_GCC_wc32.a(pdm_filter.o)
 .text.D48_1CH_HTONS_VOL_HP
                0x08016750      0x16c C:\Users\Admin\GitHub\Microcontroller2\PlsWork\Drivers\Middleware\Lib\libPDMFilter_CM7_GCC_wc32.a(pdm_filter.o)
 .text.D64_1CH_HTONS_VOL_HP
                0x080168bc      0x1ac C:\Users\Admin\GitHub\Microcontroller2\PlsWork\Drivers\Middleware\Lib\libPDMFilter_CM7_GCC_wc32.a(pdm_filter.o)
 .text.D80_1CH_HTONS_VOL_HP
                0x08016a68      0x1fc C:\Users\Admin\GitHub\Microcontroller2\PlsWork\Drivers\Middleware\Lib\libPDMFilter_CM7_GCC_wc32.a(pdm_filter.o)
 .text.D128_1CH_HTONS_VOL_HP
                0x08016c64      0x2ec C:\Users\Admin\GitHub\Microcontroller2\PlsWork\Drivers\Middleware\Lib\libPDMFilter_CM7_GCC_wc32.a(pdm_filter.o)
 .text.PDM_Filter_Init
                0x08016f50      0x1a0 C:\Users\Admin\GitHub\Microcontroller2\PlsWork\Drivers\Middleware\Lib\libPDMFilter_CM7_GCC_wc32.a(pdm_filter.o)
                0x08016f50                PDM_Filter_Init
 .text.PDM_Filter_setConfig
                0x080170f0      0x1f4 C:\Users\Admin\GitHub\Microcontroller2\PlsWork\Drivers\Middleware\Lib\libPDMFilter_CM7_GCC_wc32.a(pdm_filter.o)
                0x080170f0                PDM_Filter_setConfig
 .text.memset   0x080172e4       0x10 C:/ST/STM32CubeIDE_1.18.1/STM32CubeIDE/plugins/com.st.stm32cube.ide.mcu.externaltools.gnu-tools-for-stm32.13.3.rel1.win32_1.0.0.202411081344/tools/bin/../lib/gcc/arm-none-eabi/13.3.1/../../../../arm-none-eabi/lib/thumb/v7e-m+dp/hard\libc_nano.a(libc_a-memset.o)
                0x080172e4                memset
 .text.__errno  0x080172f4        0xc C:/ST/STM32CubeIDE_1.18.1/STM32CubeIDE/plugins/com.st.stm32cube.ide.mcu.externaltools.gnu-tools-for-stm32.13.3.rel1.win32_1.0.0.202411081344/tools/bin/../lib/gcc/arm-none-eabi/13.3.1/../../../../arm-none-eabi/lib/thumb/v7e-m+dp/hard\libc_nano.a(libc_a-errno.o)
                0x080172f4                __errno
 .text.__libc_init_array
                0x08017300       0x48 C:/ST/STM32CubeIDE_1.18.1/STM32CubeIDE/plugins/com.st.stm32cube.ide.mcu.externaltools.gnu-tools-for-stm32.13.3.rel1.win32_1.0.0.202411081344/tools/bin/../lib/gcc/arm-none-eabi/13.3.1/../../../../arm-none-eabi/lib/thumb/v7e-m+dp/hard\libc_nano.a(libc_a-init.o)
                0x08017300                __libc_init_array
 .text.checkint
                0x08017348       0x2e C:/ST/STM32CubeIDE_1.18.1/STM32CubeIDE/plugins/com.st.stm32cube.ide.mcu.externaltools.gnu-tools-for-stm32.13.3.rel1.win32_1.0.0.202411081344/tools/bin/../lib/gcc/arm-none-eabi/13.3.1/../../../../arm-none-eabi/lib/thumb/v7e-m+dp/hard\libm.a(libm_a-sf_pow.o)
 *fill*         0x08017376        0x2 
 .text.powf     0x08017378      0x2c0 C:/ST/STM32CubeIDE_1.18.1/STM32CubeIDE/plugins/com.st.stm32cube.ide.mcu.externaltools.gnu-tools-for-stm32.13.3.rel1.win32_1.0.0.202411081344/tools/bin/../lib/gcc/arm-none-eabi/13.3.1/../../../../arm-none-eabi/lib/thumb/v7e-m+dp/hard\libm.a(libm_a-sf_pow.o)
                0x08017378                powf
 .text.with_errnof
                0x08017638       0x1c C:/ST/STM32CubeIDE_1.18.1/STM32CubeIDE/plugins/com.st.stm32cube.ide.mcu.externaltools.gnu-tools-for-stm32.13.3.rel1.win32_1.0.0.202411081344/tools/bin/../lib/gcc/arm-none-eabi/13.3.1/../../../../arm-none-eabi/lib/thumb/v7e-m+dp/hard\libm.a(libm_a-math_errf.o)
 .text.xflowf   0x08017654       0x16 C:/ST/STM32CubeIDE_1.18.1/STM32CubeIDE/plugins/com.st.stm32cube.ide.mcu.externaltools.gnu-tools-for-stm32.13.3.rel1.win32_1.0.0.202411081344/tools/bin/../lib/gcc/arm-none-eabi/13.3.1/../../../../arm-none-eabi/lib/thumb/v7e-m+dp/hard\libm.a(libm_a-math_errf.o)
 *fill*         0x0801766a        0x2 
 .text.__math_uflowf
                0x0801766c        0xc C:/ST/STM32CubeIDE_1.18.1/STM32CubeIDE/plugins/com.st.stm32cube.ide.mcu.externaltools.gnu-tools-for-stm32.13.3.rel1.win32_1.0.0.202411081344/tools/bin/../lib/gcc/arm-none-eabi/13.3.1/../../../../arm-none-eabi/lib/thumb/v7e-m+dp/hard\libm.a(libm_a-math_errf.o)
                0x0801766c                __math_uflowf
 .text.__math_may_uflowf
                0x08017678        0xc C:/ST/STM32CubeIDE_1.18.1/STM32CubeIDE/plugins/com.st.stm32cube.ide.mcu.externaltools.gnu-tools-for-stm32.13.3.rel1.win32_1.0.0.202411081344/tools/bin/../lib/gcc/arm-none-eabi/13.3.1/../../../../arm-none-eabi/lib/thumb/v7e-m+dp/hard\libm.a(libm_a-math_errf.o)
                0x08017678                __math_may_uflowf
 .text.__math_oflowf
                0x08017684        0xc C:/ST/STM32CubeIDE_1.18.1/STM32CubeIDE/plugins/com.st.stm32cube.ide.mcu.externaltools.gnu-tools-for-stm32.13.3.rel1.win32_1.0.0.202411081344/tools/bin/../lib/gcc/arm-none-eabi/13.3.1/../../../../arm-none-eabi/lib/thumb/v7e-m+dp/hard\libm.a(libm_a-math_errf.o)
                0x08017684                __math_oflowf
 .text.__math_divzerof
                0x08017690       0x24 C:/ST/STM32CubeIDE_1.18.1/STM32CubeIDE/plugins/com.st.stm32cube.ide.mcu.externaltools.gnu-tools-for-stm32.13.3.rel1.win32_1.0.0.202411081344/tools/bin/../lib/gcc/arm-none-eabi/13.3.1/../../../../arm-none-eabi/lib/thumb/v7e-m+dp/hard\libm.a(libm_a-math_errf.o)
                0x08017690                __math_divzerof
 .text.__math_invalidf
                0x080176b4       0x1e C:/ST/STM32CubeIDE_1.18.1/STM32CubeIDE/plugins/com.st.stm32cube.ide.mcu.externaltools.gnu-tools-for-stm32.13.3.rel1.win32_1.0.0.202411081344/tools/bin/../lib/gcc/arm-none-eabi/13.3.1/../../../../arm-none-eabi/lib/thumb/v7e-m+dp/hard\libm.a(libm_a-math_errf.o)
                0x080176b4                __math_invalidf
 *(.glue_7)
 .glue_7        0x080176d2        0x0 linker stubs
 *(.glue_7t)
 .glue_7t       0x080176d2        0x0 linker stubs
 *(.eh_frame)
 *fill*         0x080176d2        0x2 
 .eh_frame      0x080176d4        0x0 C:/ST/STM32CubeIDE_1.18.1/STM32CubeIDE/plugins/com.st.stm32cube.ide.mcu.externaltools.gnu-tools-for-stm32.13.3.rel1.win32_1.0.0.202411081344/tools/bin/../lib/gcc/arm-none-eabi/13.3.1/thumb/v7e-m+dp/hard/crtbegin.o
 *(.init)
 .init          0x080176d4        0x4 C:/ST/STM32CubeIDE_1.18.1/STM32CubeIDE/plugins/com.st.stm32cube.ide.mcu.externaltools.gnu-tools-for-stm32.13.3.rel1.win32_1.0.0.202411081344/tools/bin/../lib/gcc/arm-none-eabi/13.3.1/thumb/v7e-m+dp/hard/crti.o
                0x080176d4                _init
 .init          0x080176d8        0x8 C:/ST/STM32CubeIDE_1.18.1/STM32CubeIDE/plugins/com.st.stm32cube.ide.mcu.externaltools.gnu-tools-for-stm32.13.3.rel1.win32_1.0.0.202411081344/tools/bin/../lib/gcc/arm-none-eabi/13.3.1/thumb/v7e-m+dp/hard/crtn.o
 *(.fini)
 .fini          0x080176e0        0x4 C:/ST/STM32CubeIDE_1.18.1/STM32CubeIDE/plugins/com.st.stm32cube.ide.mcu.externaltools.gnu-tools-for-stm32.13.3.rel1.win32_1.0.0.202411081344/tools/bin/../lib/gcc/arm-none-eabi/13.3.1/thumb/v7e-m+dp/hard/crti.o
                0x080176e0                _fini
 .fini          0x080176e4        0x8 C:/ST/STM32CubeIDE_1.18.1/STM32CubeIDE/plugins/com.st.stm32cube.ide.mcu.externaltools.gnu-tools-for-stm32.13.3.rel1.win32_1.0.0.202411081344/tools/bin/../lib/gcc/arm-none-eabi/13.3.1/thumb/v7e-m+dp/hard/crtn.o
                0x080176ec                        . = ALIGN (0x4)
                0x080176ec                        _etext = .

.vfp11_veneer   0x080176ec        0x0
 .vfp11_veneer  0x080176ec        0x0 linker stubs

.v4_bx          0x080176ec        0x0
 .v4_bx         0x080176ec        0x0 linker stubs

.iplt           0x080176ec        0x0
 .iplt          0x080176ec        0x0 C:/ST/STM32CubeIDE_1.18.1/STM32CubeIDE/plugins/com.st.stm32cube.ide.mcu.externaltools.gnu-tools-for-stm32.13.3.rel1.win32_1.0.0.202411081344/tools/bin/../lib/gcc/arm-none-eabi/13.3.1/thumb/v7e-m+dp/hard/crtbegin.o

.rodata         0x080176f0     0x2360
                0x080176f0                        . = ALIGN (0x4)
 *(.rodata)
 .rodata        0x080176f0       0x40 ./Core/Src/state.o
 .rodata        0x08017730       0x78 ./Drivers/BSP/stm32h735g_discovery_audio.o
 .rodata        0x080177a8       0x38 C:\Users\Admin\GitHub\Microcontroller2\PlsWork\Drivers\Middleware\Lib\libPDMFilter_CM7_GCC_wc32.a(pdm_filter.o)
 *(.rodata*)
 .rodata.D1CorePrescTable
                0x080177e0       0x10 ./Core/Src/system_stm32h7xx.o
                0x080177e0                D1CorePrescTable
 .rodata.LED_PIN
                0x080177f0        0x8 ./Drivers/BSP/stm32h735g_discovery.o
 .rodata.BUTTON_EXTI_LINE.2
                0x080177f8        0x4 ./Drivers/BSP/stm32h735g_discovery.o
 .rodata.I2C_Charac
                0x080177fc       0x84 ./Drivers/BSP/stm32h735g_discovery_bus.o
 .rodata.LCD_Driver
                0x08017880       0x2c ./Drivers/BSP/stm32h735g_discovery_lcd.o
                0x08017880                LCD_Driver
 .rodata.Font12_Table
                0x080178ac      0x474 ./Drivers/Fonts/font12.o
                0x080178ac                Font12_Table
 .rodata.Font24_Table
                0x08017d20     0x1ab8 ./Drivers/Fonts/font24.o
                0x08017d20                Font24_Table
 .rodata.flagBitshiftOffset.0
                0x080197d8        0x8 ./Drivers/HAL_Drivers_Manual/Src/stm32h7xx_hal_dma.o
 .rodata.__exp2f_data
                0x080197e0      0x148 C:/ST/STM32CubeIDE_1.18.1/STM32CubeIDE/plugins/com.st.stm32cube.ide.mcu.externaltools.gnu-tools-for-stm32.13.3.rel1.win32_1.0.0.202411081344/tools/bin/../lib/gcc/arm-none-eabi/13.3.1/../../../../arm-none-eabi/lib/thumb/v7e-m+dp/hard\libm.a(libm_a-sf_exp2_data.o)
                0x080197e0                __exp2f_data
 .rodata.__powf_log2_data
                0x08019928      0x128 C:/ST/STM32CubeIDE_1.18.1/STM32CubeIDE/plugins/com.st.stm32cube.ide.mcu.externaltools.gnu-tools-for-stm32.13.3.rel1.win32_1.0.0.202411081344/tools/bin/../lib/gcc/arm-none-eabi/13.3.1/../../../../arm-none-eabi/lib/thumb/v7e-m+dp/hard\libm.a(libm_a-sf_pow_log2_data.o)
                0x08019928                __powf_log2_data
                0x08019a50                        . = ALIGN (0x4)

.ARM.extab
 *(.ARM.extab* .gnu.linkonce.armextab.*)

.ARM            0x08019a50        0x0
                0x08019a50                        __exidx_start = .
 *(.ARM.exidx*)
                0x08019a50                        __exidx_end = .

.preinit_array  0x08019a50        0x0
                0x08019a50                        PROVIDE (__preinit_array_start = .)
 *(.preinit_array*)
                0x08019a50                        PROVIDE (__preinit_array_end = .)

.init_array     0x08019a50        0x4
                0x08019a50                        PROVIDE (__init_array_start = .)
 *(SORT_BY_NAME(.init_array.*))
 *(.init_array*)
 .init_array    0x08019a50        0x4 C:/ST/STM32CubeIDE_1.18.1/STM32CubeIDE/plugins/com.st.stm32cube.ide.mcu.externaltools.gnu-tools-for-stm32.13.3.rel1.win32_1.0.0.202411081344/tools/bin/../lib/gcc/arm-none-eabi/13.3.1/thumb/v7e-m+dp/hard/crtbegin.o
                0x08019a54                        PROVIDE (__init_array_end = .)

.fini_array     0x08019a54        0x4
                [!provide]                        PROVIDE (__fini_array_start = .)
 *(SORT_BY_NAME(.fini_array.*))
 *(.fini_array*)
 .fini_array    0x08019a54        0x4 C:/ST/STM32CubeIDE_1.18.1/STM32CubeIDE/plugins/com.st.stm32cube.ide.mcu.externaltools.gnu-tools-for-stm32.13.3.rel1.win32_1.0.0.202411081344/tools/bin/../lib/gcc/arm-none-eabi/13.3.1/thumb/v7e-m+dp/hard/crtbegin.o
                [!provide]                        PROVIDE (__fini_array_end = .)
                0x08019a58                        _sidata = LOADADDR (.data)

.rel.dyn        0x08019a58        0x0
 .rel.iplt      0x08019a58        0x0 C:/ST/STM32CubeIDE_1.18.1/STM32CubeIDE/plugins/com.st.stm32cube.ide.mcu.externaltools.gnu-tools-for-stm32.13.3.rel1.win32_1.0.0.202411081344/tools/bin/../lib/gcc/arm-none-eabi/13.3.1/thumb/v7e-m+dp/hard/crtbegin.o

.data           0x24000000      0x53c load address 0x08019a58
                0x24000000                        . = ALIGN (0x4)
                0x24000000                        _sdata = .
 *(.data)
 .data          0x24000000      0x400 C:\Users\Admin\GitHub\Microcontroller2\PlsWork\Drivers\Middleware\Lib\libPDMFilter_CM7_GCC_wc32.a(pdm_filter.o)
 *(.data*)
 .data.AudioBuffer
                0x24000400        0x4 ./Core/Src/sound.o
                0x24000400                AudioBuffer
 .data.SystemCoreClock
                0x24000404        0x4 ./Core/Src/system_stm32h7xx.o
                0x24000404                SystemCoreClock
 .data.SystemD2Clock
                0x24000408        0x4 ./Core/Src/system_stm32h7xx.o
                0x24000408                SystemD2Clock
 .data.FT5336_TS_Driver
                0x2400040c       0x30 ./Drivers/BSP/Components/ft5336/ft5336.o
                0x2400040c                FT5336_TS_Driver
 .data.GT911_TS_Driver
                0x2400043c       0x30 ./Drivers/BSP/Components/gt911/gt911.o
                0x2400043c                GT911_TS_Driver
 .data.WM8994_Driver
                0x2400046c       0x48 ./Drivers/BSP/Components/wm8994/wm8994.o
                0x2400046c                WM8994_Driver
 .data.ColdStartup.0
                0x240004b4        0x1 ./Drivers/BSP/Components/wm8994/wm8994.o
 *fill*         0x240004b5        0x3 
 .data.LED_PORT
                0x240004b8        0x8 ./Drivers/BSP/stm32h735g_discovery.o
 .data.BUTTON_PORT
                0x240004c0        0x4 ./Drivers/BSP/stm32h735g_discovery.o
 .data.ButtonCallback.1
                0x240004c4        0x4 ./Drivers/BSP/stm32h735g_discovery.o
 .data.BSP_BUTTON_PRIO.0
                0x240004c8        0x4 ./Drivers/BSP/stm32h735g_discovery.o
 .data.Ospi_Ram_Ctx
                0x240004cc        0x8 ./Drivers/BSP/stm32h735g_discovery_ospi.o
                0x240004cc                Ospi_Ram_Ctx
 .data.Font12   0x240004d4        0x8 ./Drivers/Fonts/font12.o
                0x240004d4                Font12
 .data.Font24   0x240004dc        0x8 ./Drivers/Fonts/font24.o
                0x240004dc                Font24
 .data.uwTickPrio
                0x240004e4        0x4 ./Drivers/HAL_Drivers_Manual/Src/stm32h7xx_hal.o
                0x240004e4                uwTickPrio
 .data.uwTickFreq
                0x240004e8        0x1 ./Drivers/HAL_Drivers_Manual/Src/stm32h7xx_hal.o
                0x240004e8                uwTickFreq
 *fill*         0x240004e9        0x3 
 .data._impure_ptr
                0x240004ec        0x4 C:/ST/STM32CubeIDE_1.18.1/STM32CubeIDE/plugins/com.st.stm32cube.ide.mcu.externaltools.gnu-tools-for-stm32.13.3.rel1.win32_1.0.0.202411081344/tools/bin/../lib/gcc/arm-none-eabi/13.3.1/../../../../arm-none-eabi/lib/thumb/v7e-m+dp/hard\libc_nano.a(libc_a-impure.o)
                0x240004ec                _impure_ptr
 .data._impure_data
                0x240004f0       0x4c C:/ST/STM32CubeIDE_1.18.1/STM32CubeIDE/plugins/com.st.stm32cube.ide.mcu.externaltools.gnu-tools-for-stm32.13.3.rel1.win32_1.0.0.202411081344/tools/bin/../lib/gcc/arm-none-eabi/13.3.1/../../../../arm-none-eabi/lib/thumb/v7e-m+dp/hard\libc_nano.a(libc_a-impure.o)
                0x240004f0                _impure_data
 *(.RamFunc)
 *(.RamFunc*)
                0x2400053c                        . = ALIGN (0x4)
                0x2400053c                        _edata = .

.igot.plt       0x2400053c        0x0 load address 0x08019f94
 .igot.plt      0x2400053c        0x0 C:/ST/STM32CubeIDE_1.18.1/STM32CubeIDE/plugins/com.st.stm32cube.ide.mcu.externaltools.gnu-tools-for-stm32.13.3.rel1.win32_1.0.0.202411081344/tools/bin/../lib/gcc/arm-none-eabi/13.3.1/thumb/v7e-m+dp/hard/crtbegin.o
                0x2400053c                        . = ALIGN (0x4)

.bss            0x24000540     0x57bc load address 0x08019f94
                0x24000540                        _sbss = .
                0x24000540                        __bss_start__ = _sbss
 *(.bss)
 .bss           0x24000540       0x1c C:/ST/STM32CubeIDE_1.18.1/STM32CubeIDE/plugins/com.st.stm32cube.ide.mcu.externaltools.gnu-tools-for-stm32.13.3.rel1.win32_1.0.0.202411081344/tools/bin/../lib/gcc/arm-none-eabi/13.3.1/thumb/v7e-m+dp/hard/crtbegin.o
 .bss           0x2400055c        0x1 C:\Users\Admin\GitHub\Microcontroller2\PlsWork\Drivers\Middleware\Lib\libPDMFilter_CM7_GCC_wc32.a(pdm_filter.o)
 *(.bss*)
 *fill*         0x2400055d        0x3 
 .bss.AppContext
                0x24000560       0x18 ./Core/Src/main.o
                0x24000560                AppContext
 .bss.hospi1    0x24000578       0x5c ./Core/Src/octospi.o
                0x24000578                hospi1
 .bss.hpb_exti  0x240005d4        0x8 ./Drivers/BSP/stm32h735g_discovery.o
                0x240005d4                hpb_exti
 .bss.Audio_CompObj
                0x240005dc        0x4 ./Drivers/BSP/stm32h735g_discovery_audio.o
                0x240005dc                Audio_CompObj
 .bss.haudio_out_sai
                0x240005e0       0x98 ./Drivers/BSP/stm32h735g_discovery_audio.o
                0x240005e0                haudio_out_sai
 .bss.Audio_Out_Ctx
                0x24000678       0x24 ./Drivers/BSP/stm32h735g_discovery_audio.o
                0x24000678                Audio_Out_Ctx
 .bss.haudio_in_dfsdm_filter
                0x2400069c      0x150 ./Drivers/BSP/stm32h735g_discovery_audio.o
                0x2400069c                haudio_in_dfsdm_filter
 .bss.haudio_in_dfsdm_channel
                0x240007ec       0xe0 ./Drivers/BSP/stm32h735g_discovery_audio.o
                0x240007ec                haudio_in_dfsdm_channel
 .bss.haudio_in_sai
                0x240008cc      0x130 ./Drivers/BSP/stm32h735g_discovery_audio.o
                0x240008cc                haudio_in_sai
 .bss.Audio_In_Ctx
                0x240009fc       0x90 ./Drivers/BSP/stm32h735g_discovery_audio.o
                0x240009fc                Audio_In_Ctx
 .bss.Audio_Drv
                0x24000a8c        0x4 ./Drivers/BSP/stm32h735g_discovery_audio.o
 .bss.hDmaDfsdm
                0x24000a90      0x1e0 ./Drivers/BSP/stm32h735g_discovery_audio.o
 .bss.RecBuffTrigger
                0x24000c70        0x4 ./Drivers/BSP/stm32h735g_discovery_audio.o
 .bss.RecBuffHalf
                0x24000c74        0x4 ./Drivers/BSP/stm32h735g_discovery_audio.o
 *fill*         0x24000c78        0x8 
 .bss.MicRecBuff
                0x24000c80     0x4000 ./Drivers/BSP/stm32h735g_discovery_audio.o
 .bss.PDM_FilterHandler
                0x24004c80       0x98 ./Drivers/BSP/stm32h735g_discovery_audio.o
 .bss.PDM_FilterConfig
                0x24004d18        0xc ./Drivers/BSP/stm32h735g_discovery_audio.o
 .bss.WM8994Obj.4
                0x24004d24       0x28 ./Drivers/BSP/stm32h735g_discovery_audio.o
 .bss.hdma_sai_tx.3
                0x24004d4c       0x78 ./Drivers/BSP/stm32h735g_discovery_audio.o
 .bss.hdma_sai_rx.2
                0x24004dc4       0x78 ./Drivers/BSP/stm32h735g_discovery_audio.o
 .bss.DmaRecBuffCplt.1
                0x24004e3c       0x10 ./Drivers/BSP/stm32h735g_discovery_audio.o
 .bss.DmaRecHalfBuffCplt.0
                0x24004e4c       0x10 ./Drivers/BSP/stm32h735g_discovery_audio.o
 .bss.hbus_i2c4
                0x24004e5c       0x54 ./Drivers/BSP/stm32h735g_discovery_bus.o
                0x24004e5c                hbus_i2c4
 .bss.I2c4InitCounter
                0x24004eb0        0x4 ./Drivers/BSP/stm32h735g_discovery_bus.o
 .bss.I2c_valid_timing
                0x24004eb4      0xa00 ./Drivers/BSP/stm32h735g_discovery_bus.o
 .bss.I2c_valid_timing_nbr
                0x240058b4        0x4 ./Drivers/BSP/stm32h735g_discovery_bus.o
 .bss.PixelFormatFactor
                0x240058b8        0x4 ./Drivers/BSP/stm32h735g_discovery_lcd.o
 .bss.hlcd_dma2d
                0x240058bc       0x68 ./Drivers/BSP/stm32h735g_discovery_lcd.o
                0x240058bc                hlcd_dma2d
 .bss.hlcd_ltdc
                0x24005924       0xa8 ./Drivers/BSP/stm32h735g_discovery_lcd.o
                0x24005924                hlcd_ltdc
 .bss.Lcd_Ctx   0x240059cc       0x18 ./Drivers/BSP/stm32h735g_discovery_lcd.o
                0x240059cc                Lcd_Ctx
 .bss.hospi_ram
                0x240059e4       0x5c ./Drivers/BSP/stm32h735g_discovery_ospi.o
                0x240059e4                hospi_ram
 .bss.mdma_handle.1