Archive member included to satisfy reference by file (symbol)

C:\Users\Admin\GitHub\Microcontroller2\PlsWork\Drivers\Middleware\Lib\libPDMFilter_CM7_GCC_wc32.a(pdm_filter.o)
                              ./Drivers/BSP/stm32h735g_discovery_audio.o (PDM_Filter_Init)
C:/ST/STM32CubeIDE_1.18.1/STM32CubeIDE/plugins/com.st.stm32cube.ide.mcu.externaltools.gnu-tools-for-stm32.13.3.rel1.win32_1.0.0.202411081344/tools/bin/../lib/gcc/arm-none-eabi/13.3.1/../../../../arm-none-eabi/lib/thumb/v7e-m+dp/hard\libc_nano.a(libc_a-exit.o)
                              C:/ST/STM32CubeIDE_1.18.1/STM32CubeIDE/plugins/com.st.stm32cube.ide.mcu.externaltools.gnu-tools-for-stm32.13.3.rel1.win32_1.0.0.202411081344/tools/bin/../lib/gcc/arm-none-eabi/13.3.1/../../../../arm-none-eabi/lib/thumb/v7e-m+dp/hard/crt0.o (exit)
C:/ST/STM32CubeIDE_1.18.1/STM32CubeIDE/plugins/com.st.stm32cube.ide.mcu.externaltools.gnu-tools-for-stm32.13.3.rel1.win32_1.0.0.202411081344/tools/bin/../lib/gcc/arm-none-eabi/13.3.1/../../../../arm-none-eabi/lib/thumb/v7e-m+dp/hard\libc_nano.a(libc_a-findfp.o)
                              C:/ST/STM32CubeIDE_1.18.1/STM32CubeIDE/plugins/com.st.stm32cube.ide.mcu.externaltools.gnu-tools-for-stm32.13.3.rel1.win32_1.0.0.202411081344/tools/bin/../lib/gcc/arm-none-eabi/13.3.1/../../../../arm-none-eabi/lib/thumb/v7e-m+dp/hard\libc_nano.a(libc_a-exit.o) (__stdio_exit_handler)
C:/ST/STM32CubeIDE_1.18.1/STM32CubeIDE/plugins/com.st.stm32cube.ide.mcu.externaltools.gnu-tools-for-stm32.13.3.rel1.win32_1.0.0.202411081344/tools/bin/../lib/gcc/arm-none-eabi/13.3.1/../../../../arm-none-eabi/lib/thumb/v7e-m+dp/hard\libc_nano.a(libc_a-fwalk.o)
                              C:/ST/STM32CubeIDE_1.18.1/STM32CubeIDE/plugins/com.st.stm32cube.ide.mcu.externaltools.gnu-tools-for-stm32.13.3.rel1.win32_1.0.0.202411081344/tools/bin/../lib/gcc/arm-none-eabi/13.3.1/../../../../arm-none-eabi/lib/thumb/v7e-m+dp/hard\libc_nano.a(libc_a-findfp.o) (_fwalk_sglue)
C:/ST/STM32CubeIDE_1.18.1/STM32CubeIDE/plugins/com.st.stm32cube.ide.mcu.externaltools.gnu-tools-for-stm32.13.3.rel1.win32_1.0.0.202411081344/tools/bin/../lib/gcc/arm-none-eabi/13.3.1/../../../../arm-none-eabi/lib/thumb/v7e-m+dp/hard\libc_nano.a(libc_a-stdio.o)
                              C:/ST/STM32CubeIDE_1.18.1/STM32CubeIDE/plugins/com.st.stm32cube.ide.mcu.externaltools.gnu-tools-for-stm32.13.3.rel1.win32_1.0.0.202411081344/tools/bin/../lib/gcc/arm-none-eabi/13.3.1/../../../../arm-none-eabi/lib/thumb/v7e-m+dp/hard\libc_nano.a(libc_a-findfp.o) (__sread)
C:/ST/STM32CubeIDE_1.18.1/STM32CubeIDE/plugins/com.st.stm32cube.ide.mcu.externaltools.gnu-tools-for-stm32.13.3.rel1.win32_1.0.0.202411081344/tools/bin/../lib/gcc/arm-none-eabi/13.3.1/../../../../arm-none-eabi/lib/thumb/v7e-m+dp/hard\libc_nano.a(libc_a-memset.o)
                              C:/ST/STM32CubeIDE_1.18.1/STM32CubeIDE/plugins/com.st.stm32cube.ide.mcu.externaltools.gnu-tools-for-stm32.13.3.rel1.win32_1.0.0.202411081344/tools/bin/../lib/gcc/arm-none-eabi/13.3.1/../../../../arm-none-eabi/lib/thumb/v7e-m+dp/hard/crt0.o (memset)
C:/ST/STM32CubeIDE_1.18.1/STM32CubeIDE/plugins/com.st.stm32cube.ide.mcu.externaltools.gnu-tools-for-stm32.13.3.rel1.win32_1.0.0.202411081344/tools/bin/../lib/gcc/arm-none-eabi/13.3.1/../../../../arm-none-eabi/lib/thumb/v7e-m+dp/hard\libc_nano.a(libc_a-closer.o)
                              C:/ST/STM32CubeIDE_1.18.1/STM32CubeIDE/plugins/com.st.stm32cube.ide.mcu.externaltools.gnu-tools-for-stm32.13.3.rel1.win32_1.0.0.202411081344/tools/bin/../lib/gcc/arm-none-eabi/13.3.1/../../../../arm-none-eabi/lib/thumb/v7e-m+dp/hard\libc_nano.a(libc_a-stdio.o) (_close_r)
C:/ST/STM32CubeIDE_1.18.1/STM32CubeIDE/plugins/com.st.stm32cube.ide.mcu.externaltools.gnu-tools-for-stm32.13.3.rel1.win32_1.0.0.202411081344/tools/bin/../lib/gcc/arm-none-eabi/13.3.1/../../../../arm-none-eabi/lib/thumb/v7e-m+dp/hard\libc_nano.a(libc_a-reent.o)
                              C:/ST/STM32CubeIDE_1.18.1/STM32CubeIDE/plugins/com.st.stm32cube.ide.mcu.externaltools.gnu-tools-for-stm32.13.3.rel1.win32_1.0.0.202411081344/tools/bin/../lib/gcc/arm-none-eabi/13.3.1/../../../../arm-none-eabi/lib/thumb/v7e-m+dp/hard\libc_nano.a(libc_a-closer.o) (errno)
C:/ST/STM32CubeIDE_1.18.1/STM32CubeIDE/plugins/com.st.stm32cube.ide.mcu.externaltools.gnu-tools-for-stm32.13.3.rel1.win32_1.0.0.202411081344/tools/bin/../lib/gcc/arm-none-eabi/13.3.1/../../../../arm-none-eabi/lib/thumb/v7e-m+dp/hard\libc_nano.a(libc_a-impure.o)
                              C:/ST/STM32CubeIDE_1.18.1/STM32CubeIDE/plugins/com.st.stm32cube.ide.mcu.externaltools.gnu-tools-for-stm32.13.3.rel1.win32_1.0.0.202411081344/tools/bin/../lib/gcc/arm-none-eabi/13.3.1/../../../../arm-none-eabi/lib/thumb/v7e-m+dp/hard\libc_nano.a(libc_a-reent.o) (_impure_ptr)
[...]
Memory Configuration

Name             Origin             Length             Attributes
ITCMRAM          0x00000000         0x00010000         xrw
DTCMRAM          0x20000000         0x00020000         xrw
FLASH            0x08000000         0x00100000         xr
RAM_D1           0x24000000         0x00050000         xrw
RAM_D2           0x30000000         0x00008000         xrw
RAM_D3           0x38000000         0x00004000         xrw
*default*        0x00000000         0xffffffff

Linker script and memory map

LOAD C:/ST/STM32CubeIDE_1.18.1/STM32CubeIDE/plugins/com.st.stm32cube.ide.mcu.externaltools.gnu-tools-for-stm32.13.3.rel1.win32_1.0.0.202411081344/tools/bin/../lib/gcc/arm-none-eabi/13.3.1/thumb/v7e-m+dp/hard/crti.o
LOAD C:/ST/STM32CubeIDE_1.18.1/STM32CubeIDE/plugins/com.st.stm32cube.ide.mcu.externaltools.gnu-tools-for-stm32.13.3.rel1.win32_1.0.0.202411081344/tools/bin/../lib/gcc/arm-none-eabi/13.3.1/thumb/v7e-m+dp/hard/crtbegin.o
LOAD C:/ST/STM32CubeIDE_1.18.1/STM32CubeIDE/plugins/com.st.stm32cube.ide.mcu.externaltools.gnu-tools-for-stm32.13.3.rel1.win32_1.0.0.202411081344/tools/bin/../lib/gcc/arm-none-eabi/13.3.1/../../../../arm-none-eabi/lib/thumb/v7e-m+dp/hard/crt0.o
LOAD ./Core/Src/display.o
LOAD ./Core/Src/gpio.o
LOAD ./Core/Src/main.o
LOAD ./Core/Src/octospi.o
LOAD ./Core/Src/sound.o
LOAD ./Core/Src/state.o
LOAD ./Core/Src/stm32h7xx_hal_msp.o
LOAD ./Core/Src/stm32h7xx_it.o
LOAD ./Core/Src/syscalls.o
LOAD ./Core/Src/sysmem.o
LOAD ./Core/Src/system_stm32h7xx.o
LOAD ./Core/Src/touchscreen.o
LOAD ./Core/Startup/startup_stm32h735igkx.o
LOAD ./Drivers/BSP/Components/ft5336/ft5336.o
LOAD ./Drivers/BSP/Components/ft5336/ft5336_reg.o
LOAD ./Drivers/BSP/Components/gt911/gt911.o
LOAD ./Drivers/BSP/Components/gt911/gt911_reg.o
LOAD ./Drivers/BSP/Components/mx25lm51245g/mx25lm51245g.o
LOAD ./Drivers/BSP/Components/s70kl1281/s70kl1281.o
LOAD ./Drivers/BSP/Components/wm8994/wm8994.o
LOAD ./Drivers/BSP/Components/wm8994/wm8994_reg.o
LOAD ./Drivers/BSP/stm32h735g_discovery.o
LOAD ./Drivers/BSP/stm32h735g_discovery_audio.o
LOAD ./Drivers/BSP/stm32h735g_discovery_bus.o
LOAD ./Drivers/BSP/stm32h735g_discovery_lcd.o
LOAD ./Drivers/BSP/stm32h735g_discovery_ospi.o
LOAD ./Drivers/BSP/stm32h735g_discovery_ts.o
LOAD ./Drivers/Fonts/font12.o
LOAD ./Drivers/Fonts/font16.o
LOAD ./Drivers/Fonts/font20.o
LOAD ./Drivers/Fonts/font24.o
LOAD ./Drivers/Fonts/font8.o
LOAD ./Drivers/STM32H7xx_HAL_Driver/Inc/stm32h7xx_hal_i2s.o
LOAD ./Drivers/STM32H7xx_HAL_Driver/Inc/stm32h7xx_hal_i2s_ex.o
LOAD ./Drivers/STM32H7xx_HAL_Driver/Src/stm32h7xx_hal.o
LOAD ./Drivers/STM32H7xx_HAL_Driver/Src/stm32h7xx_hal_cortex.o
LOAD ./Drivers/STM32H7xx_HAL_Driver/Src/stm32h7xx_hal_dfsdm.o
LOAD ./Drivers/STM32H7xx_HAL_Driver/Src/stm32h7xx_hal_dfsdm_ex.o
LOAD ./Drivers/STM32H7xx_HAL_Driver/Src/stm32h7xx_hal_dma.o
LOAD ./Drivers/STM32H7xx_HAL_Driver/Src/stm32h7xx_hal_dma2d.o
LOAD ./Drivers/STM32H7xx_HAL_Driver/Src/stm32h7xx_hal_dma_ex.o
LOAD ./Drivers/STM32H7xx_HAL_Driver/Src/stm32h7xx_hal_exti.o
LOAD ./Drivers/STM32H7xx_HAL_Driver/Src/stm32h7xx_hal_flash.o
LOAD ./Drivers/STM32H7xx_HAL_Driver/Src/stm32h7xx_hal_flash_ex.o
LOAD ./Drivers/STM32H7xx_HAL_Driver/Src/stm32h7xx_hal_gpio.o
LOAD ./Drivers/STM32H7xx_HAL_Driver/Src/stm32h7xx_hal_hsem.o
LOAD ./Drivers/STM32H7xx_HAL_Driver/Src/stm32h7xx_hal_i2c.o
LOAD ./Drivers/STM32H7xx_HAL_Driver/Src/stm32h7xx_hal_i2c_ex.o
LOAD ./Drivers/STM32H7xx_HAL_Driver/Src/stm32h7xx_hal_ltdc.o
LOAD ./Drivers/STM32H7xx_HAL_Driver/Src/stm32h7xx_hal_ltdc_ex.o
LOAD ./Drivers/STM32H7xx_HAL_Driver/Src/stm32h7xx_hal_mdma.o
LOAD ./Drivers/STM32H7xx_HAL_Driver/Src/stm32h7xx_hal_ospi.o
LOAD ./Drivers/STM32H7xx_HAL_Driver/Src/stm32h7xx_hal_pwr.o
LOAD ./Drivers/STM32H7xx_HAL_Driver/Src/stm32h7xx_hal_pwr_ex.o
LOAD ./Drivers/STM32H7xx_HAL_Driver/Src/stm32h7xx_hal_rcc.o
LOAD ./Drivers/STM32H7xx_HAL_Driver/Src/stm32h7xx_hal_rcc_ex.o
LOAD ./Drivers/STM32H7xx_HAL_Driver/Src/stm32h7xx_hal_sai.o
LOAD ./Drivers/STM32H7xx_HAL_Driver/Src/stm32h7xx_hal_sai_ex.o
LOAD ./Drivers/STM32H7xx_HAL_Driver/Src/stm32h7xx_hal_tim.o
LOAD ./Drivers/STM32H7xx_HAL_Driver/Src/stm32h7xx_hal_tim_ex.o
LOAD ./Drivers/STM32H7xx_HAL_Driver/Src/stm32h7xx_hal_uart.o
LOAD ./Drivers/STM32H7xx_HAL_Driver/Src/stm32h7xx_hal_uart_ex.o
LOAD C:\Users\Admin\GitHub\Microcontroller2\PlsWork\Drivers\Middleware\Lib\libPDMFilter_CM7_GCC_wc32.a
START GROUP
LOAD C:/ST/STM32CubeIDE_1.18.1/STM32CubeIDE/plugins/com.st.stm32cube.ide.mcu.externaltools.gnu-tools-for-stm32.13.3.rel1.win32_1.0.0.202411081344/tools/bin/../lib/gcc/arm-none-eabi/13.3.1/../../../../arm-none-eabi/lib/thumb/v7e-m+dp/hard\libc_nano.a
LOAD C:/ST/STM32CubeIDE_1.18.1/STM32CubeIDE/plugins/com.st.stm32cube.ide.mcu.externaltools.gnu-tools-for-stm32.13.3.rel1.win32_1.0.0.202411081344/tools/bin/../lib/gcc/arm-none-eabi/13.3.1/../../../../arm-none-eabi/lib/thumb/v7e-m+dp/hard\libm.a
END GROUP
START GROUP
LOAD C:/ST/STM32CubeIDE_1.18.1/STM32CubeIDE/plugins/com.st.stm32cube.ide.mcu.externaltools.gnu-tools-for-stm32.13.3.rel1.win32_1.0.0.202411081344/tools/bin/../lib/gcc/arm-none-eabi/13.3.1/thumb/v7e-m+dp/hard\libgcc.a
LOAD C:/ST/STM32CubeIDE_1.18.1/STM32CubeIDE/plugins/com.st.stm32cube.ide.mcu.externaltools.gnu-tools-for-stm32.13.3.rel1.win32_1.0.0.202411081344/tools/bin/../lib/gcc/arm-none-eabi/13.3.1/../../../../arm-none-eabi/lib/thumb/v7e-m+dp/hard\libc_nano.a
END GROUP
START GROUP
LOAD C:/ST/STM32CubeIDE_1.18.1/STM32CubeIDE/plugins/com.st.stm32cube.ide.mcu.externaltools.gnu-tools-for-stm32.13.3.rel1.win32_1.0.0.202411081344/tools/bin/../lib/gcc/arm-none-eabi/13.3.1/thumb/v7e-m+dp/hard\libgcc.a
LOAD C:/ST/STM32CubeIDE_1.18.1/STM32CubeIDE/plugins/com.st.stm32cube.ide.mcu.externaltools.gnu-tools-for-stm32.13.3.rel1.win32_1.0.0.202411081344/tools/bin/../lib/gcc/arm-none-eabi/13.3.1/../../../../arm-none-eabi/lib/thumb/v7e-m+dp/hard\libc_nano.a
LOAD C:/ST/STM32CubeIDE_1.18.1/STM32CubeIDE/plugins/com.st.stm32cube.ide.mcu.externaltools.gnu-tools-for-stm32.13.3.rel1.win32_1.0.0.202411081344/tools/bin/../lib/gcc/arm-none-eabi/13.3.1/../../../../arm-none-eabi/lib/thumb/v7e-m+dp/hard\libnosys.a
END GROUP
START GROUP
LOAD C:/ST/STM32CubeIDE_1.18.1/STM32CubeIDE/plugins/com.st.stm32cube.ide.mcu.externaltools.gnu-tools-for-stm32.13.3.rel1.win32_1.0.0.202411081344/tools/bin/../lib/gcc/arm-none-eabi/13.3.1/thumb/v7e-m+dp/hard\libgcc.a
LOAD C:/ST/STM32CubeIDE_1.18.1/STM32CubeIDE/plugins/com.st.stm32cube.ide.mcu.externaltools.gnu-tools-for-stm32.13.3.rel1.win32_1.0.0.202411081344/tools/bin/../lib/gcc/arm-none-eabi/13.3.1/../../../../arm-none-eabi/lib/thumb/v7e-m+dp/hard\libc_nano.a
LOAD C:/ST/STM32CubeIDE_1.18.1/STM32CubeIDE/plugins/com.st.stm32cube.ide.mcu.externaltools.gnu-tools-for-stm32.13.3.rel1.win32_1.0.0.202411081344/tools/bin/../lib/gcc/arm-none-eabi/13.3.1/../../../../arm-none-eabi/lib/thumb/v7e-m+dp/hard\libnosys.a
END GROUP
LOAD C:/ST/STM32CubeIDE_1.18.1/STM32CubeIDE/plugins/com.st.stm32cube.ide.mcu.externaltools.gnu-tools-for-stm32.13.3.rel1.win32_1.0.0.202411081344/tools/bin/../lib/gcc/arm-none-eabi/13.3.1/thumb/v7e-m+dp/hard/crtend.o
LOAD C:/ST/STM32CubeIDE_1.18.1/STM32CubeIDE/plugins/com.st.stm32cube.ide.mcu.externaltools.gnu-tools-for-stm32.13.3.rel1.win32_1.0.0.202411081344/tools/bin/../lib/gcc/arm-none-eabi/13.3.1/thumb/v7e-m+dp/hard/crtn.o
                0x24050000                        _estack = (ORIGIN (RAM_D1) + LENGTH (RAM_D1))
                0x00000200                        _Min_Heap_Size = 0x200
                0x00000400                        _Min_Stack_Size = 0x400

.isr_vector     0x08000000      0x2cc
                0x08000000                        . = ALIGN (0x4)
 *(.isr_vector)
 .isr_vector    0x08000000      0x2cc ./Core/Startup/startup_stm32h735igkx.o
                0x08000000                g_pfnVectors
                0x080002cc                        . = ALIGN (0x4)

.text           0x080002d0    0x13784
                0x080002d0                        . = ALIGN (0x4)
 *(.text)
 .text          0x080002d0       0x40 C:/ST/STM32CubeIDE_1.18.1/STM32CubeIDE/plugins/com.st.stm32cube.ide.mcu.externaltools.gnu-tools-for-stm32.13.3.rel1.win32_1.0.0.202411081344/tools/bin/../lib/gcc/arm-none-eabi/13.3.1/thumb/v7e-m+dp/hard/crtbegin.o
 *(.text*)
 .text.DISPLAY_INIT
                0x08000310       0x40 ./Core/Src/display.o
                0x08000310                DISPLAY_INIT
 .text.DISPLAY_Clear
                0x08000350       0x28 ./Core/Src/display.o
                0x08000350                DISPLAY_Clear
 .text.DISPLAY_DrawChar
                0x08000378      0x112 ./Core/Src/display.o
                0x08000378                DISPLAY_DrawChar
 .text.DISPLAY_DrawString
                0x0800048a       0x6a ./Core/Src/display.o
                0x0800048a                DISPLAY_DrawString
 .text.DISPLAY_DrawHeadline
                0x080004f4       0x30 ./Core/Src/display.o
                0x080004f4                DISPLAY_DrawHeadline
 .text.MX_GPIO_Init
                0x08000524      0x8a0 ./Core/Src/gpio.o
                0x08000524                MX_GPIO_Init
 .text.main     0x08000dc4       0x34 ./Core/Src/main.o
                0x08000dc4                main
 .text.SystemClock_Config
                0x08000df8      0x1c8 ./Core/Src/main.o
                0x08000df8                SystemClock_Config
 .text.MPU_Config
                0x08000fc0       0x5a ./Core/Src/main.o
                0x08000fc0                MPU_Config
 .text.Error_Handler
                0x0800101a        0xc ./Core/Src/main.o
                0x0800101a                Error_Handler
 *fill*         0x08001026        0x2 
 .text.MX_OCTOSPI1_Init
                0x08001028       0x80 ./Core/Src/octospi.o
                0x08001028                MX_OCTOSPI1_Init
 .text.HAL_OSPI_MspInit
                0x080010a8       0x90 ./Core/Src/octospi.o
                0x080010a8                HAL_OSPI_MspInit
 .text.HAL_OSPI_MspDeInit
                0x08001138       0x48 ./Core/Src/octospi.o
                0x08001138                HAL_OSPI_MspDeInit
 .text.SOUND_INIT
                0x08001180       0x5a ./Core/Src/sound.o
                0x08001180                SOUND_INIT
 .text.Sound_StopRecording
                0x080011da        0xe ./Core/Src/sound.o
                0x080011da                Sound_StopRecording
 .text.Sound_StartPlayback
                0x080011e8       0x20 ./Core/Src/sound.o
                0x080011e8                Sound_StartPlayback
 .text.Sound_StopPlayback
                0x08001208        0xe ./Core/Src/sound.o
                0x08001208                Sound_StopPlayback
 .text.ChangeState
                0x08001216       0x2c ./Core/Src/state.o
 .text.State_Init
                0x08001242       0x46 ./Core/Src/state.o
                0x08001242                State_Init
 .text.State_Machine_Run
                0x08001288      0x1d8 ./Core/Src/state.o
                0x08001288                State_Machine_Run
 .text.HAL_MspInit
                0x08001460       0x34 ./Core/Src/stm32h7xx_hal_msp.o
                0x08001460                HAL_MspInit
 .text.NMI_Handler
                0x08001494        0x8 ./Core/Src/stm32h7xx_it.o
                0x08001494                NMI_Handler
 .text.HardFault_Handler
                0x0800149c        0x8 ./Core/Src/stm32h7xx_it.o
                0x0800149c                HardFault_Handler
 .text.MemManage_Handler
                0x080014a4        0x8 ./Core/Src/stm32h7xx_it.o
                0x080014a4                MemManage_Handler
 .text.BusFault_Handler
                0x080014ac        0x8 ./Core/Src/stm32h7xx_it.o
                0x080014ac                BusFault_Handler
 .text.UsageFault_Handler
                0x080014b4        0x8 ./Core/Src/stm32h7xx_it.o
                0x080014b4                UsageFault_Handler
 .text.SVC_Handler
                0x080014bc        0xe ./Core/Src/stm32h7xx_it.o
                0x080014bc                SVC_Handler
 .text.DebugMon_Handler
                0x080014ca        0xe ./Core/Src/stm32h7xx_it.o
                0x080014ca                DebugMon_Handler
 .text.PendSV_Handler
                0x080014d8        0xe ./Core/Src/stm32h7xx_it.o
                0x080014d8                PendSV_Handler
 .text.SysTick_Handler
                0x080014e6        0xc ./Core/Src/stm32h7xx_it.o
                0x080014e6                SysTick_Handler
 *fill*         0x080014f2        0x2 
 .text.SystemInit
                0x080014f4      0x120 ./Core/Src/system_stm32h7xx.o
                0x080014f4                SystemInit
 .text.ExitRun0Mode
                0x08001614       0x30 ./Core/Src/system_stm32h7xx.o
                0x08001614                ExitRun0Mode
 .text.TOUCHSCREEN_INIT
                0x08001644       0x42 ./Core/Src/touchscreen.o
                0x08001644                TOUCHSCREEN_INIT
 *fill*         0x08001686        0x2 
 .text.TOUCHSCREEN_CALIBRATION
                0x08001688      0x11c ./Core/Src/touchscreen.o
                0x08001688                TOUCHSCREEN_CALIBRATION
 .text.max      0x080017a4       0x24 ./Core/Src/touchscreen.o
                0x080017a4                max
 .text.Reset_Handler
                0x080017c8       0x54 ./Core/Startup/startup_stm32h735igkx.o
                0x080017c8                Reset_Handler
 .text.Default_Handler
                0x0800181c        0x2 ./Core/Startup/startup_stm32h735igkx.o
                0x0800181c                RTC_Alarm_IRQHandler
                0x0800181c                HASH_RNG_IRQHandler
                0x0800181c                EXTI2_IRQHandler
                0x0800181c                TIM8_CC_IRQHandler
                0x0800181c                UART8_IRQHandler
                0x0800181c                SPI4_IRQHandler
                0x0800181c                FDCAN3_IT0_IRQHandler
                0x0800181c                TIM1_CC_IRQHandler
                0x0800181c                BDMA_Channel6_IRQHandler
                0x0800181c                DMA2_Stream5_IRQHandler
                0x0800181c                DMA1_Stream5_IRQHandler
                0x0800181c                CORDIC_IRQHandler
                0x0800181c                BDMA_Channel1_IRQHandler
                0x0800181c                TAMP_STAMP_IRQHandler
                0x0800181c                EXTI3_IRQHandler
                0x0800181c                LPTIM4_IRQHandler
                0x0800181c                TIM8_TRG_COM_TIM14_IRQHandler
                0x0800181c                LPTIM2_IRQHandler
                0x0800181c                DFSDM1_FLT1_IRQHandler
                0x0800181c                DMAMUX2_OVR_IRQHandler
                0x0800181c                TIM8_UP_TIM13_IRQHandler
                0x0800181c                I2C3_ER_IRQHandler
                0x0800181c                DFSDM1_FLT2_IRQHandler
                0x0800181c                I2C5_EV_IRQHandler
                0x0800181c                USART10_IRQHandler
                0x0800181c                MDMA_IRQHandler
                0x0800181c                LPTIM3_IRQHandler
                0x0800181c                HSEM1_IRQHandler
                0x0800181c                EXTI0_IRQHandler
                0x0800181c                I2C2_EV_IRQHandler
                0x0800181c                DMA1_Stream2_IRQHandler
                0x0800181c                FPU_IRQHandler
                0x0800181c                OTG_HS_WKUP_IRQHandler
                0x0800181c                FDCAN1_IT1_IRQHandler
                0x0800181c                LTDC_ER_IRQHandler
                0x0800181c                DMA2_Stream2_IRQHandler
                0x0800181c                SPI1_IRQHandler
                0x0800181c                OCTOSPI1_IRQHandler
                0x0800181c                TIM6_DAC_IRQHandler
                0x0800181c                DMA2_Stream3_IRQHandler
                0x0800181c                OCTOSPI2_IRQHandler
                0x0800181c                DFSDM1_FLT3_IRQHandler
                0x0800181c                TIM23_IRQHandler
                0x0800181c                USART6_IRQHandler
                0x0800181c                TIM17_IRQHandler
                0x0800181c                USART3_IRQHandler
                0x0800181c                BDMA_Channel7_IRQHandler
                0x0800181c                CRYP_IRQHandler
                0x0800181c                LPTIM5_IRQHandler
                0x0800181c                UART5_IRQHandler
                0x0800181c                ADC3_IRQHandler
                0x0800181c                DMA2_Stream0_IRQHandler
                0x0800181c                TIM4_IRQHandler
                0x0800181c                BDMA_Channel2_IRQHandler
                0x0800181c                I2C1_EV_IRQHandler
                0x0800181c                DMA1_Stream6_IRQHandler
                0x0800181c                DMAMUX1_OVR_IRQHandler
                0x0800181c                DMA1_Stream1_IRQHandler
                0x0800181c                TIM16_IRQHandler
                0x0800181c                UART4_IRQHandler
                0x0800181c                BDMA_Channel5_IRQHandler
                0x0800181c                TIM3_IRQHandler
                0x0800181c                RCC_IRQHandler
                0x0800181c                UART9_IRQHandler
                0x0800181c                TIM8_BRK_TIM12_IRQHandler
                0x0800181c                TIM1_TRG_COM_IRQHandler
                0x0800181c                Default_Handler
                0x0800181c                ECC_IRQHandler
                0x0800181c                FMAC_IRQHandler
                0x0800181c                CEC_IRQHandler
                0x0800181c                EXTI15_10_IRQHandler
                0x0800181c                BDMA_Channel0_IRQHandler
                0x0800181c                ADC_IRQHandler
                0x0800181c                I2C5_ER_IRQHandler
                0x0800181c                OTFDEC1_IRQHandler
                0x0800181c                DMA1_Stream7_IRQHandler
                0x0800181c                SPI5_IRQHandler
                0x0800181c                TIM7_IRQHandler
                0x0800181c                FDCAN3_IT1_IRQHandler
                0x0800181c                SDMMC1_IRQHandler
                0x0800181c                TIM5_IRQHandler
                0x0800181c                DMA2_Stream7_IRQHandler
                0x0800181c                TIM15_IRQHandler
                0x0800181c                PVD_AVD_IRQHandler
                0x0800181c                I2C3_EV_IRQHandler
                0x0800181c                EXTI9_5_IRQHandler
                0x0800181c                RTC_WKUP_IRQHandler
                0x0800181c                LTDC_IRQHandler
                0x0800181c                ETH_WKUP_IRQHandler
                0x0800181c                SPDIF_RX_IRQHandler
                0x0800181c                SPI2_IRQHandler
                0x0800181c                OTG_HS_EP1_IN_IRQHandler
                0x0800181c                DMA1_Stream0_IRQHandler
                0x0800181c                OTFDEC2_IRQHandler
                0x0800181c                TIM24_IRQHandler
                0x0800181c                CRS_IRQHandler
                0x0800181c                EXTI4_IRQHandler
                0x0800181c                FDCAN2_IT1_IRQHandler
                0x0800181c                ETH_IRQHandler
                0x0800181c                TIM1_UP_IRQHandler
                0x0800181c                BDMA_Channel4_IRQHandler
                0x0800181c                OTG_HS_EP1_OUT_IRQHandler
                0x0800181c                WWDG_IRQHandler
                0x0800181c                SPI6_IRQHandler
                0x0800181c                MDIOS_IRQHandler
                0x0800181c                I2C4_EV_IRQHandler
                0x0800181c                FDCAN2_IT0_IRQHandler
                0x0800181c                LPUART1_IRQHandler
                0x0800181c                FDCAN1_IT0_IRQHandler
                0x0800181c                TIM2_IRQHandler
                0x0800181c                OTG_HS_IRQHandler
                0x0800181c                DMA2D_IRQHandler
                0x0800181c                TIM1_BRK_IRQHandler
                0x0800181c                EXTI1_IRQHandler
                0x0800181c                SDMMC2_IRQHandler
                0x0800181c                BDMA_Channel3_IRQHandler
                0x0800181c                DTS_IRQHandler
                0x0800181c                UART7_IRQHandler
                0x0800181c                MDIOS_WKUP_IRQHandler
                0x0800181c                USART2_IRQHandler
                0x0800181c                DFSDM1_FLT0_IRQHandler
                0x0800181c                SAI4_IRQHandler
                0x0800181c                I2C2_ER_IRQHandler
                0x0800181c                DMA2_Stream1_IRQHandler
                0x0800181c                FLASH_IRQHandler
                0x0800181c                DMA2_Stream4_IRQHandler
                0x0800181c                USART1_IRQHandler
                0x0800181c                SPI3_IRQHandler
                0x0800181c                WAKEUP_PIN_IRQHandler
                0x0800181c                DMA1_Stream4_IRQHandler
                0x0800181c                I2C1_ER_IRQHandler
                0x0800181c                FMC_IRQHandler
                0x0800181c                FDCAN_CAL_IRQHandler
                0x0800181c                SWPMI1_IRQHandler
                0x0800181c                COMP1_IRQHandler
                0x0800181c                LPTIM1_IRQHandler
                0x0800181c                DCMI_PSSI_IRQHandler
                0x0800181c                I2C4_ER_IRQHandler
                0x0800181c                DMA2_Stream6_IRQHandler
                0x0800181c                SAI1_IRQHandler
                0x0800181c                DMA1_Stream3_IRQHandler
 *fill*         0x0800181e        0x2 
 .text.FT5336_RegisterBusIO
                0x08001820       0x84 ./Drivers/BSP/Components/ft5336/ft5336.o
                0x08001820                FT5336_RegisterBusIO
 .text.FT5336_GetCapabilities
                0x080018a4       0x3a ./Drivers/BSP/Components/ft5336/ft5336.o
                0x080018a4                FT5336_GetCapabilities
 .text.FT5336_Init
                0x080018de       0x48 ./Drivers/BSP/Components/ft5336/ft5336.o
                0x080018de                FT5336_Init
 .text.FT5336_DeInit
                0x08001926       0x2c ./Drivers/BSP/Components/ft5336/ft5336.o
                0x08001926                FT5336_DeInit
 .text.FT5336_GestureConfig
                0x08001952       0xc2 ./Drivers/BSP/Components/ft5336/ft5336.o
                0x08001952                FT5336_GestureConfig
 .text.FT5336_ReadID
                0x08001a14       0x20 ./Drivers/BSP/Components/ft5336/ft5336.o
                0x08001a14                FT5336_ReadID
 .text.FT5336_GetState
                0x08001a34       0x66 ./Drivers/BSP/Components/ft5336/ft5336.o
                0x08001a34                FT5336_GetState
 .text.FT5336_GetMultiTouchState
                0x08001a9a      0x136 ./Drivers/BSP/Components/ft5336/ft5336.o
                0x08001a9a                FT5336_GetMultiTouchState
 .text.FT5336_GetGesture
                0x08001bd0       0x20 ./Drivers/BSP/Components/ft5336/ft5336.o
                0x08001bd0                FT5336_GetGesture
 .text.FT5336_EnableIT
                0x08001bf0       0x1e ./Drivers/BSP/Components/ft5336/ft5336.o
                0x08001bf0                FT5336_EnableIT
 .text.FT5336_DisableIT
                0x08001c0e       0x1e ./Drivers/BSP/Components/ft5336/ft5336.o
                0x08001c0e                FT5336_DisableIT
 .text.FT5336_ITStatus
                0x08001c2c       0x16 ./Drivers/BSP/Components/ft5336/ft5336.o
                0x08001c2c                FT5336_ITStatus
 .text.FT5336_ClearIT
                0x08001c42       0x16 ./Drivers/BSP/Components/ft5336/ft5336.o
                0x08001c42                FT5336_ClearIT
 .text.FT5336_DetectTouch
                0x08001c58       0x40 ./Drivers/BSP/Components/ft5336/ft5336.o
 .text.ReadRegWrap
                0x08001c98       0x34 ./Drivers/BSP/Components/ft5336/ft5336.o
 .text.WriteRegWrap
                0x08001ccc       0x34 ./Drivers/BSP/Components/ft5336/ft5336.o
 .text.ft5336_read_reg
                0x08001d00       0x2e ./Drivers/BSP/Components/ft5336/ft5336_reg.o
                0x08001d00                ft5336_read_reg
 .text.ft5336_write_reg
                0x08001d2e       0x2e ./Drivers/BSP/Components/ft5336/ft5336_reg.o
                0x08001d2e                ft5336_write_reg
 .text.ft5336_gest_id
                0x08001d5c       0x20 ./Drivers/BSP/Components/ft5336/ft5336_reg.o
                0x08001d5c                ft5336_gest_id
 .text.ft5336_td_status
                0x08001d7c       0x3e ./Drivers/BSP/Components/ft5336/ft5336_reg.o
                0x08001d7c                ft5336_td_status
 .text.ft5336_radian_value
                0x08001dba       0x22 ./Drivers/BSP/Components/ft5336/ft5336_reg.o
                0x08001dba                ft5336_radian_value
 .text.ft5336_offset_left_right
                0x08001ddc       0x22 ./Drivers/BSP/Components/ft5336/ft5336_reg.o
                0x08001ddc                ft5336_offset_left_right
 .text.ft5336_offset_up_down
                0x08001dfe       0x22 ./Drivers/BSP/Components/ft5336/ft5336_reg.o
                0x08001dfe                ft5336_offset_up_down
 .text.ft5336_disatnce_left_right
                0x08001e20       0x22 ./Drivers/BSP/Components/ft5336/ft5336_reg.o
                0x08001e20                ft5336_disatnce_left_right
 .text.ft5336_distance_up_down
                0x08001e42       0x22 ./Drivers/BSP/Components/ft5336/ft5336_reg.o
                0x08001e42                ft5336_distance_up_down
 .text.ft5336_distance_zoom
                0x08001e64       0x22 ./Drivers/BSP/Components/ft5336/ft5336_reg.o
                0x08001e64                ft5336_distance_zoom
 .text.ft5336_g_mode
                0x08001e86       0x22 ./Drivers/BSP/Components/ft5336/ft5336_reg.o
                0x08001e86                ft5336_g_mode
 .text.ft5336_chip_id
                0x08001ea8       0x38 ./Drivers/BSP/Components/ft5336/ft5336_reg.o
                0x08001ea8                ft5336_chip_id
 .text.GT911_RegisterBusIO
                0x08001ee0       0x84 ./Drivers/BSP/Components/gt911/gt911.o
                0x08001ee0                GT911_RegisterBusIO
 .text.GT911_GetCapabilities
                0x08001f64       0x3a ./Drivers/BSP/Components/gt911/gt911.o
                0x08001f64                GT911_GetCapabilities
 .text.GT911_Init
                0x08001f9e       0xba ./Drivers/BSP/Components/gt911/gt911.o
                0x08001f9e                GT911_Init
 .text.GT911_DeInit
                0x08002058       0x2c ./Drivers/BSP/Components/gt911/gt911.o
                0x08002058                GT911_DeInit
 .text.GT911_GestureConfig
                0x08002084      0x1b2 ./Drivers/BSP/Components/gt911/gt911.o
                0x08002084                GT911_GestureConfig
 .text.GT911_ReadID
                0x08002236       0x20 ./Drivers/BSP/Components/gt911/gt911.o
                0x08002236                GT911_ReadID
 .text.GT911_GetState
                0x08002256       0xb4 ./Drivers/BSP/Components/gt911/gt911.o
                0x08002256                GT911_GetState
 .text.GT911_GetMultiTouchState
                0x0800230a      0x182 ./Drivers/BSP/Components/gt911/gt911.o
                0x0800230a                GT911_GetMultiTouchState
 .text.GT911_GetGesture
                0x0800248c       0x20 ./Drivers/BSP/Components/gt911/gt911.o
                0x0800248c                GT911_GetGesture
 .text.GT911_EnableIT
                0x080024ac       0x68 ./Drivers/BSP/Components/gt911/gt911.o
                0x080024ac                GT911_EnableIT
 .text.GT911_DisableIT
                0x08002514       0x16 ./Drivers/BSP/Components/gt911/gt911.o
                0x08002514                GT911_DisableIT
 .text.GT911_ITStatus
                0x0800252a       0x16 ./Drivers/BSP/Components/gt911/gt911.o
                0x0800252a                GT911_ITStatus
 .text.GT911_ClearIT
                0x08002540       0x1c ./Drivers/BSP/Components/gt911/gt911.o
                0x08002540                GT911_ClearIT
 .text.GT911_DetectTouch
                0x0800255c       0x40 ./Drivers/BSP/Components/gt911/gt911.o
 .text.ReadRegWrap
                0x0800259c       0x32 ./Drivers/BSP/Components/gt911/gt911.o
 .text.WriteRegWrap
                0x080025ce       0x32 ./Drivers/BSP/Components/gt911/gt911.o
 .text.gt911_read_reg
                0x08002600       0x2e ./Drivers/BSP/Components/gt911/gt911_reg.o
                0x08002600                gt911_read_reg
 .text.gt911_write_reg
                0x0800262e      0x116 ./Drivers/BSP/Components/gt911/gt911_reg.o
                0x0800262e                gt911_write_reg
 .text.gt911_gest_id
                0x08002744       0x22 ./Drivers/BSP/Components/gt911/gt911_reg.o
                0x08002744                gt911_gest_id
 .text.gt911_td_status
                0x08002766       0x60 ./Drivers/BSP/Components/gt911/gt911_reg.o
                0x08002766                gt911_td_status
 .text.gt911_clr_int
                0x080027c6       0x28 ./Drivers/BSP/Components/gt911/gt911_reg.o
                0x080027c6                gt911_clr_int
 .text.gt911_distance_left_right
                0x080027ee       0x6a ./Drivers/BSP/Components/gt911/gt911_reg.o
                0x080027ee                gt911_distance_left_right
 .text.gt911_distance_up_down
                0x08002858       0x6a ./Drivers/BSP/Components/gt911/gt911_reg.o
                0x08002858                gt911_distance_up_down
 .text.gt911_m_sw1
                0x080028c2       0x24 ./Drivers/BSP/Components/gt911/gt911_reg.o
                0x080028c2                gt911_m_sw1
 .text.gt911_chip_id
                0x080028e6       0x22 ./Drivers/BSP/Components/gt911/gt911_reg.o
                0x080028e6                gt911_chip_id
 .text.S70KL1281_EnableMemoryMappedMode
                0x08002908       0x62 ./Drivers/BSP/Components/s70kl1281/s70kl1281.o
                0x08002908                S70KL1281_EnableMemoryMappedMode
 .text.S70KL1281_ReadCfgReg0
                0x0800296a       0x64 ./Drivers/BSP/Components/s70kl1281/s70kl1281.o
                0x0800296a                S70KL1281_ReadCfgReg0
 .text.S70KL1281_WriteCfgReg0
                0x080029ce       0xba ./Drivers/BSP/Components/s70kl1281/s70kl1281.o
                0x080029ce                S70KL1281_WriteCfgReg0
 .text.WM8994_Init
                0x08002a88      0xdcc ./Drivers/BSP/Components/wm8994/wm8994.o
                0x08002a88                WM8994_Init
 .text.WM8994_DeInit
                0x08003854       0x1a ./Drivers/BSP/Components/wm8994/wm8994.o
                0x08003854                WM8994_DeInit
 .text.WM8994_ReadID
                0x0800386e       0x34 ./Drivers/BSP/Components/wm8994/wm8994.o
                0x0800386e                WM8994_ReadID
 .text.WM8994_Play
                0x080038a2       0x1a ./Drivers/BSP/Components/wm8994/wm8994.o
                0x080038a2                WM8994_Play
 .text.WM8994_Pause
                0x080038bc       0x50 ./Drivers/BSP/Components/wm8994/wm8994.o
                0x080038bc                WM8994_Pause
 .text.WM8994_Resume
                0x0800390c       0x1a ./Drivers/BSP/Components/wm8994/wm8994.o
                0x0800390c                WM8994_Resume
 .text.WM8994_Stop
                0x08003926       0xda ./Drivers/BSP/Components/wm8994/wm8994.o
                0x08003926                WM8994_Stop
 .text.WM8994_SetVolume
                0x08003a00      0x1b4 ./Drivers/BSP/Components/wm8994/wm8994.o
                0x08003a00                WM8994_SetVolume
 .text.WM8994_GetVolume
                0x08003bb4       0xa4 ./Drivers/BSP/Components/wm8994/wm8994.o
                0x08003bb4                WM8994_GetVolume
 .text.WM8994_SetMute
                0x08003c58       0x96 ./Drivers/BSP/Components/wm8994/wm8994.o
                0x08003c58                WM8994_SetMute
 .text.WM8994_SetOutputMode
                0x08003cee      0x432 ./Drivers/BSP/Components/wm8994/wm8994.o
                0x08003cee                WM8994_SetOutputMode
 .text.WM8994_SetResolution
                0x08004120       0x34 ./Drivers/BSP/Components/wm8994/wm8994.o
                0x08004120                WM8994_SetResolution
 .text.WM8994_GetResolution
                0x08004154       0x80 ./Drivers/BSP/Components/wm8994/wm8994.o
                0x08004154                WM8994_GetResolution
 .text.WM8994_SetProtocol
                0x080041d4       0x34 ./Drivers/BSP/Components/wm8994/wm8994.o
                0x080041d4                WM8994_SetProtocol
 .text.WM8994_GetProtocol
                0x08004208       0x3e ./Drivers/BSP/Components/wm8994/wm8994.o
                0x08004208                WM8994_GetProtocol
 *fill*         0x08004246        0x2 
 .text.WM8994_SetFrequency
                0x08004248      0x168 ./Drivers/BSP/Components/wm8994/wm8994.o
                0x08004248                WM8994_SetFrequency
 .text.WM8994_GetFrequency
                0x080043b0       0xc8 ./Drivers/BSP/Components/wm8994/wm8994.o
                0x080043b0                WM8994_GetFrequency
 .text.WM8994_Reset
                0x08004478       0x2e ./Drivers/BSP/Components/wm8994/wm8994.o
                0x08004478                WM8994_Reset
 *fill*         0x080044a6        0x2 
 .text.WM8994_RegisterBusIO
                0x080044a8       0x84 ./Drivers/BSP/Components/wm8994/wm8994.o
                0x080044a8                WM8994_RegisterBusIO
 .text.WM8994_Delay
                0x0800452c       0x34 ./Drivers/BSP/Components/wm8994/wm8994.o
 .text.WM8994_ReadRegWrap
                0x08004560       0x32 ./Drivers/BSP/Components/wm8994/wm8994.o
 .text.WM8994_WriteRegWrap
                0x08004592       0x32 ./Drivers/BSP/Components/wm8994/wm8994.o
 .text.wm8994_read_reg
                0x080045c4       0x58 ./Drivers/BSP/Components/wm8994/wm8994_reg.o
                0x080045c4                wm8994_read_reg
 .text.wm8994_write_reg
                0x0800461c       0x50 ./Drivers/BSP/Components/wm8994/wm8994_reg.o
                0x0800461c                wm8994_write_reg
 .text.wm8994_sw_reset_w
                0x0800466c       0x22 ./Drivers/BSP/Components/wm8994/wm8994_reg.o
                0x0800466c                wm8994_sw_reset_w
 .text.wm8994_sw_reset_r
                0x0800468e       0x20 ./Drivers/BSP/Components/wm8994/wm8994_reg.o
                0x0800468e                wm8994_sw_reset_r
 .text.wm8994_lo_hpout1l_vol_r
                0x080046ae       0x3e ./Drivers/BSP/Components/wm8994/wm8994_reg.o
                0x080046ae                wm8994_lo_hpout1l_vol_r
 .text.wm8994_aif1_sr_r
                0x080046ec       0x44 ./Drivers/BSP/Components/wm8994/wm8994_reg.o
                0x080046ec                wm8994_aif1_sr_r
 .text.wm8994_aif1_control1_fmt
                0x08004730       0x62 ./Drivers/BSP/Components/wm8994/wm8994_reg.o
                0x08004730                wm8994_aif1_control1_fmt
 .text.wm8994_aif1_control1_fmt_r
                0x08004792       0x44 ./Drivers/BSP/Components/wm8994/wm8994_reg.o
                0x08004792                wm8994_aif1_control1_fmt_r
 .text.wm8994_aif1_control1_wl
                0x080047d6       0x62 ./Drivers/BSP/Components/wm8994/wm8994_reg.o
                0x080047d6                wm8994_aif1_control1_wl
 .text.wm8994_aif1_control1_wl_r
                0x08004838       0x44 ./Drivers/BSP/Components/wm8994/wm8994_reg.o
                0x08004838                wm8994_aif1_control1_wl_r
 .text.wm8994_aif1_control1_adcr_src
                0x0800487c       0x62 ./Drivers/BSP/Components/wm8994/wm8994_reg.o
                0x0800487c                wm8994_aif1_control1_adcr_src
 .text.wm8994_aif1_adc1_left_vol_adc1l_r
                0x080048de       0x3e ./Drivers/BSP/Components/wm8994/wm8994_reg.o
                0x080048de                wm8994_aif1_adc1_left_vol_adc1l_r
 .text.BSP_LED_Toggle
                0x0800491c       0x3c ./Drivers/BSP/stm32h735g_discovery.o
                0x0800491c                BSP_LED_Toggle
 .text.BSP_PB_Init
                0x08004958       0xe4 ./Drivers/BSP/stm32h735g_discovery.o
                0x08004958                BSP_PB_Init
 .text.BSP_PB_GetState
                0x08004a3c       0x2c ./Drivers/BSP/stm32h735g_discovery.o
                0x08004a3c                BSP_PB_GetState
 .text.BUTTON_USER_EXTI_Callback
                0x08004a68        0xe ./Drivers/BSP/stm32h735g_discovery.o
 .text.BSP_PB_Callback
                0x08004a76       0x16 ./Drivers/BSP/stm32h735g_discovery.o
                0x08004a76                BSP_PB_Callback
 .text.BSP_AUDIO_OUT_Init
                0x08004a8c      0x25c ./Drivers/BSP/stm32h735g_discovery_audio.o
                0x08004a8c                BSP_AUDIO_OUT_Init
 .text.MX_SAI1_Block_B_Init
                0x08004ce8      0x120 ./Drivers/BSP/stm32h735g_discovery_audio.o
                0x08004ce8                MX_SAI1_Block_B_Init
 .text.MX_SAI1_ClockConfig
                0x08004e08       0x80 ./Drivers/BSP/stm32h735g_discovery_audio.o
                0x08004e08                MX_SAI1_ClockConfig
 .text.BSP_AUDIO_OUT_Play
                0x08004e88       0xdc ./Drivers/BSP/stm32h735g_discovery_audio.o
                0x08004e88                BSP_AUDIO_OUT_Play
 .text.BSP_AUDIO_OUT_Stop
                0x08004f64       0xc4 ./Drivers/BSP/stm32h735g_discovery_audio.o
                0x08004f64                BSP_AUDIO_OUT_Stop
 .text.HAL_SAI_TxCpltCallback
                0x08005028       0x16 ./Drivers/BSP/stm32h735g_discovery_audio.o
                0x08005028                HAL_SAI_TxCpltCallback
 .text.HAL_SAI_TxHalfCpltCallback
                0x0800503e       0x16 ./Drivers/BSP/stm32h735g_discovery_audio.o
                0x0800503e                HAL_SAI_TxHalfCpltCallback
 .text.HAL_SAI_ErrorCallback
                0x08005054       0x2c ./Drivers/BSP/stm32h735g_discovery_audio.o
                0x08005054                HAL_SAI_ErrorCallback
 .text.BSP_AUDIO_OUT_TransferComplete_CallBack
                0x08005080       0x14 ./Drivers/BSP/stm32h735g_discovery_audio.o
                0x08005080                BSP_AUDIO_OUT_TransferComplete_CallBack
 .text.BSP_AUDIO_OUT_HalfTransfer_CallBack
                0x08005094       0x14 ./Drivers/BSP/stm32h735g_discovery_audio.o
                0x08005094                BSP_AUDIO_OUT_HalfTransfer_CallBack
 .text.BSP_AUDIO_OUT_Error_CallBack
                0x080050a8       0x14 ./Drivers/BSP/stm32h735g_discovery_audio.o
                0x080050a8                BSP_AUDIO_OUT_Error_CallBack
 .text.WM8994_Probe
                0x080050bc       0xb4 ./Drivers/BSP/stm32h735g_discovery_audio.o
 .text.SAI_MspInit
                0x08005170      0x4f4 ./Drivers/BSP/stm32h735g_discovery_audio.o
 .text.BSP_AUDIO_IN_Init
                0x08005664      0x85c ./Drivers/BSP/stm32h735g_discovery_audio.o
                0x08005664                BSP_AUDIO_IN_Init
 .text.MX_DFSDM1_ClockConfig
                0x08005ec0       0x50 ./Drivers/BSP/stm32h735g_discovery_audio.o
                0x08005ec0                MX_DFSDM1_ClockConfig
 .text.MX_SAI4_ClockConfig
                0x08005f10       0x90 ./Drivers/BSP/stm32h735g_discovery_audio.o
                0x08005f10                MX_SAI4_ClockConfig
 .text.MX_DFSDM1_Init
                0x08005fa0       0xfe ./Drivers/BSP/stm32h735g_discovery_audio.o
                0x08005fa0                MX_DFSDM1_Init
 .text.MX_SAI1_Block_A_Init
                0x0800609e      0x110 ./Drivers/BSP/stm32h735g_discovery_audio.o
                0x0800609e                MX_SAI1_Block_A_Init
 .text.MX_SAI4_Block_A_Init
                0x080061ae      0x10a ./Drivers/BSP/stm32h735g_discovery_audio.o
                0x080061ae                MX_SAI4_Block_A_Init
 .text.BSP_AUDIO_IN_PDMToPCM_Init
                0x080062b8      0x148 ./Drivers/BSP/stm32h735g_discovery_audio.o
                0x080062b8                BSP_AUDIO_IN_PDMToPCM_Init
 .text.BSP_AUDIO_IN_Stop
                0x08006400      0x168 ./Drivers/BSP/stm32h735g_discovery_audio.o
                0x08006400                BSP_AUDIO_IN_Stop
 .text.BSP_AUDIO_IN_Error_CallBack
                0x08006568       0x14 ./Drivers/BSP/stm32h735g_discovery_audio.o
                0x08006568                BSP_AUDIO_IN_Error_CallBack
 .text.DFSDM_ChannelMspInit
                0x0800657c      0x148 ./Drivers/BSP/stm32h735g_discovery_audio.o
 .text.DFSDM_FilterMspInit
                0x080066c4      0x3ac ./Drivers/BSP/stm32h735g_discovery_audio.o
 .text.BSP_I2C4_Init
                0x08006a70       0x74 ./Drivers/BSP/stm32h735g_discovery_bus.o
                0x08006a70                BSP_I2C4_Init
 .text.BSP_I2C4_DeInit
                0x08006ae4       0x50 ./Drivers/BSP/stm32h735g_discovery_bus.o
                0x08006ae4                BSP_I2C4_DeInit
 .text.MX_I2C4_Init
                0x08006b34       0x84 ./Drivers/BSP/stm32h735g_discovery_bus.o
                0x08006b34                MX_I2C4_Init
 .text.BSP_I2C4_WriteReg
                0x08006bb8       0x5c ./Drivers/BSP/stm32h735g_discovery_bus.o
                0x08006bb8                BSP_I2C4_WriteReg
 .text.BSP_I2C4_ReadReg
                0x08006c14       0x5c ./Drivers/BSP/stm32h735g_discovery_bus.o
                0x08006c14                BSP_I2C4_ReadReg
 .text.BSP_I2C4_WriteReg16
                0x08006c70       0x5c ./Drivers/BSP/stm32h735g_discovery_bus.o
                0x08006c70                BSP_I2C4_WriteReg16
 .text.BSP_I2C4_ReadReg16
                0x08006ccc       0x5c ./Drivers/BSP/stm32h735g_discovery_bus.o
                0x08006ccc                BSP_I2C4_ReadReg16
 .text.BSP_GetTick
                0x08006d28        0xe ./Drivers/BSP/stm32h735g_discovery_bus.o
                0x08006d28                BSP_GetTick
 *fill*         0x08006d36        0x2 
 .text.I2C_GetTiming
                0x08006d38      0x100 ./Drivers/BSP/stm32h735g_discovery_bus.o
 .text.I2C_Compute_PRESC_SCLDEL_SDADEL
                0x08006e38      0x1dc ./Drivers/BSP/stm32h735g_discovery_bus.o
 .text.I2C_Compute_SCLL_SCLH
                0x08007014      0x210 ./Drivers/BSP/stm32h735g_discovery_bus.o
 .text.I2C4_MspInit
                0x08007224       0xcc ./Drivers/BSP/stm32h735g_discovery_bus.o
 .text.I2C4_MspDeInit
                0x080072f0       0x48 ./Drivers/BSP/stm32h735g_discovery_bus.o
 .text.I2C4_WriteReg
                0x08007338       0x4c ./Drivers/BSP/stm32h735g_discovery_bus.o
 .text.I2C4_ReadReg
                0x08007384       0x4c ./Drivers/BSP/stm32h735g_discovery_bus.o
 .text.BSP_LCD_Init
                0x080073d0       0x28 ./Drivers/BSP/stm32h735g_discovery_lcd.o
                0x080073d0                BSP_LCD_Init
 .text.BSP_LCD_InitEx
                0x080073f8      0x19c ./Drivers/BSP/stm32h735g_discovery_lcd.o
                0x080073f8                BSP_LCD_InitEx
 .text.MX_LTDC_Init
                0x08007594       0x98 ./Drivers/BSP/stm32h735g_discovery_lcd.o
                0x08007594                MX_LTDC_Init
 .text.MX_LTDC_ConfigLayer
                0x0800762c       0x84 ./Drivers/BSP/stm32h735g_discovery_lcd.o
                0x0800762c                MX_LTDC_ConfigLayer
 .text.MX_LTDC_ClockConfig
                0x080076b0       0x48 ./Drivers/BSP/stm32h735g_discovery_lcd.o
                0x080076b0                MX_LTDC_ClockConfig
 .text.BSP_LCD_SetActiveLayer
                0x080076f8       0x44 ./Drivers/BSP/stm32h735g_discovery_lcd.o
                0x080076f8                BSP_LCD_SetActiveLayer
 .text.BSP_LCD_DisplayOn
                0x0800773c       0x58 ./Drivers/BSP/stm32h735g_discovery_lcd.o
                0x0800773c                BSP_LCD_DisplayOn
 .text.BSP_LCD_FillRect
                0x08007794       0xa8 ./Drivers/BSP/stm32h735g_discovery_lcd.o
                0x08007794                BSP_LCD_FillRect
 .text.BSP_LCD_WritePixel
                0x0800783c       0xd4 ./Drivers/BSP/stm32h735g_discovery_lcd.o
                0x0800783c                BSP_LCD_WritePixel
 .text.LL_FillBuffer
                0x08007910       0xdc ./Drivers/BSP/stm32h735g_discovery_lcd.o
 .text.LTDC_MspInit
                0x080079ec      0x2a4 ./Drivers/BSP/stm32h735g_discovery_lcd.o
 .text.DMA2D_MspInit
                0x08007c90       0x5c ./Drivers/BSP/stm32h735g_discovery_lcd.o
 .text.BSP_OSPI_RAM_Init
                0x08007cec       0xe8 ./Drivers/BSP/stm32h735g_discovery_ospi.o
                0x08007cec                BSP_OSPI_RAM_Init
 .text.MX_OSPI_ClockConfig
                0x08007dd4       0x4c ./Drivers/BSP/stm32h735g_discovery_ospi.o
                0x08007dd4                MX_OSPI_ClockConfig
 .text.MX_OSPI_RAM_Init
                0x08007e20       0xb4 ./Drivers/BSP/stm32h735g_discovery_ospi.o
                0x08007e20                MX_OSPI_RAM_Init
 .text.BSP_OSPI_RAM_EnableMemoryMappedMode
                0x08007ed4       0x58 ./Drivers/BSP/stm32h735g_discovery_ospi.o
                0x08007ed4                BSP_OSPI_RAM_EnableMemoryMappedMode
 .text.BSP_OSPI_RAM_ConfigHyperRAM
                0x08007f2c      0x250 ./Drivers/BSP/stm32h735g_discovery_ospi.o
                0x08007f2c                BSP_OSPI_RAM_ConfigHyperRAM
 .text.OSPI_RAM_MspInit
                0x0800817c      0x350 ./Drivers/BSP/stm32h735g_discovery_ospi.o
 .text.BSP_TS_Init
                0x080084cc      0x194 ./Drivers/BSP/stm32h735g_discovery_ts.o
                0x080084cc                BSP_TS_Init
 .text.BSP_TS_GetState
                0x08008660      0x2b0 ./Drivers/BSP/stm32h735g_discovery_ts.o
                0x08008660                BSP_TS_GetState
 .text.GT911_Probe
                0x08008910       0xcc ./Drivers/BSP/stm32h735g_discovery_ts.o
                0x08008910                GT911_Probe
 .text.FT5336_Probe
                0x080089dc       0xc8 ./Drivers/BSP/stm32h735g_discovery_ts.o
                0x080089dc                FT5336_Probe
 .text.HAL_Init
                0x08008aa4       0x78 ./Drivers/STM32H7xx_HAL_Driver/Src/stm32h7xx_hal.o
                0x08008aa4                HAL_Init
 .text.HAL_InitTick
                0x08008b1c       0x6c ./Drivers/STM32H7xx_HAL_Driver/Src/stm32h7xx_hal.o
                0x08008b1c                HAL_InitTick
 .text.HAL_IncTick
                0x08008b88       0x28 ./Drivers/STM32H7xx_HAL_Driver/Src/stm32h7xx_hal.o
                0x08008b88                HAL_IncTick
 .text.HAL_GetTick
                0x08008bb0       0x18 ./Drivers/STM32H7xx_HAL_Driver/Src/stm32h7xx_hal.o
                0x08008bb0                HAL_GetTick
 .text.HAL_Delay
                0x08008bc8       0x48 ./Drivers/STM32H7xx_HAL_Driver/Src/stm32h7xx_hal.o
                0x08008bc8                HAL_Delay
 .text.HAL_SYSCFG_AnalogSwitchConfig
                0x08008c10       0x2c ./Drivers/STM32H7xx_HAL_Driver/Src/stm32h7xx_hal.o
                0x08008c10                HAL_SYSCFG_AnalogSwitchConfig
 .text.__NVIC_SetPriorityGrouping
                0x08008c3c       0x48 ./Drivers/STM32H7xx_HAL_Driver/Src/stm32h7xx_hal_cortex.o
 .text.__NVIC_GetPriorityGrouping
                0x08008c84       0x1c ./Drivers/STM32H7xx_HAL_Driver/Src/stm32h7xx_hal_cortex.o
 .text.__NVIC_EnableIRQ
                0x08008ca0       0x3c ./Drivers/STM32H7xx_HAL_Driver/Src/stm32h7xx_hal_cortex.o
 .text.__NVIC_SetPriority
                0x08008cdc       0x54 ./Drivers/STM32H7xx_HAL_Driver/Src/stm32h7xx_hal_cortex.o
 .text.NVIC_EncodePriority
                0x08008d30       0x66 ./Drivers/STM32H7xx_HAL_Driver/Src/stm32h7xx_hal_cortex.o
 *fill*         0x08008d96        0x2 
 .text.SysTick_Config
                0x08008d98       0x44 ./Drivers/STM32H7xx_HAL_Driver/Src/stm32h7xx_hal_cortex.o
 .text.HAL_NVIC_SetPriorityGrouping
                0x08008ddc       0x16 ./Drivers/STM32H7xx_HAL_Driver/Src/stm32h7xx_hal_cortex.o
                0x08008ddc                HAL_NVIC_SetPriorityGrouping
 .text.HAL_NVIC_SetPriority
                0x08008df2       0x34 ./Drivers/STM32H7xx_HAL_Driver/Src/stm32h7xx_hal_cortex.o
                0x08008df2                HAL_NVIC_SetPriority
 .text.HAL_NVIC_EnableIRQ
                0x08008e26       0x1c ./Drivers/STM32H7xx_HAL_Driver/Src/stm32h7xx_hal_cortex.o
                0x08008e26                HAL_NVIC_EnableIRQ
 .text.HAL_SYSTICK_Config
                0x08008e42       0x18 ./Drivers/STM32H7xx_HAL_Driver/Src/stm32h7xx_hal_cortex.o
                0x08008e42                HAL_SYSTICK_Config
 *fill*         0x08008e5a        0x2 
 .text.HAL_MPU_Disable
                0x08008e5c       0x30 ./Drivers/STM32H7xx_HAL_Driver/Src/stm32h7xx_hal_cortex.o
                0x08008e5c                HAL_MPU_Disable
 .text.HAL_MPU_Enable
                0x08008e8c       0x40 ./Drivers/STM32H7xx_HAL_Driver/Src/stm32h7xx_hal_cortex.o
                0x08008e8c                HAL_MPU_Enable
 .text.HAL_MPU_ConfigRegion
                0x08008ecc       0x80 ./Drivers/STM32H7xx_HAL_Driver/Src/stm32h7xx_hal_cortex.o
                0x08008ecc                HAL_MPU_ConfigRegion
 .text.HAL_DFSDM_ChannelInit
                0x08008f4c      0x190 ./Drivers/STM32H7xx_HAL_Driver/Src/stm32h7xx_hal_dfsdm.o
                0x08008f4c                HAL_DFSDM_ChannelInit
 .text.HAL_DFSDM_ChannelMspInit
                0x080090dc       0x14 ./Drivers/STM32H7xx_HAL_Driver/Src/stm32h7xx_hal_dfsdm.o
                0x080090dc                HAL_DFSDM_ChannelMspInit
 .text.HAL_DFSDM_FilterInit
                0x080090f0      0x1b8 ./Drivers/STM32H7xx_HAL_Driver/Src/stm32h7xx_hal_dfsdm.o
                0x080090f0                HAL_DFSDM_FilterInit
 .text.HAL_DFSDM_FilterMspInit
                0x080092a8       0x14 ./Drivers/STM32H7xx_HAL_Driver/Src/stm32h7xx_hal_dfsdm.o
                0x080092a8                HAL_DFSDM_FilterMspInit
 .text.HAL_DFSDM_FilterConfigRegChannel
                0x080092bc       0x8c ./Drivers/STM32H7xx_HAL_Driver/Src/stm32h7xx_hal_dfsdm.o
                0x080092bc                HAL_DFSDM_FilterConfigRegChannel
 .text.HAL_DFSDM_FilterRegularStop_DMA
                0x08009348       0x54 ./Drivers/STM32H7xx_HAL_Driver/Src/stm32h7xx_hal_dfsdm.o
                0x08009348                HAL_DFSDM_FilterRegularStop_DMA
 .text.DFSDM_GetChannelFromInstance
                0x0800939c       0x98 ./Drivers/STM32H7xx_HAL_Driver/Src/stm32h7xx_hal_dfsdm.o
 .text.DFSDM_RegConvStop
                0x08009434       0x9a ./Drivers/STM32H7xx_HAL_Driver/Src/stm32h7xx_hal_dfsdm.o
 *fill*         0x080094ce        0x2 
 .text.HAL_DMA_Init
                0x080094d0      0x6b0 ./Drivers/STM32H7xx_HAL_Driver/Src/stm32h7xx_hal_dma.o
                0x080094d0                HAL_DMA_Init
 .text.HAL_DMA_DeInit
                0x08009b80      0x36c ./Drivers/STM32H7xx_HAL_Driver/Src/stm32h7xx_hal_dma.o
                0x08009b80                HAL_DMA_DeInit
 .text.HAL_DMA_Start_IT
                0x08009eec      0x4d4 ./Drivers/STM32H7xx_HAL_Driver/Src/stm32h7xx_hal_dma.o
                0x08009eec                HAL_DMA_Start_IT
 .text.HAL_DMA_Abort
                0x0800a3c0      0x63c ./Drivers/STM32H7xx_HAL_Driver/Src/stm32h7xx_hal_dma.o
                0x0800a3c0                HAL_DMA_Abort
 .text.HAL_DMA_GetError
                0x0800a9fc       0x18 ./Drivers/STM32H7xx_HAL_Driver/Src/stm32h7xx_hal_dma.o
                0x0800a9fc                HAL_DMA_GetError
 .text.DMA_SetConfig
                0x0800aa14      0x358 ./Drivers/STM32H7xx_HAL_Driver/Src/stm32h7xx_hal_dma.o
 .text.DMA_CalcBaseAndBitshift
                0x0800ad6c      0x164 ./Drivers/STM32H7xx_HAL_Driver/Src/stm32h7xx_hal_dma.o
 .text.DMA_CheckFifoParam
                0x0800aed0       0xf8 ./Drivers/STM32H7xx_HAL_Driver/Src/stm32h7xx_hal_dma.o
 .text.DMA_CalcDMAMUXChannelBaseAndMask
                0x0800afc8      0x134 ./Drivers/STM32H7xx_HAL_Driver/Src/stm32h7xx_hal_dma.o
 .text.DMA_CalcDMAMUXRequestGenBaseAndMask
                0x0800b0fc       0xe8 ./Drivers/STM32H7xx_HAL_Driver/Src/stm32h7xx_hal_dma.o
 .text.HAL_DMA2D_Init
                0x0800b1e4       0xc8 ./Drivers/STM32H7xx_HAL_Driver/Src/stm32h7xx_hal_dma2d.o
                0x0800b1e4                HAL_DMA2D_Init
 .text.HAL_DMA2D_MspInit
                0x0800b2ac       0x14 ./Drivers/STM32H7xx_HAL_Driver/Src/stm32h7xx_hal_dma2d.o
                0x0800b2ac                HAL_DMA2D_MspInit
 .text.HAL_DMA2D_Start
                0x0800b2c0       0x56 ./Drivers/STM32H7xx_HAL_Driver/Src/stm32h7xx_hal_dma2d.o
                0x0800b2c0                HAL_DMA2D_Start
 .text.HAL_DMA2D_PollForTransfer
                0x0800b316      0x1d2 ./Drivers/STM32H7xx_HAL_Driver/Src/stm32h7xx_hal_dma2d.o
                0x0800b316                HAL_DMA2D_PollForTransfer
 .text.DMA2D_SetConfig
                0x0800b4e8      0x14c ./Drivers/STM32H7xx_HAL_Driver/Src/stm32h7xx_hal_dma2d.o
 .text.HAL_EXTI_RegisterCallback
                0x0800b634       0x3e ./Drivers/STM32H7xx_HAL_Driver/Src/stm32h7xx_hal_exti.o
                0x0800b634                HAL_EXTI_RegisterCallback
 .text.HAL_EXTI_GetHandle
                0x0800b672       0x28 ./Drivers/STM32H7xx_HAL_Driver/Src/stm32h7xx_hal_exti.o
                0x0800b672                HAL_EXTI_GetHandle
 *fill*         0x0800b69a        0x2 
 .text.HAL_GPIO_Init
                0x0800b69c      0x350 ./Drivers/STM32H7xx_HAL_Driver/Src/stm32h7xx_hal_gpio.o
                0x0800b69c                HAL_GPIO_Init
 .text.HAL_GPIO_DeInit
                0x0800b9ec      0x204 ./Drivers/STM32H7xx_HAL_Driver/Src/stm32h7xx_hal_gpio.o
                0x0800b9ec                HAL_GPIO_DeInit
 .text.HAL_GPIO_ReadPin
                0x0800bbf0       0x30 ./Drivers/STM32H7xx_HAL_Driver/Src/stm32h7xx_hal_gpio.o
                0x0800bbf0                HAL_GPIO_ReadPin
 .text.HAL_GPIO_WritePin
                0x0800bc20       0x32 ./Drivers/STM32H7xx_HAL_Driver/Src/stm32h7xx_hal_gpio.o
                0x0800bc20                HAL_GPIO_WritePin
 .text.HAL_GPIO_TogglePin
                0x0800bc52       0x34 ./Drivers/STM32H7xx_HAL_Driver/Src/stm32h7xx_hal_gpio.o
                0x0800bc52                HAL_GPIO_TogglePin
 *fill*         0x0800bc86        0x2 
 .text.HAL_I2C_Init
                0x0800bc88      0x138 ./Drivers/STM32H7xx_HAL_Driver/Src/stm32h7xx_hal_i2c.o
                0x0800bc88                HAL_I2C_Init
 .text.HAL_I2C_DeInit
                0x0800bdc0       0x5e ./Drivers/STM32H7xx_HAL_Driver/Src/stm32h7xx_hal_i2c.o
                0x0800bdc0                HAL_I2C_DeInit
 .text.HAL_I2C_MspInit
                0x0800be1e       0x14 ./Drivers/STM32H7xx_HAL_Driver/Src/stm32h7xx_hal_i2c.o
                0x0800be1e                HAL_I2C_MspInit
 .text.HAL_I2C_MspDeInit
                0x0800be32       0x14 ./Drivers/STM32H7xx_HAL_Driver/Src/stm32h7xx_hal_i2c.o
                0x0800be32                HAL_I2C_MspDeInit
 *fill*         0x0800be46        0x2 
 .text.HAL_I2C_Mem_Write
                0x0800be48      0x228 ./Drivers/STM32H7xx_HAL_Driver/Src/stm32h7xx_hal_i2c.o
                0x0800be48                HAL_I2C_Mem_Write
 .text.HAL_I2C_Mem_Read
                0x0800c070      0x234 ./Drivers/STM32H7xx_HAL_Driver/Src/stm32h7xx_hal_i2c.o
                0x0800c070                HAL_I2C_Mem_Read
 .text.HAL_I2C_GetState
                0x0800c2a4       0x1c ./Drivers/STM32H7xx_HAL_Driver/Src/stm32h7xx_hal_i2c.o
                0x0800c2a4                HAL_I2C_GetState
 .text.HAL_I2C_GetError
                0x0800c2c0       0x18 ./Drivers/STM32H7xx_HAL_Driver/Src/stm32h7xx_hal_i2c.o
                0x0800c2c0                HAL_I2C_GetError
 .text.I2C_RequestMemoryWrite
                0x0800c2d8       0xa8 ./Drivers/STM32H7xx_HAL_Driver/Src/stm32h7xx_hal_i2c.o
 .text.I2C_RequestMemoryRead
                0x0800c380       0xa8 ./Drivers/STM32H7xx_HAL_Driver/Src/stm32h7xx_hal_i2c.o
 .text.I2C_Flush_TXDR
                0x0800c428       0x48 ./Drivers/STM32H7xx_HAL_Driver/Src/stm32h7xx_hal_i2c.o
 .text.I2C_WaitOnFlagUntilTimeout
                0x0800c470       0xb2 ./Drivers/STM32H7xx_HAL_Driver/Src/stm32h7xx_hal_i2c.o
 .text.I2C_WaitOnTXISFlagUntilTimeout
                0x0800c522       0x8e ./Drivers/STM32H7xx_HAL_Driver/Src/stm32h7xx_hal_i2c.o
 .text.I2C_WaitOnSTOPFlagUntilTimeout
                0x0800c5b0       0x86 ./Drivers/STM32H7xx_HAL_Driver/Src/stm32h7xx_hal_i2c.o
 *fill*         0x0800c636        0x2 
 .text.I2C_IsErrorOccurred
                0x0800c638      0x1c0 ./Drivers/STM32H7xx_HAL_Driver/Src/stm32h7xx_hal_i2c.o
 .text.I2C_TransferConfig
                0x0800c7f8       0x64 ./Drivers/STM32H7xx_HAL_Driver/Src/stm32h7xx_hal_i2c.o
 .text.HAL_I2CEx_ConfigAnalogFilter
                0x0800c85c       0x96 ./Drivers/STM32H7xx_HAL_Driver/Src/stm32h7xx_hal_i2c_ex.o
                0x0800c85c                HAL_I2CEx_ConfigAnalogFilter
 .text.HAL_I2CEx_ConfigDigitalFilter
                0x0800c8f2       0x98 ./Drivers/STM32H7xx_HAL_Driver/Src/stm32h7xx_hal_i2c_ex.o
                0x0800c8f2                HAL_I2CEx_ConfigDigitalFilter
 .text.HAL_LTDC_Init
                0x0800c98a      0x13a ./Drivers/STM32H7xx_HAL_Driver/Src/stm32h7xx_hal_ltdc.o
                0x0800c98a                HAL_LTDC_Init
 .text.HAL_LTDC_MspInit
                0x0800cac4       0x14 ./Drivers/STM32H7xx_HAL_Driver/Src/stm32h7xx_hal_ltdc.o
                0x0800cac4                HAL_LTDC_MspInit
 .text.HAL_LTDC_ConfigLayer
                0x0800cad8       0x7c ./Drivers/STM32H7xx_HAL_Driver/Src/stm32h7xx_hal_ltdc.o
                0x0800cad8                HAL_LTDC_ConfigLayer
 .text.LTDC_SetConfig
                0x0800cb54      0x2ec ./Drivers/STM32H7xx_HAL_Driver/Src/stm32h7xx_hal_ltdc.o
 .text.HAL_MDMA_Init
                0x0800ce40       0x98 ./Drivers/STM32H7xx_HAL_Driver/Src/stm32h7xx_hal_mdma.o
                0x0800ce40                HAL_MDMA_Init
 .text.MDMA_Init
                0x0800ced8      0x130 ./Drivers/STM32H7xx_HAL_Driver/Src/stm32h7xx_hal_mdma.o
 .text.HAL_OSPI_Init
                0x0800d008      0x178 ./Drivers/STM32H7xx_HAL_Driver/Src/stm32h7xx_hal_ospi.o
                0x0800d008                HAL_OSPI_Init
 .text.HAL_OSPI_DeInit
                0x0800d180       0x4e ./Drivers/STM32H7xx_HAL_Driver/Src/stm32h7xx_hal_ospi.o
                0x0800d180                HAL_OSPI_DeInit
 .text.HAL_OSPI_HyperbusCfg
                0x0800d1ce       0x7e ./Drivers/STM32H7xx_HAL_Driver/Src/stm32h7xx_hal_ospi.o
                0x0800d1ce                HAL_OSPI_HyperbusCfg
 .text.HAL_OSPI_HyperbusCmd
                0x0800d24c       0xc2 ./Drivers/STM32H7xx_HAL_Driver/Src/stm32h7xx_hal_ospi.o
                0x0800d24c                HAL_OSPI_HyperbusCmd
 .text.HAL_OSPI_Transmit
                0x0800d30e       0xe6 ./Drivers/STM32H7xx_HAL_Driver/Src/stm32h7xx_hal_ospi.o
                0x0800d30e                HAL_OSPI_Transmit
 .text.HAL_OSPI_Receive
                0x0800d3f4      0x146 ./Drivers/STM32H7xx_HAL_Driver/Src/stm32h7xx_hal_ospi.o
                0x0800d3f4                HAL_OSPI_Receive
 *fill*         0x0800d53a        0x2 
 .text.HAL_OSPI_MemoryMapped
                0x0800d53c       0x9c ./Drivers/STM32H7xx_HAL_Driver/Src/stm32h7xx_hal_ospi.o
                0x0800d53c                HAL_OSPI_MemoryMapped
 .text.HAL_OSPI_SetTimeout
                0x0800d5d8       0x1e ./Drivers/STM32H7xx_HAL_Driver/Src/stm32h7xx_hal_ospi.o
                0x0800d5d8                HAL_OSPI_SetTimeout
 .text.OSPI_WaitFlagStateUntilTimeout
                0x0800d5f6       0x6e ./Drivers/STM32H7xx_HAL_Driver/Src/stm32h7xx_hal_ospi.o
 .text.HAL_PWREx_ConfigSupply
                0x0800d664       0xb4 ./Drivers/STM32H7xx_HAL_Driver/Src/stm32h7xx_hal_pwr_ex.o
                0x0800d664                HAL_PWREx_ConfigSupply
 .text.HAL_RCC_OscConfig
                0x0800d718      0x7b4 ./Drivers/STM32H7xx_HAL_Driver/Src/stm32h7xx_hal_rcc.o
                0x0800d718                HAL_RCC_OscConfig
 .text.HAL_RCC_ClockConfig
                0x0800decc      0x36c ./Drivers/STM32H7xx_HAL_Driver/Src/stm32h7xx_hal_rcc.o
                0x0800decc                HAL_RCC_ClockConfig
 .text.HAL_RCC_GetSysClockFreq
                0x0800e238      0x2f4 ./Drivers/STM32H7xx_HAL_Driver/Src/stm32h7xx_hal_rcc.o
                0x0800e238                HAL_RCC_GetSysClockFreq
 .text.HAL_RCC_GetHCLKFreq
                0x0800e52c       0x60 ./Drivers/STM32H7xx_HAL_Driver/Src/stm32h7xx_hal_rcc.o
                0x0800e52c                HAL_RCC_GetHCLKFreq
 .text.HAL_RCC_GetPCLK1Freq
                0x0800e58c       0x2c ./Drivers/STM32H7xx_HAL_Driver/Src/stm32h7xx_hal_rcc.o
                0x0800e58c                HAL_RCC_GetPCLK1Freq
 .text.HAL_RCC_GetPCLK2Freq
                0x0800e5b8       0x2c ./Drivers/STM32H7xx_HAL_Driver/Src/stm32h7xx_hal_rcc.o
                0x0800e5b8                HAL_RCC_GetPCLK2Freq
 .text.HAL_RCCEx_PeriphCLKConfig
                0x0800e5e4     0x1340 ./Drivers/STM32H7xx_HAL_Driver/Src/stm32h7xx_hal_rcc_ex.o
                0x0800e5e4                HAL_RCCEx_PeriphCLKConfig
 .text.HAL_RCCEx_GetPeriphCLKConfig
                0x0800f924      0x2d0 ./Drivers/STM32H7xx_HAL_Driver/Src/stm32h7xx_hal_rcc_ex.o
                0x0800f924                HAL_RCCEx_GetPeriphCLKConfig
 .text.HAL_RCCEx_GetPeriphCLKFreq
                0x0800fbf4      0x9a4 ./Drivers/STM32H7xx_HAL_Driver/Src/stm32h7xx_hal_rcc_ex.o
                0x0800fbf4                HAL_RCCEx_GetPeriphCLKFreq
 .text.HAL_RCCEx_GetD3PCLK1Freq
                0x08010598       0x2c ./Drivers/STM32H7xx_HAL_Driver/Src/stm32h7xx_hal_rcc_ex.o
                0x08010598                HAL_RCCEx_GetD3PCLK1Freq
 .text.HAL_RCCEx_GetPLL2ClockFreq
                0x080105c4      0x2a8 ./Drivers/STM32H7xx_HAL_Driver/Src/stm32h7xx_hal_rcc_ex.o
                0x080105c4                HAL_RCCEx_GetPLL2ClockFreq
 .text.HAL_RCCEx_GetPLL3ClockFreq
                0x0801086c      0x2a8 ./Drivers/STM32H7xx_HAL_Driver/Src/stm32h7xx_hal_rcc_ex.o
                0x0801086c                HAL_RCCEx_GetPLL3ClockFreq
 .text.HAL_RCCEx_GetPLL1ClockFreq
                0x08010b14      0x2a4 ./Drivers/STM32H7xx_HAL_Driver/Src/stm32h7xx_hal_rcc_ex.o
                0x08010b14                HAL_RCCEx_GetPLL1ClockFreq
 .text.RCCEx_PLL2_Config
                0x08010db8      0x164 ./Drivers/STM32H7xx_HAL_Driver/Src/stm32h7xx_hal_rcc_ex.o
 .text.RCCEx_PLL3_Config
                0x08010f1c      0x164 ./Drivers/STM32H7xx_HAL_Driver/Src/stm32h7xx_hal_rcc_ex.o
 .text.HAL_SAI_Init
                0x08011080      0x434 ./Drivers/STM32H7xx_HAL_Driver/Src/stm32h7xx_hal_sai.o
                0x08011080                HAL_SAI_Init
 .text.HAL_SAI_MspInit
                0x080114b4       0x14 ./Drivers/STM32H7xx_HAL_Driver/Src/stm32h7xx_hal_sai.o
                0x080114b4                HAL_SAI_MspInit
 .text.HAL_SAI_DMAStop
                0x080114c8       0xfc ./Drivers/STM32H7xx_HAL_Driver/Src/stm32h7xx_hal_sai.o
                0x080114c8                HAL_SAI_DMAStop
 .text.HAL_SAI_Transmit_DMA
                0x080115c4      0x16c ./Drivers/STM32H7xx_HAL_Driver/Src/stm32h7xx_hal_sai.o
                0x080115c4                HAL_SAI_Transmit_DMA
 .text.SAI_InterruptFlag
                0x08011730       0x6e ./Drivers/STM32H7xx_HAL_Driver/Src/stm32h7xx_hal_sai.o
 *fill*         0x0801179e        0x2 
 .text.SAI_Disable
                0x080117a0       0x74 ./Drivers/STM32H7xx_HAL_Driver/Src/stm32h7xx_hal_sai.o
 .text.SAI_DMATxCplt
                0x08011814       0x60 ./Drivers/STM32H7xx_HAL_Driver/Src/stm32h7xx_hal_sai.o
 .text.SAI_DMATxHalfCplt
                0x08011874       0x1c ./Drivers/STM32H7xx_HAL_Driver/Src/stm32h7xx_hal_sai.o
 .text.SAI_DMAError
                0x08011890       0x5e ./Drivers/STM32H7xx_HAL_Driver/Src/stm32h7xx_hal_sai.o
 *fill*         0x080118ee        0x2 
 .text.D16_GENERIC
                0x080118f0      0x110 C:\Users\Admin\GitHub\Microcontroller2\PlsWork\Drivers\Middleware\Lib\libPDMFilter_CM7_GCC_wc32.a(pdm_filter.o)
 .text.D24_GENERIC
                0x08011a00      0x178 C:\Users\Admin\GitHub\Microcontroller2\PlsWork\Drivers\Middleware\Lib\libPDMFilter_CM7_GCC_wc32.a(pdm_filter.o)
 .text.D32_GENERIC
                0x08011b78      0x188 C:\Users\Admin\GitHub\Microcontroller2\PlsWork\Drivers\Middleware\Lib\libPDMFilter_CM7_GCC_wc32.a(pdm_filter.o)
 .text.D48_GENERIC
                0x08011d00      0x1e4 C:\Users\Admin\GitHub\Microcontroller2\PlsWork\Drivers\Middleware\Lib\libPDMFilter_CM7_GCC_wc32.a(pdm_filter.o)
 .text.D64_GENERIC
                0x08011ee4      0x238 C:\Users\Admin\GitHub\Microcontroller2\PlsWork\Drivers\Middleware\Lib\libPDMFilter_CM7_GCC_wc32.a(pdm_filter.o)
 .text.D80_GENERIC
                0x0801211c      0x298 C:\Users\Admin\GitHub\Microcontroller2\PlsWork\Drivers\Middleware\Lib\libPDMFilter_CM7_GCC_wc32.a(pdm_filter.o)
 .text.D128_GENERIC
                0x080123b4      0x3b8 C:\Users\Admin\GitHub\Microcontroller2\PlsWork\Drivers\Middleware\Lib\libPDMFilter_CM7_GCC_wc32.a(pdm_filter.o)
 .text.D16_1CH_HTONS_VOL_HP
                0x0801276c       0xe0 C:\Users\Admin\GitHub\Microcontroller2\PlsWork\Drivers\Middleware\Lib\libPDMFilter_CM7_GCC_wc32.a(pdm_filter.o)
 .text.D24_1CH_HTONS_VOL_HP
                0x0801284c      0x13c C:\Users\Admin\GitHub\Microcontroller2\PlsWork\Drivers\Middleware\Lib\libPDMFilter_CM7_GCC_wc32.a(pdm_filter.o)
 .text.D32_1CH_HTONS_VOL_HP
                0x08012988      0x12c C:\Users\Admin\GitHub\Microcontroller2\PlsWork\Drivers\Middleware\Lib\libPDMFilter_CM7_GCC_wc32.a(pdm_filter.o)
 .text.D48_1CH_HTONS_VOL_HP
                0x08012ab4      0x16c C:\Users\Admin\GitHub\Microcontroller2\PlsWork\Drivers\Middleware\Lib\libPDMFilter_CM7_GCC_wc32.a(pdm_filter.o)
 .text.D64_1CH_HTONS_VOL_HP
                0x08012c20      0x1ac C:\Users\Admin\GitHub\Microcontroller2\PlsWork\Drivers\Middleware\Lib\libPDMFilter_CM7_GCC_wc32.a(pdm_filter.o)
 .text.D80_1CH_HTONS_VOL_HP
                0x08012dcc      0x1fc C:\Users\Admin\GitHub\Microcontroller2\PlsWork\Drivers\Middleware\Lib\libPDMFilter_CM7_GCC_wc32.a(pdm_filter.o)
 .text.D128_1CH_HTONS_VOL_HP
                0x08012fc8      0x2ec C:\Users\Admin\GitHub\Microcontroller2\PlsWork\Drivers\Middleware\Lib\libPDMFilter_CM7_GCC_wc32.a(pdm_filter.o)
 .text.PDM_Filter_Init
                0x080132b4      0x1a0 C:\Users\Admin\GitHub\Microcontroller2\PlsWork\Drivers\Middleware\Lib\libPDMFilter_CM7_GCC_wc32.a(pdm_filter.o)
                0x080132b4                PDM_Filter_Init
 .text.PDM_Filter_setConfig
                0x08013454      0x1f4 C:\Users\Admin\GitHub\Microcontroller2\PlsWork\Drivers\Middleware\Lib\libPDMFilter_CM7_GCC_wc32.a(pdm_filter.o)
                0x08013454                PDM_Filter_setConfig
 .text.memset   0x08013648       0x10 C:/ST/STM32CubeIDE_1.18.1/STM32CubeIDE/plugins/com.st.stm32cube.ide.mcu.externaltools.gnu-tools-for-stm32.13.3.rel1.win32_1.0.0.202411081344/tools/bin/../lib/gcc/arm-none-eabi/13.3.1/../../../../arm-none-eabi/lib/thumb/v7e-m+dp/hard\libc_nano.a(libc_a-memset.o)
                0x08013648                memset
 .text.__errno  0x08013658        0xc C:/ST/STM32CubeIDE_1.18.1/STM32CubeIDE/plugins/com.st.stm32cube.ide.mcu.externaltools.gnu-tools-for-stm32.13.3.rel1.win32_1.0.0.202411081344/tools/bin/../lib/gcc/arm-none-eabi/13.3.1/../../../../arm-none-eabi/lib/thumb/v7e-m+dp/hard\libc_nano.a(libc_a-errno.o)
                0x08013658                __errno
 .text.__libc_init_array
                0x08013664       0x48 C:/ST/STM32CubeIDE_1.18.1/STM32CubeIDE/plugins/com.st.stm32cube.ide.mcu.externaltools.gnu-tools-for-stm32.13.3.rel1.win32_1.0.0.202411081344/tools/bin/../lib/gcc/arm-none-eabi/13.3.1/../../../../arm-none-eabi/lib/thumb/v7e-m+dp/hard\libc_nano.a(libc_a-init.o)
                0x08013664                __libc_init_array
 .text.checkint
                0x080136ac       0x2e C:/ST/STM32CubeIDE_1.18.1/STM32CubeIDE/plugins/com.st.stm32cube.ide.mcu.externaltools.gnu-tools-for-stm32.13.3.rel1.win32_1.0.0.202411081344/tools/bin/../lib/gcc/arm-none-eabi/13.3.1/../../../../arm-none-eabi/lib/thumb/v7e-m+dp/hard\libm.a(libm_a-sf_pow.o)
 *fill*         0x080136da        0x6 
 .text.powf     0x080136e0      0x2c0 C:/ST/STM32CubeIDE_1.18.1/STM32CubeIDE/plugins/com.st.stm32cube.ide.mcu.externaltools.gnu-tools-for-stm32.13.3.rel1.win32_1.0.0.202411081344/tools/bin/../lib/gcc/arm-none-eabi/13.3.1/../../../../arm-none-eabi/lib/thumb/v7e-m+dp/hard\libm.a(libm_a-sf_pow.o)
                0x080136e0                powf
 .text.with_errnof
                0x080139a0       0x1c C:/ST/STM32CubeIDE_1.18.1/STM32CubeIDE/plugins/com.st.stm32cube.ide.mcu.externaltools.gnu-tools-for-stm32.13.3.rel1.win32_1.0.0.202411081344/tools/bin/../lib/gcc/arm-none-eabi/13.3.1/../../../../arm-none-eabi/lib/thumb/v7e-m+dp/hard\libm.a(libm_a-math_errf.o)
 .text.xflowf   0x080139bc       0x16 C:/ST/STM32CubeIDE_1.18.1/STM32CubeIDE/plugins/com.st.stm32cube.ide.mcu.externaltools.gnu-tools-for-stm32.13.3.rel1.win32_1.0.0.202411081344/tools/bin/../lib/gcc/arm-none-eabi/13.3.1/../../../../arm-none-eabi/lib/thumb/v7e-m+dp/hard\libm.a(libm_a-math_errf.o)
 *fill*         0x080139d2        0x2 
 .text.__math_uflowf
                0x080139d4        0xc C:/ST/STM32CubeIDE_1.18.1/STM32CubeIDE/plugins/com.st.stm32cube.ide.mcu.externaltools.gnu-tools-for-stm32.13.3.rel1.win32_1.0.0.202411081344/tools/bin/../lib/gcc/arm-none-eabi/13.3.1/../../../../arm-none-eabi/lib/thumb/v7e-m+dp/hard\libm.a(libm_a-math_errf.o)
                0x080139d4                __math_uflowf
 .text.__math_may_uflowf
                0x080139e0        0xc C:/ST/STM32CubeIDE_1.18.1/STM32CubeIDE/plugins/com.st.stm32cube.ide.mcu.externaltools.gnu-tools-for-stm32.13.3.rel1.win32_1.0.0.202411081344/tools/bin/../lib/gcc/arm-none-eabi/13.3.1/../../../../arm-none-eabi/lib/thumb/v7e-m+dp/hard\libm.a(libm_a-math_errf.o)
                0x080139e0                __math_may_uflowf
 .text.__math_oflowf
                0x080139ec        0xc C:/ST/STM32CubeIDE_1.18.1/STM32CubeIDE/plugins/com.st.stm32cube.ide.mcu.externaltools.gnu-tools-for-stm32.13.3.rel1.win32_1.0.0.202411081344/tools/bin/../lib/gcc/arm-none-eabi/13.3.1/../../../../arm-none-eabi/lib/thumb/v7e-m+dp/hard\libm.a(libm_a-math_errf.o)
                0x080139ec                __math_oflowf
 .text.__math_divzerof
                0x080139f8       0x24 C:/ST/STM32CubeIDE_1.18.1/STM32CubeIDE/plugins/com.st.stm32cube.ide.mcu.externaltools.gnu-tools-for-stm32.13.3.rel1.win32_1.0.0.202411081344/tools/bin/../lib/gcc/arm-none-eabi/13.3.1/../../../../arm-none-eabi/lib/thumb/v7e-m+dp/hard\libm.a(libm_a-math_errf.o)
                0x080139f8                __math_divzerof
 .text.__math_invalidf
                0x08013a1c       0x1e C:/ST/STM32CubeIDE_1.18.1/STM32CubeIDE/plugins/com.st.stm32cube.ide.mcu.externaltools.gnu-tools-for-stm32.13.3.rel1.win32_1.0.0.202411081344/tools/bin/../lib/gcc/arm-none-eabi/13.3.1/../../../../arm-none-eabi/lib/thumb/v7e-m+dp/hard\libm.a(libm_a-math_errf.o)
                0x08013a1c                __math_invalidf
 *(.glue_7)
 .glue_7        0x08013a3a        0x0 linker stubs
 *(.glue_7t)
 .glue_7t       0x08013a3a        0x0 linker stubs
 *(.eh_frame)
 *fill*         0x08013a3a        0x2 
 .eh_frame      0x08013a3c        0x0 C:/ST/STM32CubeIDE_1.18.1/STM32CubeIDE/plugins/com.st.stm32cube.ide.mcu.externaltools.gnu-tools-for-stm32.13.3.rel1.win32_1.0.0.202411081344/tools/bin/../lib/gcc/arm-none-eabi/13.3.1/thumb/v7e-m+dp/hard/crtbegin.o
 *(.init)
 .init          0x08013a3c        0x4 C:/ST/STM32CubeIDE_1.18.1/STM32CubeIDE/plugins/com.st.stm32cube.ide.mcu.externaltools.gnu-tools-for-stm32.13.3.rel1.win32_1.0.0.202411081344/tools/bin/../lib/gcc/arm-none-eabi/13.3.1/thumb/v7e-m+dp/hard/crti.o
                0x08013a3c                _init
 .init          0x08013a40        0x8 C:/ST/STM32CubeIDE_1.18.1/STM32CubeIDE/plugins/com.st.stm32cube.ide.mcu.externaltools.gnu-tools-for-stm32.13.3.rel1.win32_1.0.0.202411081344/tools/bin/../lib/gcc/arm-none-eabi/13.3.1/thumb/v7e-m+dp/hard/crtn.o
 *(.fini)
 .fini          0x08013a48        0x4 C:/ST/STM32CubeIDE_1.18.1/STM32CubeIDE/plugins/com.st.stm32cube.ide.mcu.externaltools.gnu-tools-for-stm32.13.3.rel1.win32_1.0.0.202411081344/tools/bin/../lib/gcc/arm-none-eabi/13.3.1/thumb/v7e-m+dp/hard/crti.o
                0x08013a48                _fini
 .fini          0x08013a4c        0x8 C:/ST/STM32CubeIDE_1.18.1/STM32CubeIDE/plugins/com.st.stm32cube.ide.mcu.externaltools.gnu-tools-for-stm32.13.3.rel1.win32_1.0.0.202411081344/tools/bin/../lib/gcc/arm-none-eabi/13.3.1/thumb/v7e-m+dp/hard/crtn.o
                0x08013a54                        . = ALIGN (0x4)
                0x08013a54                        _etext = .

.vfp11_veneer   0x08013a54        0x0
 .vfp11_veneer  0x08013a54        0x0 linker stubs

.v4_bx          0x08013a54        0x0
 .v4_bx         0x08013a54        0x0 linker stubs

.iplt           0x08013a54        0x0
 .iplt          0x08013a54        0x0 C:/ST/STM32CubeIDE_1.18.1/STM32CubeIDE/plugins/com.st.stm32cube.ide.mcu.externaltools.gnu-tools-for-stm32.13.3.rel1.win32_1.0.0.202411081344/tools/bin/../lib/gcc/arm-none-eabi/13.3.1/thumb/v7e-m+dp/hard/crtbegin.o

.rodata         0x08013a58     0x2338
                0x08013a58                        . = ALIGN (0x4)
 *(.rodata)
 .rodata        0x08013a58       0x44 ./Core/Src/state.o
 .rodata        0x08013a9c       0x78 ./Drivers/BSP/stm32h735g_discovery_audio.o
 .rodata        0x08013b14       0x38 C:\Users\Admin\GitHub\Microcontroller2\PlsWork\Drivers\Middleware\Lib\libPDMFilter_CM7_GCC_wc32.a(pdm_filter.o)
 *(.rodata*)
 .rodata.D1CorePrescTable
                0x08013b4c       0x10 ./Core/Src/system_stm32h7xx.o
                0x08013b4c                D1CorePrescTable
 .rodata.LED_PIN
                0x08013b5c        0x8 ./Drivers/BSP/stm32h735g_discovery.o
 .rodata.BUTTON_EXTI_LINE.2
                0x08013b64        0x4 ./Drivers/BSP/stm32h735g_discovery.o
 .rodata.I2C_Charac
                0x08013b68       0x84 ./Drivers/BSP/stm32h735g_discovery_bus.o
 .rodata.Font12_Table
                0x08013bec      0x474 ./Drivers/Fonts/font12.o
                0x08013bec                Font12_Table
 .rodata.Font24_Table
                0x08014060     0x1ab8 ./Drivers/Fonts/font24.o
                0x08014060                Font24_Table
 .rodata.flagBitshiftOffset.0
                0x08015b18        0x8 ./Drivers/STM32H7xx_HAL_Driver/Src/stm32h7xx_hal_dma.o
 .rodata.__exp2f_data
                0x08015b20      0x148 C:/ST/STM32CubeIDE_1.18.1/STM32CubeIDE/plugins/com.st.stm32cube.ide.mcu.externaltools.gnu-tools-for-stm32.13.3.rel1.win32_1.0.0.202411081344/tools/bin/../lib/gcc/arm-none-eabi/13.3.1/../../../../arm-none-eabi/lib/thumb/v7e-m+dp/hard\libm.a(libm_a-sf_exp2_data.o)
                0x08015b20                __exp2f_data
 .rodata.__powf_log2_data
                0x08015c68      0x128 C:/ST/STM32CubeIDE_1.18.1/STM32CubeIDE/plugins/com.st.stm32cube.ide.mcu.externaltools.gnu-tools-for-stm32.13.3.rel1.win32_1.0.0.202411081344/tools/bin/../lib/gcc/arm-none-eabi/13.3.1/../../../../arm-none-eabi/lib/thumb/v7e-m+dp/hard\libm.a(libm_a-sf_pow_log2_data.o)
                0x08015c68                __powf_log2_data
                0x08015d90                        . = ALIGN (0x4)

.ARM.extab
 *(.ARM.extab* .gnu.linkonce.armextab.*)

.ARM            0x08015d90        0x0
                0x08015d90                        __exidx_start = .
 *(.ARM.exidx*)
                0x08015d90                        __exidx_end = .

.preinit_array  0x08015d90        0x0
                0x08015d90                        PROVIDE (__preinit_array_start = .)
 *(.preinit_array*)
                0x08015d90                        PROVIDE (__preinit_array_end = .)

.init_array     0x08015d90        0x4
                0x08015d90                        PROVIDE (__init_array_start = .)
 *(SORT_BY_NAME(.init_array.*))
 *(.init_array*)
 .init_array    0x08015d90        0x4 C:/ST/STM32CubeIDE_1.18.1/STM32CubeIDE/plugins/com.st.stm32cube.ide.mcu.externaltools.gnu-tools-for-stm32.13.3.rel1.win32_1.0.0.202411081344/tools/bin/../lib/gcc/arm-none-eabi/13.3.1/thumb/v7e-m+dp/hard/crtbegin.o
                0x08015d94                        PROVIDE (__init_array_end = .)

.fini_array     0x08015d94        0x4
                [!provide]                        PROVIDE (__fini_array_start = .)
 *(SORT_BY_NAME(.fini_array.*))
 *(.fini_array*)
 .fini_array    0x08015d94        0x4 C:/ST/STM32CubeIDE_1.18.1/STM32CubeIDE/plugins/com.st.stm32cube.ide.mcu.externaltools.gnu-tools-for-stm32.13.3.rel1.win32_1.0.0.202411081344/tools/bin/../lib/gcc/arm-none-eabi/13.3.1/thumb/v7e-m+dp/hard/crtbegin.o
                [!provide]                        PROVIDE (__fini_array_end = .)
                0x08015d98                        _sidata = LOADADDR (.data)

.rel.dyn        0x08015d98        0x0
 .rel.iplt      0x08015d98        0x0 C:/ST/STM32CubeIDE_1.18.1/STM32CubeIDE/plugins/com.st.stm32cube.ide.mcu.externaltools.gnu-tools-for-stm32.13.3.rel1.win32_1.0.0.202411081344/tools/bin/../lib/gcc/arm-none-eabi/13.3.1/thumb/v7e-m+dp/hard/crtbegin.o

.data           0x24000000      0x53c load address 0x08015d98
                0x24000000                        . = ALIGN (0x4)
                0x24000000                        _sdata = .
 *(.data)
 .data          0x24000000      0x400 C:\Users\Admin\GitHub\Microcontroller2\PlsWork\Drivers\Middleware\Lib\libPDMFilter_CM7_GCC_wc32.a(pdm_filter.o)
 *(.data*)
 .data.AudioBuffer
                0x24000400        0x4 ./Core/Src/sound.o
                0x24000400                AudioBuffer
 .data.SystemCoreClock
                0x24000404        0x4 ./Core/Src/system_stm32h7xx.o
                0x24000404                SystemCoreClock
 .data.SystemD2Clock
                0x24000408        0x4 ./Core/Src/system_stm32h7xx.o
                0x24000408                SystemD2Clock
 .data.FT5336_TS_Driver
                0x2400040c       0x30 ./Drivers/BSP/Components/ft5336/ft5336.o
                0x2400040c                FT5336_TS_Driver
 .data.GT911_TS_Driver
                0x2400043c       0x30 ./Drivers/BSP/Components/gt911/gt911.o
                0x2400043c                GT911_TS_Driver
 .data.WM8994_Driver
                0x2400046c       0x48 ./Drivers/BSP/Components/wm8994/wm8994.o
                0x2400046c                WM8994_Driver
 .data.ColdStartup.0
                0x240004b4        0x1 ./Drivers/BSP/Components/wm8994/wm8994.o
 *fill*         0x240004b5        0x3 
 .data.LED_PORT
                0x240004b8        0x8 ./Drivers/BSP/stm32h735g_discovery.o
 .data.BUTTON_PORT
                0x240004c0        0x4 ./Drivers/BSP/stm32h735g_discovery.o
 .data.ButtonCallback.1
                0x240004c4        0x4 ./Drivers/BSP/stm32h735g_discovery.o
 .data.BSP_BUTTON_PRIO.0
                0x240004c8        0x4 ./Drivers/BSP/stm32h735g_discovery.o
 .data.Ospi_Ram_Ctx
                0x240004cc        0x8 ./Drivers/BSP/stm32h735g_discovery_ospi.o
                0x240004cc                Ospi_Ram_Ctx
 .data.Font12   0x240004d4        0x8 ./Drivers/Fonts/font12.o
                0x240004d4                Font12
 .data.Font24   0x240004dc        0x8 ./Drivers/Fonts/font24.o
                0x240004dc                Font24
 .data.uwTickPrio
                0x240004e4        0x4 ./Drivers/STM32H7xx_HAL_Driver/Src/stm32h7xx_hal.o
                0x240004e4                uwTickPrio
 .data.uwTickFreq
                0x240004e8        0x1 ./Drivers/STM32H7xx_HAL_Driver/Src/stm32h7xx_hal.o
                0x240004e8                uwTickFreq
 *fill*         0x240004e9        0x3 
 .data._impure_ptr
                0x240004ec        0x4 C:/ST/STM32CubeIDE_1.18.1/STM32CubeIDE/plugins/com.st.stm32cube.ide.mcu.externaltools.gnu-tools-for-stm32.13.3.rel1.win32_1.0.0.202411081344/tools/bin/../lib/gcc/arm-none-eabi/13.3.1/../../../../arm-none-eabi/lib/thumb/v7e-m+dp/hard\libc_nano.a(libc_a-impure.o)
                0x240004ec                _impure_ptr
 .data._impure_data
                0x240004f0       0x4c C:/ST/STM32CubeIDE_1.18.1/STM32CubeIDE/plugins/com.st.stm32cube.ide.mcu.externaltools.gnu-tools-for-stm32.13.3.rel1.win32_1.0.0.202411081344/tools/bin/../lib/gcc/arm-none-eabi/13.3.1/../../../../arm-none-eabi/lib/thumb/v7e-m+dp/hard\libc_nano.a(libc_a-impure.o)
                0x240004f0                _impure_data
 *(.RamFunc)
 *(.RamFunc*)
                0x2400053c                        . = ALIGN (0x4)
                0x2400053c                        _edata = .

.igot.plt       0x2400053c        0x0 load address 0x080162d4
 .igot.plt      0x2400053c        0x0 C:/ST/STM32CubeIDE_1.18.1/STM32CubeIDE/plugins/com.st.stm32cube.ide.mcu.externaltools.gnu-tools-for-stm32.13.3.rel1.win32_1.0.0.202411081344/tools/bin/../lib/gcc/arm-none-eabi/13.3.1/thumb/v7e-m+dp/hard/crtbegin.o
                0x2400053c                        . = ALIGN (0x4)

.bss            0x2400053c     0x1720 load address 0x080162d4
                0x2400053c                        _sbss = .
                0x2400053c                        __bss_start__ = _sbss
 *(.bss)
 .bss           0x2400053c       0x1c C:/ST/STM32CubeIDE_1.18.1/STM32CubeIDE/plugins/com.st.stm32cube.ide.mcu.externaltools.gnu-tools-for-stm32.13.3.rel1.win32_1.0.0.202411081344/tools/bin/../lib/gcc/arm-none-eabi/13.3.1/thumb/v7e-m+dp/hard/crtbegin.o
 .bss           0x24000558        0x1 C:\Users\Admin\GitHub\Microcontroller2\PlsWork\Drivers\Middleware\Lib\libPDMFilter_CM7_GCC_wc32.a(pdm_filter.o)
 *(.bss*)
 *fill*         0x24000559        0x3 
 .bss.AppContext
                0x2400055c       0x18 ./Core/Src/main.o
                0x2400055c                AppContext
 .bss.hospi1    0x24000574       0x5c ./Core/Src/octospi.o
                0x24000574                hospi1
 .bss.hpb_exti  0x240005d0        0x8 ./Drivers/BSP/stm32h735g_discovery.o
                0x240005d0                hpb_exti
 .bss.Audio_CompObj
                0x240005d8        0x4 ./Drivers/BSP/stm32h735g_discovery_audio.o
                0x240005d8                Audio_CompObj
 .bss.haudio_out_sai
                0x240005dc       0x98 ./Drivers/BSP/stm32h735g_discovery_audio.o
                0x240005dc                haudio_out_sai
 .bss.Audio_Out_Ctx
                0x24000674       0x24 ./Drivers/BSP/stm32h735g_discovery_audio.o
                0x24000674                Audio_Out_Ctx
 .bss.haudio_in_dfsdm_filter
                0x24000698      0x150 ./Drivers/BSP/stm32h735g_discovery_audio.o
                0x24000698                haudio_in_dfsdm_filter
 .bss.haudio_in_dfsdm_channel
                0x240007e8       0xe0 ./Drivers/BSP/stm32h735g_discovery_audio.o
                0x240007e8                haudio_in_dfsdm_channel
 .bss.haudio_in_sai
                0x240008c8      0x130 ./Drivers/BSP/stm32h735g_discovery_audio.o
                0x240008c8                haudio_in_sai
 .bss.Audio_In_Ctx
                0x240009f8       0x90 ./Drivers/BSP/stm32h735g_discovery_audio.o
                0x240009f8                Audio_In_Ctx
 .bss.Audio_Drv
                0x24000a88        0x4 ./Drivers/BSP/stm32h735g_discovery_audio.o
 .bss.hDmaDfsdm
                0x24000a8c      0x1e0 ./Drivers/BSP/stm32h735g_discovery_audio.o
 .bss.PDM_FilterHandler
                0x24000c6c       0x98 ./Drivers/BSP/stm32h735g_discovery_audio.o
 .bss.PDM_FilterConfig
                0x24000d04        0xc ./Drivers/BSP/stm32h735g_discovery_audio.o
 .bss.WM8994Obj.4
                0x24000d10       0x28 ./Drivers/BSP/stm32h735g_discovery_audio.o
 .bss.hdma_sai_tx.3
                0x24000d38       0x78 ./Drivers/BSP/stm32h735g_discovery_audio.o
 .bss.hdma_sai_rx.2
                0x24000db0       0x78 ./Drivers/BSP/stm32h735g_discovery_audio.o
 .bss.hbus_i2c4
                0x24000e28       0x54 ./Drivers/BSP/stm32h735g_discovery_bus.o
                0x24000e28                hbus_i2c4
 .bss.I2c4InitCounter
                0x24000e7c        0x4 ./Drivers/BSP/stm32h735g_discovery_bus.o
 .bss.I2c_valid_timing
                0x24000e80      0xa00 ./Drivers/BSP/stm32h735g_discovery_bus.o
 .bss.I2c_valid_timing_nbr
                0x24001880        0x4 ./Drivers/BSP/stm32h735g_discovery_bus.o
 .bss.PixelFormatFactor
                0x24001884        0x4 ./Drivers/BSP/stm32h735g_discovery_lcd.o
 .bss.hlcd_dma2d
                0x24001888       0x68 ./Drivers/BSP/stm32h735g_discovery_lcd.o
                0x24001888                hlcd_dma2d
 .bss.hlcd_ltdc
                0x240018f0       0xa8 ./Drivers/BSP/stm32h735g_discovery_lcd.o
                0x240018f0                hlcd_ltdc
 .bss.Lcd_Ctx   0x24001998       0x18 ./Drivers/BSP/stm32h735g_discovery_lcd.o
                0x24001998                Lcd_Ctx
 .bss.hospi_ram
                0x240019b0       0x5c ./Drivers/BSP/stm32h735g_discovery_ospi.o
                0x240019b0                hospi_ram
 .bss.mdma_handle.1
                0x24001a0c       0x6c ./Drivers/BSP/stm32h735g_discovery_ospi.o
 .bss.Ts_Drv    0x24001a78        0x4 ./Drivers/BSP/stm32h735g_discovery_ts.o
 .bss.Ts_CompObj
                0x24001a7c        0x4 ./Drivers/BSP/stm32h735g_discovery_ts.o
                0x24001a7c                Ts_CompObj
 .bss.Ts_Ctx    0x24001a80       0x28 ./Drivers/BSP/stm32h735g_discovery_ts.o
                0x24001a80                Ts_Ctx
 .bss.Ts_Driver_Type
                0x24001aa8        0x1 ./Drivers/BSP/stm32h735g_discovery_ts.o
                0x24001aa8                Ts_Driver_Type
 *fill*         0x24001aa9        0x3 
 .bss.GT911Obj.1
                0x24001aac       0x28 ./Drivers/BSP/stm32h735g_discovery_ts.o
 .bss.FT5336Obj.0
                0x24001ad4       0x28 ./Drivers/BSP/stm32h735g_discovery_ts.o
 .bss.uwTick    0x24001afc        0x4 ./Drivers/STM32H7xx_HAL_Driver/Src/stm32h7xx_hal.o
                0x24001afc                uwTick
 .bss.v_dfsdm1ChannelCounter
                0x24001b00        0x4 ./Drivers/STM32H7xx_HAL_Driver/Src/stm32h7xx_hal_dfsdm.o
 .bss.a_dfsdm1ChannelHandle
                0x24001b04       0x20 ./Drivers/STM32H7xx_HAL_Driver/Src/stm32h7xx_hal_dfsdm.o
 .bss.__sf      0x24001b24      0x138 C:/ST/STM32CubeIDE_1.18.1/STM32CubeIDE/plugins/com.st.stm32cube.ide.mcu.externaltools.gnu-tools-for-stm32.13.3.rel1.win32_1.0.0.202411081344/tools/bin/../lib/gcc/arm-none-eabi/13.3.1/../../../../arm-none-eabi/lib/thumb/v7e-m+dp/hard\libc_nano.a(libc_a-findfp.o)
                0x24001b24                __sf
 *(COMMON)
                0x24001c5c                        . = ALIGN (0x4)
                0x24001c5c                        _ebss = .
                0x24001c5c                        __bss_end__ = _ebss

._user_heap_stack
                0x24001c5c      0x604 load address 0x080162d4
                0x24001c60                        . = ALIGN (0x8)
 *fill*         0x24001c5c        0x4 
                [!provide]                        PROVIDE (end = .)
                0x24001c60                        PROVIDE (_end = .)
                0x24001e60                        . = (. + _Min_Heap_Size)
 *fill*         0x24001c60      0x200 
                0x24002260                        . = (. + _Min_Stack_Size)
 *fill*         0x24001e60      0x400 
                0x24002260                        . = ALIGN (0x8)

/DISCARD/
 libc.a(*)
 libm.a(*)
 libgcc.a(*)

.ARM.attributes
                0x00000000       0x2e
 *(.ARM.attributes)
 .ARM.attributes
                0x00000000       0x20 C:/ST/STM32CubeIDE_1.18.1/STM32CubeIDE/plugins/com.st.stm32cube.ide.mcu.externaltools.gnu-tools-for-stm32.13.3.rel1.win32_1.0.0.202411081344/tools/bin/../lib/gcc/arm-none-eabi/13.3.1/thumb/v7e-m+dp/hard/crti.o
 .ARM.attributes
                0x00000020       0x32 C:/ST/STM32CubeIDE_1.18.1/STM32CubeIDE/plugins/com.st.stm32cube.ide.mcu.externaltools.gnu-tools-for-stm32.13.3.rel1.win32_1.0.0.202411081344/tools/bin/../lib/gcc/arm-none-eabi/13.3.1/thumb/v7e-m+dp/hard/crtbegin.o
 .ARM.attributes
                0x00000052       0x32 ./Core/Src/display.o
 .ARM.attributes
                0x00000084       0x32 ./Core/Src/gpio.o
 .ARM.attributes
                0x000000b6       0x32 ./Core/Src/main.o
 .ARM.attributes
                0x000000e8       0x32 ./Core/Src/octospi.o
 .ARM.attributes
                0x0000011a       0x32 ./Core/Src/sound.o
 .ARM.attributes
                0x0000014c       0x32 ./Core/Src/state.o
 .ARM.attributes
                0x0000017e       0x32 ./Core/Src/stm32h7xx_hal_msp.o
 .ARM.attributes
                0x000001b0       0x32 ./Core/Src/stm32h7xx_it.o
 .ARM.attributes
                0x000001e2       0x32 ./Core/Src/system_stm32h7xx.o
 .ARM.attributes
                0x00000214       0x32 ./Core/Src/touchscreen.o
 .ARM.attributes
                0x00000246       0x21 ./Core/Startup/startup_stm32h735igkx.o
 .ARM.attributes
                0x00000267       0x32 ./Drivers/BSP/Components/ft5336/ft5336.o
 .ARM.attributes
                0x00000299       0x32 ./Drivers/BSP/Components/ft5336/ft5336_reg.o
 .ARM.attributes
                0x000002cb       0x32 ./Drivers/BSP/Components/gt911/gt911.o
 .ARM.attributes
                0x000002fd       0x32 ./Drivers/BSP/Components/gt911/gt911_reg.o
 .ARM.attributes
                0x0000032f       0x32 ./Drivers/BSP/Components/s70kl1281/s70kl1281.o
 .ARM.attributes
                0x00000361       0x32 ./Drivers/BSP/Components/wm8994/wm8994.o
 .ARM.attributes
                0x00000393       0x32 ./Drivers/BSP/Components/wm8994/wm8994_reg.o
 .ARM.attributes
                0x000003c5       0x32 ./Drivers/BSP/stm32h735g_discovery.o
 .ARM.attributes
                0x000003f7       0x32 ./Drivers/BSP/stm32h735g_discovery_audio.o
 .ARM.attributes
                0x00000429       0x32 ./Drivers/BSP/stm32h735g_discovery_bus.o
 .ARM.attributes
                0x0000045b       0x32 ./Drivers/BSP/stm32h735g_discovery_lcd.o
 .ARM.attributes
                0x0000048d       0x32 ./Drivers/BSP/stm32h735g_discovery_ospi.o
 .ARM.attributes
                0x000004bf       0x32 ./Drivers/BSP/stm32h735g_discovery_ts.o
 .ARM.attributes
                0x000004f1       0x32 ./Drivers/Fonts/font12.o
 .ARM.attributes
                0x00000523       0x32 ./Drivers/Fonts/font24.o
 .ARM.attributes
                0x00000555       0x32 ./Drivers/STM32H7xx_HAL_Driver/Src/stm32h7xx_hal.o
 .ARM.attributes
                0x00000587       0x32 ./Drivers/STM32H7xx_HAL_Driver/Src/stm32h7xx_hal_cortex.o
 .ARM.attributes
                0x000005b9       0x32 ./Drivers/STM32H7xx_HAL_Driver/Src/stm32h7xx_hal_dfsdm.o
 .ARM.attributes
                0x000005eb       0x32 ./Drivers/STM32H7xx_HAL_Driver/Src/stm32h7xx_hal_dma.o
 .ARM.attributes
                0x0000061d       0x32 ./Drivers/STM32H7xx_HAL_Driver/Src/stm32h7xx_hal_dma2d.o
 .ARM.attributes
                0x0000064f       0x32 ./Drivers/STM32H7xx_HAL_Driver/Src/stm32h7xx_hal_exti.o
 .ARM.attributes
                0x00000681       0x32 ./Drivers/STM32H7xx_HAL_Driver/Src/stm32h7xx_hal_gpio.o
 .ARM.attributes
                0x000006b3       0x32 ./Drivers/STM32H7xx_HAL_Driver/Src/stm32h7xx_hal_i2c.o
 .ARM.attributes
                0x000006e5       0x32 ./Drivers/STM32H7xx_HAL_Driver/Src/stm32h7xx_hal_i2c_ex.o
 .ARM.attributes
                0x00000717       0x32 ./Drivers/STM32H7xx_HAL_Driver/Src/stm32h7xx_hal_ltdc.o
 .ARM.attributes
                0x00000749       0x32 ./Drivers/STM32H7xx_HAL_Driver/Src/stm32h7xx_hal_mdma.o
 .ARM.attributes
                0x0000077b       0x32 ./Drivers/STM32H7xx_HAL_Driver/Src/stm32h7xx_hal_ospi.o
 .ARM.attributes
                0x000007ad       0x32 ./Drivers/STM32H7xx_HAL_Driver/Src/stm32h7xx_hal_pwr_ex.o
 .ARM.attributes
                0x000007df       0x32 ./Drivers/STM32H7xx_HAL_Driver/Src/stm32h7xx_hal_rcc.o
 .ARM.attributes
                0x00000811       0x32 ./Drivers/STM32H7xx_HAL_Driver/Src/stm32h7xx_hal_rcc_ex.o
 .ARM.attributes
                0x00000843       0x32 ./Drivers/STM32H7xx_HAL_Driver/Src/stm32h7xx_hal_sai.o
 .ARM.attributes
                0x00000875       0x35 C:\Users\Admin\GitHub\Microcontroller2\PlsWork\Drivers\Middleware\Lib\libPDMFilter_CM7_GCC_wc32.a(pdm_filter.o)
 .ARM.attributes
                0x000008aa       0x32 C:/ST/STM32CubeIDE_1.18.1/STM32CubeIDE/plugins/com.st.stm32cube.ide.mcu.externaltools.gnu-tools-for-stm32.13.3.rel1.win32_1.0.0.202411081344/tools/bin/../lib/gcc/arm-none-eabi/13.3.1/../../../../arm-none-eabi/lib/thumb/v7e-m+dp/hard\libc_nano.a(libc_a-findfp.o)
 .ARM.attributes
                0x000008dc       0x32 C:/ST/STM32CubeIDE_1.18.1/STM32CubeIDE/plugins/com.st.stm32cube.ide.mcu.externaltools.gnu-tools-for-stm32.13.3.rel1.win32_1.0.0.202411081344/tools/bin/../lib/gcc/arm-none-eabi/13.3.1/../../../../arm-none-eabi/lib/thumb/v7e-m+dp/hard\libc_nano.a(libc_a-memset.o)
 .ARM.attributes
                0x0000090e       0x32 C:/ST/STM32CubeIDE_1.18.1/STM32CubeIDE/plugins/com.st.stm32cube.ide.mcu.externaltools.gnu-tools-for-stm32.13.3.rel1.win32_1.0.0.202411081344/tools/bin/../lib/gcc/arm-none-eabi/13.3.1/../../../../arm-none-eabi/lib/thumb/v7e-m+dp/hard\libc_nano.a(libc_a-impure.o)
 .ARM.attributes
                0x00000940       0x32 C:/ST/STM32CubeIDE_1.18.1/STM32CubeIDE/plugins/com.st.stm32cube.ide.mcu.externaltools.gnu-tools-for-stm32.13.3.rel1.win32_1.0.0.202411081344/tools/bin/../lib/gcc/arm-none-eabi/13.3.1/../../../../arm-none-eabi/lib/thumb/v7e-m+dp/hard\libc_nano.a(libc_a-errno.o)
 .ARM.attributes
                0x00000972       0x32 C:/ST/STM32CubeIDE_1.18.1/STM32CubeIDE/plugins/com.st.stm32cube.ide.mcu.externaltools.gnu-tools-for-stm32.13.3.rel1.win32_1.0.0.202411081344/tools/bin/../lib/gcc/arm-none-eabi/13.3.1/../../../../arm-none-eabi/lib/thumb/v7e-m+dp/hard\libc_nano.a(libc_a-init.o)
 .ARM.attributes
                0x000009a4       0x32 C:/ST/STM32CubeIDE_1.18.1/STM32CubeIDE/plugins/com.st.stm32cube.ide.mcu.externaltools.gnu-tools-for-stm32.13.3.rel1.win32_1.0.0.202411081344/tools/bin/../lib/gcc/arm-none-eabi/13.3.1/../../../../arm-none-eabi/lib/thumb/v7e-m+dp/hard\libm.a(libm_a-sf_pow.o)
 .ARM.attributes